Component: ARM Compiler 5.06 update 7 (build 960) Tool: armlink [4d3601]

==============================================================================

Section Cross References

    startup_sky32b750.o(RESET) refers to startup_sky32b750.o(STACK) for __initial_sp
    startup_sky32b750.o(RESET) refers to startup_sky32b750.o(.text) for Reset_Handler
    startup_sky32b750.o(RESET) refers to system_sky32b750.o(i.NMI_Handler) for NMI_Handler
    startup_sky32b750.o(RESET) refers to port.o(.emb_text) for SVC_Handler
    startup_sky32b750.o(RESET) refers to irq_handler.o(i.SysTick_Handler) for SysTick_Handler
    startup_sky32b750.o(RESET) refers to bsp_uart.o(i.USCI4_IRQHandler) for USCI4_IRQHandler
    startup_sky32b750.o(RESET) refers to irq_handler.o(i.TMRB0_IRQHandler) for TMRB0_IRQHandler
    startup_sky32b750.o(RESET) refers to hal_ospi.o(i.DMA_IRQHandler) for DMA_IRQHandler
    startup_sky32b750.o(RESET) refers to bb_config.o(i.BB_IRQHandler) for BB_IRQHandler
    startup_sky32b750.o(.text) refers to system_sky32b750.o(i.SystemInit) for SystemInit
    startup_sky32b750.o(.text) refers to entry.o(.ARM.Collect$$$$00000000) for __main
    system_sky32b750.o(i.HRC_System_Clock_Update) refers to system_sky32b750.o(.data) for hrc_clk
    system_sky32b750.o(i.HXTAL_Caliber_LRC) refers to system_sky32b750.o(i.Get_SysClk_Config) for Get_SysClk_Config
    system_sky32b750.o(i.HXTAL_Caliber_LRC) refers to system_sky32b750.o(i.Set_Flash_WS) for Set_Flash_WS
    system_sky32b750.o(i.HXTAL_Caliber_LRC) refers to system_sky32b750.o(i.Set_PLL) for Set_PLL
    system_sky32b750.o(i.HXTAL_Caliber_LRC) refers to system_sky32b750.o(i.Set_SysClk_Div) for Set_SysClk_Div
    system_sky32b750.o(i.HXTAL_Caliber_LRC) refers to wdt.o(i.WDT_Open) for WDT_Open
    system_sky32b750.o(i.HXTAL_Caliber_LRC) refers to uldiv.o(.text) for __aeabi_uldivmod
    system_sky32b750.o(i.HXTAL_Caliber_LRC) refers to system_sky32b750.o(i.Set_SysClk_Config) for Set_SysClk_Config
    system_sky32b750.o(i.HXTAL_Caliber_LRC) refers to system_sky32b750.o(.data) for lrc_clk
    system_sky32b750.o(i.LRC_Caliber_HRC) refers to system_sky32b750.o(i.Get_SysClk_Config) for Get_SysClk_Config
    system_sky32b750.o(i.LRC_Caliber_HRC) refers to system_sky32b750.o(i.Set_SysClk_Div) for Set_SysClk_Div
    system_sky32b750.o(i.LRC_Caliber_HRC) refers to wdt.o(i.WDT_Open) for WDT_Open
    system_sky32b750.o(i.LRC_Caliber_HRC) refers to uldiv.o(.text) for __aeabi_uldivmod
    system_sky32b750.o(i.LRC_Caliber_HRC) refers to system_sky32b750.o(i.Set_SysClk_Config) for Set_SysClk_Config
    system_sky32b750.o(i.LRC_Caliber_HRC) refers to system_sky32b750.o(.data) for lrc_clk
    system_sky32b750.o(i.NMI_Handler) refers to system_sky32b750.o(.data) for WKU_FLAG_sta0
    system_sky32b750.o(i.PLL_System_Clock_Update) refers to system_sky32b750.o(.data) for pll_clk
    system_sky32b750.o(i.Set_PLL) refers to system_sky32b750.o(.data) for pll_clk
    system_sky32b750.o(i.Set_SysClk_Config) refers to system_sky32b750.o(i.Set_Flash_WS) for Set_Flash_WS
    system_sky32b750.o(i.Set_SysClk_Config) refers to system_sky32b750.o(i.Set_PLL) for Set_PLL
    system_sky32b750.o(i.Set_SysClk_Config) refers to system_sky32b750.o(i.Set_CanClk_Div) for Set_CanClk_Div
    system_sky32b750.o(i.Set_SysClk_Config) refers to system_sky32b750.o(i.Set_SysClk_Div) for Set_SysClk_Div
    system_sky32b750.o(i.SystemInit) refers to system_sky32b750.o(i.FPU_Enable) for FPU_Enable
    delay.o(i.Calib_SW_ms) refers to system_sky32b750.o(.data) for hclk
    delay.o(i.HW_Delay_ms) refers to system_sky32b750.o(.data) for hclk
    delay.o(i.HW_Delay_us) refers to system_sky32b750.o(.data) for hclk
    delay.o(i.SW_Delay_ms) refers to system_sky32b750.o(.data) for ms_step
    usci.o(i.USCI_SPI_Init) refers to usci.o(i.USCI_Clear_ESR) for USCI_Clear_ESR
    usci.o(i.USCI_SPI_Init) refers to usci.o(i.USCI_Clear_ISR) for USCI_Clear_ISR
    usci.o(i.USCI_SPI_Receive) refers to usci.o(i.USCI_Clear_ESR) for USCI_Clear_ESR
    usci.o(i.USCI_SPI_Receive) refers to usci.o(i.USCI_Clear_ISR) for USCI_Clear_ISR
    usci.o(i.USCI_SPI_Slave_Receive) refers to usci.o(i.USCI_Clear_ESR) for USCI_Clear_ESR
    usci.o(i.USCI_SPI_Slave_Receive) refers to usci.o(i.USCI_Clear_ISR) for USCI_Clear_ISR
    usci.o(i.USCI_SPI_Slave_Transmit) refers to usci.o(i.USCI_Clear_ESR) for USCI_Clear_ESR
    usci.o(i.USCI_SPI_Slave_Transmit) refers to usci.o(i.USCI_Clear_ISR) for USCI_Clear_ISR
    usci.o(i.USCI_SPI_TRx) refers to usci.o(i.USCI_Clear_ESR) for USCI_Clear_ESR
    usci.o(i.USCI_SPI_TRx) refers to usci.o(i.USCI_Clear_ISR) for USCI_Clear_ISR
    usci.o(i.USCI_SPI_TRx_Ext) refers to usci.o(i.USCI_Clear_ESR) for USCI_Clear_ESR
    usci.o(i.USCI_SPI_TRx_Ext) refers to usci.o(i.USCI_Clear_ISR) for USCI_Clear_ISR
    usci.o(i.USCI_SPI_TRx_Ext) refers to system_sky32b750.o(.data) for ms_step
    usci.o(i.USCI_SPI_Transmit) refers to usci.o(i.USCI_Clear_ESR) for USCI_Clear_ESR
[...]
    i.WDT_Disable                            0x0000516c   Section        0  wdt.o(i.WDT_Disable)
    i.WDT_Enable                             0x000051a0   Section        0  wdt.o(i.WDT_Enable)
    i.WDT_RstNow                             0x000051d4   Section        0  hal_wdt.o(i.WDT_RstNow)
    i.Word2Byte                              0x000051f0   Section        0  usart_protocol.o(i.Word2Byte)
    i.__0printf$8                            0x00005200   Section        0  printf8.o(i.__0printf$8)
    i.__NVIC_EnableIRQ                       0x00005220   Section        0  timerb.o(i.__NVIC_EnableIRQ)
    __NVIC_EnableIRQ                         0x00005221   Thumb Code    34  timerb.o(i.__NVIC_EnableIRQ)
    i.__NVIC_EnableIRQ                       0x00005242   Section        0  hal_timer.o(i.__NVIC_EnableIRQ)
    __NVIC_EnableIRQ                         0x00005243   Thumb Code    34  hal_timer.o(i.__NVIC_EnableIRQ)
    i.__NVIC_GetPriorityGrouping             0x00005264   Section        0  timerb.o(i.__NVIC_GetPriorityGrouping)
    __NVIC_GetPriorityGrouping               0x00005265   Thumb Code    10  timerb.o(i.__NVIC_GetPriorityGrouping)
    i.__NVIC_SetPriority                     0x00005274   Section        0  timerb.o(i.__NVIC_SetPriority)
    __NVIC_SetPriority                       0x00005275   Thumb Code    32  timerb.o(i.__NVIC_SetPriority)
    i.__NVIC_SetPriority                     0x0000529c   Section        0  hal_timer.o(i.__NVIC_SetPriority)
    __NVIC_SetPriority                       0x0000529d   Thumb Code    32  hal_timer.o(i.__NVIC_SetPriority)
    i.__scatterload_copy                     0x000052c4   Section       14  handlers.o(i.__scatterload_copy)
    i.__scatterload_null                     0x000052d2   Section        2  handlers.o(i.__scatterload_null)
    i.__scatterload_zeroinit                 0x000052d4   Section       14  handlers.o(i.__scatterload_zeroinit)
    i._printf_core                           0x000052e4   Section        0  printf8.o(i._printf_core)
    _printf_core                             0x000052e5   Thumb Code   984  printf8.o(i._printf_core)
    i._printf_post_padding                   0x000056e8   Section        0  printf8.o(i._printf_post_padding)
    _printf_post_padding                     0x000056e9   Thumb Code    36  printf8.o(i._printf_post_padding)
    i._printf_pre_padding                    0x0000570c   Section        0  printf8.o(i._printf_pre_padding)
    _printf_pre_padding                      0x0000570d   Thumb Code    46  printf8.o(i._printf_pre_padding)
    i.algStruct_Init                         0x0000573c   Section        0  radar_config.o(i.algStruct_Init)
    i.dataprep_RegSet                        0x00005e40   Section        0  bb_config.o(i.dataprep_RegSet)
    i.fft1dCalc                              0x00005f00   Section        0  bb_algproc.o(i.fft1dCalc)
    i.fft1dMeanDivCalc                       0x00006254   Section        0  hal_bb.o(i.fft1dMeanDivCalc)
    i.fftPTcalc                              0x00006298   Section        0  hal_bb.o(i.fftPTcalc)
    i.fputc                                  0x000062f6   Section        0  bsp_uart.o(i.fputc)
    i.getPointCloud                          0x00006304   Section        0  bb_algproc.o(i.getPointCloud)
    i.log2Data                               0x0000633c   Section        0  hal_bb.o(i.log2Data)
    i.main                                   0x0000639c   Section        0  main.o(i.main)
    i.mod                                    0x000063d8   Section        0  hal_rf.o(i.mod)
    i.prvAddCurrentTaskToDelayedList         0x000063e4   Section        0  tasks.o(i.prvAddCurrentTaskToDelayedList)
    prvAddCurrentTaskToDelayedList           0x000063e5   Thumb Code   124  tasks.o(i.prvAddCurrentTaskToDelayedList)
    i.prvAddNewTaskToReadyList               0x0000647c   Section        0  tasks.o(i.prvAddNewTaskToReadyList)
    prvAddNewTaskToReadyList                 0x0000647d   Thumb Code   156  tasks.o(i.prvAddNewTaskToReadyList)
    i.prvCheckForValidListAndQueue           0x00006534   Section        0  timers.o(i.prvCheckForValidListAndQueue)
    prvCheckForValidListAndQueue             0x00006535   Thumb Code    72  timers.o(i.prvCheckForValidListAndQueue)
    i.prvCheckTasksWaitingTermination        0x00006598   Section        0  tasks.o(i.prvCheckTasksWaitingTermination)
    prvCheckTasksWaitingTermination          0x00006599   Thumb Code    86  tasks.o(i.prvCheckTasksWaitingTermination)
    i.prvCopyDataFromQueue                   0x000065fc   Section        0  queue.o(i.prvCopyDataFromQueue)
    prvCopyDataFromQueue                     0x000065fd   Thumb Code    42  queue.o(i.prvCopyDataFromQueue)
    i.prvCopyDataToQueue                     0x00006626   Section        0  queue.o(i.prvCopyDataToQueue)
    prvCopyDataToQueue                       0x00006627   Thumb Code   124  queue.o(i.prvCopyDataToQueue)
    i.prvDeleteTCB                           0x000066a2   Section        0  tasks.o(i.prvDeleteTCB)
    prvDeleteTCB                             0x000066a3   Thumb Code    18  tasks.o(i.prvDeleteTCB)
    i.prvGetNextExpireTime                   0x000066b4   Section        0  timers.o(i.prvGetNextExpireTime)
    prvGetNextExpireTime                     0x000066b5   Thumb Code    36  timers.o(i.prvGetNextExpireTime)
    i.prvHeapInit                            0x000066dc   Section        0  heap_4.o(i.prvHeapInit)
    prvHeapInit                              0x000066dd   Thumb Code    98  heap_4.o(i.prvHeapInit)
    i.prvIdleTask                            0x00006758   Section        0  tasks.o(i.prvIdleTask)
    prvIdleTask                              0x00006759   Thumb Code    36  tasks.o(i.prvIdleTask)
    i.prvInitialiseNewQueue                  0x00006784   Section        0  queue.o(i.prvInitialiseNewQueue)
    prvInitialiseNewQueue                    0x00006785   Thumb Code    46  queue.o(i.prvInitialiseNewQueue)
    i.prvInitialiseNewTask                   0x000067b2   Section        0  tasks.o(i.prvInitialiseNewTask)
    prvInitialiseNewTask                     0x000067b3   Thumb Code   146  tasks.o(i.prvInitialiseNewTask)
    i.prvInitialiseTaskLists                 0x00006844   Section        0  tasks.o(i.prvInitialiseTaskLists)
    prvInitialiseTaskLists                   0x00006845   Thumb Code    70  tasks.o(i.prvInitialiseTaskLists)
    i.prvInsertBlockIntoFreeList             0x000068ac   Section        0  heap_4.o(i.prvInsertBlockIntoFreeList)
    prvInsertBlockIntoFreeList               0x000068ad   Thumb Code    96  heap_4.o(i.prvInsertBlockIntoFreeList)
    i.prvInsertTimerInActiveList             0x00006914   Section        0  timers.o(i.prvInsertTimerInActiveList)
    prvInsertTimerInActiveList               0x00006915   Thumb Code    80  timers.o(i.prvInsertTimerInActiveList)
    i.prvIsQueueEmpty                        0x0000696c   Section        0  queue.o(i.prvIsQueueEmpty)
    prvIsQueueEmpty                          0x0000696d   Thumb Code    26  queue.o(i.prvIsQueueEmpty)
    i.prvIsQueueFull                         0x00006986   Section        0  queue.o(i.prvIsQueueFull)
    prvIsQueueFull                           0x00006987   Thumb Code    30  queue.o(i.prvIsQueueFull)
    i.prvNotifyQueueSetContainer             0x000069a4   Section        0  queue.o(i.prvNotifyQueueSetContainer)
    prvNotifyQueueSetContainer               0x000069a5   Thumb Code    82  queue.o(i.prvNotifyQueueSetContainer)
    i.prvProcessExpiredTimer                 0x000069f8   Section        0  timers.o(i.prvProcessExpiredTimer)
    prvProcessExpiredTimer                   0x000069f9   Thumb Code    70  timers.o(i.prvProcessExpiredTimer)
    i.prvProcessReceivedCommands             0x00006a44   Section        0  timers.o(i.prvProcessReceivedCommands)
    prvProcessReceivedCommands               0x00006a45   Thumb Code   202  timers.o(i.prvProcessReceivedCommands)
    i.prvProcessTimerOrBlockTask             0x00006b14   Section        0  timers.o(i.prvProcessTimerOrBlockTask)
    prvProcessTimerOrBlockTask               0x00006b15   Thumb Code   102  timers.o(i.prvProcessTimerOrBlockTask)
    i.prvResetNextTaskUnblockTime            0x00006b88   Section        0  tasks.o(i.prvResetNextTaskUnblockTime)
    prvResetNextTaskUnblockTime              0x00006b89   Thumb Code    42  tasks.o(i.prvResetNextTaskUnblockTime)
    i.prvSampleTimeNow                       0x00006bbc   Section        0  timers.o(i.prvSampleTimeNow)
    prvSampleTimeNow                         0x00006bbd   Thumb Code    40  timers.o(i.prvSampleTimeNow)
    i.prvSwitchTimerLists                    0x00006be8   Section        0  timers.o(i.prvSwitchTimerLists)
    prvSwitchTimerLists                      0x00006be9   Thumb Code   122  timers.o(i.prvSwitchTimerLists)
    i.prvTaskExitError                       0x00006c6c   Section        0  port.o(i.prvTaskExitError)
    prvTaskExitError                         0x00006c6d   Thumb Code    26  port.o(i.prvTaskExitError)
    i.prvTimerTask                           0x00006c86   Section        0  timers.o(i.prvTimerTask)
    prvTimerTask                             0x00006c87   Thumb Code    26  timers.o(i.prvTimerTask)
    i.prvUnlockQueue                         0x00006ca0   Section        0  queue.o(i.prvUnlockQueue)
    prvUnlockQueue                           0x00006ca1   Thumb Code   146  queue.o(i.prvUnlockQueue)
    i.pvPortMalloc                           0x00006d34   Section        0  heap_4.o(i.pvPortMalloc)
    i.pvTaskIncrementMutexHeldCount          0x00006e04   Section        0  tasks.o(i.pvTaskIncrementMutexHeldCount)
    i.pxPortInitialiseStack                  0x00006e24   Section        0  port.o(i.pxPortInitialiseStack)
    i.sampDataHandle                         0x00006e50   Section        0  bb_algproc.o(i.sampDataHandle)
    i.sendchar                               0x00006fdc   Section        0  bsp_uart.o(i.sendchar)
    i.start_task                             0x00006ff8   Section        0  main.o(i.start_task)
    i.test_dma_ch1_callback                  0x00007030   Section        0  hal_ospi.o(i.test_dma_ch1_callback)
    i.test_dma_ch2_callback                  0x000070c4   Section        0  hal_ospi.o(i.test_dma_ch2_callback)
    i.ulTaskNotifyTake                       0x00007160   Section        0  tasks.o(i.ulTaskNotifyTake)
    i.userTimerB0CallBackHand                0x000071d4   Section        0  main.o(i.userTimerB0CallBackHand)
    i.uxListRemove                           0x0000722c   Section        0  list.o(i.uxListRemove)
    i.vApplicationIdleHook                   0x00007254   Section        0  main.o(i.vApplicationIdleHook)
    i.vListInitialise                        0x00007260   Section        0  list.o(i.vListInitialise)
    i.vListInitialiseItem                    0x0000727a   Section        0  list.o(i.vListInitialiseItem)
    i.vListInsert                            0x00007280   Section        0  list.o(i.vListInsert)
    i.vListInsertEnd                         0x000072b4   Section        0  list.o(i.vListInsertEnd)
    i.vPortEnterCritical                     0x000072cc   Section        0  port.o(i.vPortEnterCritical)
    i.vPortExitCritical                      0x000072f4   Section        0  port.o(i.vPortExitCritical)
    i.vPortFree                              0x00007314   Section        0  heap_4.o(i.vPortFree)
    i.vPortSetupTimerInterrupt               0x0000735c   Section        0  port.o(i.vPortSetupTimerInterrupt)
    i.vQueueAddToRegistry                    0x0000737c   Section        0  queue.o(i.vQueueAddToRegistry)
    i.vQueueWaitForMessageRestricted         0x000073a8   Section        0  queue.o(i.vQueueWaitForMessageRestricted)
    i.vTaskDelay                             0x000073f4   Section        0  tasks.o(i.vTaskDelay)
    i.vTaskDelete                            0x00007428   Section        0  tasks.o(i.vTaskDelete)
    i.vTaskMissedYield                       0x000074f4   Section        0  tasks.o(i.vTaskMissedYield)
    i.vTaskNotifyGiveFromISR                 0x00007500   Section        0  tasks.o(i.vTaskNotifyGiveFromISR)
    i.vTaskPlaceOnEventList                  0x000075b8   Section        0  tasks.o(i.vTaskPlaceOnEventList)
    i.vTaskPlaceOnEventListRestricted        0x000075d8   Section        0  tasks.o(i.vTaskPlaceOnEventListRestricted)
    i.vTaskPriorityInherit                   0x00007600   Section        0  tasks.o(i.vTaskPriorityInherit)
    i.vTaskSetTimeOutState                   0x000076b0   Section        0  tasks.o(i.vTaskSetTimeOutState)
    i.vTaskStartScheduler                    0x000076c8   Section        0  tasks.o(i.vTaskStartScheduler)
    i.vTaskSuspendAll                        0x00007744   Section        0  tasks.o(i.vTaskSuspendAll)
    i.vTaskSwitchContext                     0x00007754   Section        0  tasks.o(i.vTaskSwitchContext)
    i.xPortStartScheduler                    0x000077f4   Section        0  port.o(i.xPortStartScheduler)
    i.xPortSysTickHandler                    0x0000783c   Section        0  port.o(i.xPortSysTickHandler)
    i.xQueueGenericCreate                    0x00007874   Section        0  queue.o(i.xQueueGenericCreate)
    i.xQueueGenericReceive                   0x000078ac   Section        0  queue.o(i.xQueueGenericReceive)
    i.xQueueGenericReset                     0x00007a08   Section        0  queue.o(i.xQueueGenericReset)
    i.xQueueGenericSend                      0x00007a88   Section        0  queue.o(i.xQueueGenericSend)
    i.xQueueGenericSendFromISR               0x00007bc0   Section        0  queue.o(i.xQueueGenericSendFromISR)
    i.xTaskCheckForTimeOut                   0x00007c60   Section        0  tasks.o(i.xTaskCheckForTimeOut)
    i.xTaskCreate                            0x00007cbc   Section        0  tasks.o(i.xTaskCreate)
    i.xTaskGetSchedulerState                 0x00007d1c   Section        0  tasks.o(i.xTaskGetSchedulerState)
    i.xTaskGetTickCount                      0x00007d3c   Section        0  tasks.o(i.xTaskGetTickCount)
    i.xTaskIncrementTick                     0x00007d48   Section        0  tasks.o(i.xTaskIncrementTick)
    i.xTaskPriorityDisinherit                0x00007e64   Section        0  tasks.o(i.xTaskPriorityDisinherit)
    i.xTaskRemoveFromEventList               0x00007ee8   Section        0  tasks.o(i.xTaskRemoveFromEventList)
    i.xTaskResumeAll                         0x00007f68   Section        0  tasks.o(i.xTaskResumeAll)
    i.xTimerCreateTimerTask                  0x00008050   Section        0  timers.o(i.xTimerCreateTimerTask)
    i.xTimerGenericCommand                   0x00008090   Section        0  timers.o(i.xTimerGenericCommand)
    .constdata                               0x000080fc   Section     4224  radar_config.o(.constdata)
    .conststring                             0x0000917c   Section       78  paramconfig.o(.conststring)
    .data                                    0x20000000   Section       44  system_sky32b750.o(.data)
    .data                                    0x2000002c   Section        8  efc.o(.data)
    .data                                    0x20000034   Section       68  tasks.o(.data)
    pxDelayedTaskList                        0x20000038   Data           4  tasks.o(.data)
    pxOverflowDelayedTaskList                0x2000003c   Data           4  tasks.o(.data)
    uxDeletedTasksWaitingCleanUp             0x20000040   Data           4  tasks.o(.data)
    uxCurrentNumberOfTasks                   0x20000044   Data           4  tasks.o(.data)
    xTickCount                               0x20000048   Data           4  tasks.o(.data)
    uxTopReadyPriority                       0x2000004c   Data           4  tasks.o(.data)
    xSchedulerRunning                        0x20000050   Data           4  tasks.o(.data)
    uxPendedTicks                            0x20000054   Data           4  tasks.o(.data)
    xYieldPending                            0x20000058   Data           4  tasks.o(.data)
    xNumOfOverflows                          0x2000005c   Data           4  tasks.o(.data)
    uxTaskNumber                             0x20000060   Data           4  tasks.o(.data)
    xNextTaskUnblockTime                     0x20000064   Data           4  tasks.o(.data)
    xIdleTaskHandle                          0x20000068   Data           4  tasks.o(.data)
    uxSchedulerSuspended                     0x2000006c   Data           4  tasks.o(.data)
    ulTaskSwitchedInTime                     0x20000070   Data           4  tasks.o(.data)
    ulTotalRunTime                           0x20000074   Data           4  tasks.o(.data)
    .data                                    0x20000078   Section       20  timers.o(.data)
    pxCurrentTimerList                       0x20000078   Data           4  timers.o(.data)
    pxOverflowTimerList                      0x2000007c   Data           4  timers.o(.data)
    xTimerQueue                              0x20000080   Data           4  timers.o(.data)
    xTimerTaskHandle                         0x20000084   Data           4  timers.o(.data)
    xLastTime                                0x20000088   Data           4  timers.o(.data)
    .data                                    0x2000008c   Section       24  heap_4.o(.data)
    xStart                                   0x2000008c   Data           8  heap_4.o(.data)
    pxEnd                                    0x20000094   Data           4  heap_4.o(.data)
    xFreeBytesRemaining                      0x20000098   Data           4  heap_4.o(.data)
    xMinimumEverFreeBytesRemaining           0x2000009c   Data           4  heap_4.o(.data)
    xBlockAllocatedBit                       0x200000a0   Data           4  heap_4.o(.data)
    .data                                    0x200000a4   Section        4  port.o(.data)
    uxCriticalNesting                        0x200000a4   Data           4  port.o(.data)
    .data                                    0x200000a8   Section        8  bsp_uart.o(.data)
    .data                                    0x200000b0   Section       12  hal_sysclk.o(.data)
    .data                                    0x200000bc   Section        2  hal_ospi.o(.data)
    .data                                    0x200000c0   Section       40  bb_config.o(.data)
    .data                                    0x200000e8   Section       56  radar_config.o(.data)
    .data                                    0x20000120   Section       17  bb_algproc.o(.data)
    .data                                    0x20000134   Section        8  bb_task.o(.data)
    .data                                    0x2000013c   Section        8  printf_task.o(.data)
    cnt                                      0x20000140   Data           4  printf_task.o(.data)
    .data                                    0x20000144   Section       20  main.o(.data)
    .data                                    0x20000158   Section        8  irq_handler.o(.data)
    .bss                                     0x20000160   Section       24  dma.o(.bss)
    .bss                                     0x20000178   Section       64  queue.o(.bss)
    .bss                                     0x200001b8   Section      200  tasks.o(.bss)
    pxReadyTasksLists                        0x200001b8   Data         100  tasks.o(.bss)
    xDelayedTaskList1                        0x2000021c   Data          20  tasks.o(.bss)
    xDelayedTaskList2                        0x20000230   Data          20  tasks.o(.bss)
    xPendingReadyList                        0x20000244   Data          20  tasks.o(.bss)
    xTasksWaitingTermination                 0x20000258   Data          20  tasks.o(.bss)
    xSuspendedTaskList                       0x2000026c   Data          20  tasks.o(.bss)
    .bss                                     0x20000280   Section       40  timers.o(.bss)
    xActiveTimerList1                        0x20000280   Data          20  timers.o(.bss)
    xActiveTimerList2                        0x20000294   Data          20  timers.o(.bss)
    .bss                                     0x200002a8   Section       72  bsp_spi.o(.bss)
    .bss                                     0x200002f0   Section      108  bsp_uart.o(.bss)
    .bss                                     0x2000035c   Section       20  hal_rf.o(.bss)
    .bss                                     0x20000370   Section       32  hal_ospi.o(.bss)
    .bss                                     0x20000390   Section      382  rf_config.o(.bss)
    .bss                                     0x20000510   Section      392  bb_config.o(.bss)
    .bss                                     0x20000698   Section      500  radar_config.o(.bss)
    .bss                                     0x20000890   Section       32  usart_protocol.o(.bss)
    .bss                                     0x200008b0   Section       52  paramconfig.o(.bss)
    STACK                                    0x200008e8   Section     4096  startup_sky32b750.o(STACK)
    .ARM.__AT_0x20004000                     0x20004000   Section    14336  heap_4.o(.ARM.__AT_0x20004000)
    ucHeap                                   0x20004000   Data       14336  heap_4.o(.ARM.__AT_0x20004000)

    Global Symbols

    Symbol Name                              Value     Ov Type        Size  Object(Section)

    BuildAttributes$$THM_ISAv4$E$P$D$K$B$S$7EM$VFPi5$EXTD16$VFPS$VFMA$PE$PLD8$A:L22UL41UL21$X:L11$S22US41US21$IEEE1$IW$USESV6$~STKCKD$USESV7$~SHL$OSPACE$ROPI$EBA8$MICROLIB$REQ8$PRES8$EABIv2 0x00000000   Number         0  anon$$obj.o ABSOLUTE
    __ARM_use_no_argv                        0x00000000   Number         0  main.o ABSOLUTE
    __Vectors                                0x00000000   Data           4  startup_sky32b750.o(RESET)
    _printf_a                                0x00000000   Number         0  stubs.o ABSOLUTE
    _printf_c                                0x00000000   Number         0  stubs.o ABSOLUTE
    _printf_charcount                        0x00000000   Number         0  stubs.o ABSOLUTE
    _printf_d                                0x00000000   Number         0  stubs.o ABSOLUTE
    _printf_e                                0x00000000   Number         0  stubs.o ABSOLUTE
    _printf_f                                0x00000000   Number         0  stubs.o ABSOLUTE
    _printf_flags                            0x00000000   Number         0  stubs.o ABSOLUTE
    _printf_fp_dec                           0x00000000   Number         0  stubs.o ABSOLUTE
    _printf_fp_hex                           0x00000000   Number         0  stubs.o ABSOLUTE
    _printf_g                                0x00000000   Number         0  stubs.o ABSOLUTE
    _printf_i                                0x00000000   Number         0  stubs.o ABSOLUTE
    _printf_int_dec                          0x00000000   Number         0  stubs.o ABSOLUTE
    _printf_l                                0x00000000   Number         0  stubs.o ABSOLUTE
    _printf_lc                               0x00000000   Number         0  stubs.o ABSOLUTE
    _printf_ll                               0x00000000   Number         0  stubs.o ABSOLUTE
    _printf_lld                              0x00000000   Number         0  stubs.o ABSOLUTE
    _printf_lli                              0x00000000   Number         0  stubs.o ABSOLUTE
    _printf_llo                              0x00000000   Number         0  stubs.o ABSOLUTE
    _printf_llu                              0x00000000   Number         0  stubs.o ABSOLUTE
    _printf_llx                              0x00000000   Number         0  stubs.o ABSOLUTE
    _printf_longlong_dec                     0x00000000   Number         0  stubs.o ABSOLUTE
    _printf_longlong_hex                     0x00000000   Number         0  stubs.o ABSOLUTE
    _printf_longlong_oct                     0x00000000   Number         0  stubs.o ABSOLUTE
    _printf_ls                               0x00000000   Number         0  stubs.o ABSOLUTE
    _printf_mbtowc                           0x00000000   Number         0  stubs.o ABSOLUTE
    _printf_n                                0x00000000   Number         0  stubs.o ABSOLUTE
    _printf_o                                0x00000000   Number         0  stubs.o ABSOLUTE
    _printf_p                                0x00000000   Number         0  stubs.o ABSOLUTE
    _printf_percent                          0x00000000   Number         0  stubs.o ABSOLUTE
    _printf_pre_padding                      0x00000000   Number         0  stubs.o ABSOLUTE
    _printf_return_value                     0x00000000   Number         0  stubs.o ABSOLUTE
    _printf_s                                0x00000000   Number         0  stubs.o ABSOLUTE
    _printf_sizespec                         0x00000000   Number         0  stubs.o ABSOLUTE
    _printf_str                              0x00000000   Number         0  stubs.o ABSOLUTE
    _printf_truncate_signed                  0x00000000   Number         0  stubs.o ABSOLUTE
    _printf_truncate_unsigned                0x00000000   Number         0  stubs.o ABSOLUTE
    _printf_u                                0x00000000   Number         0  stubs.o ABSOLUTE
    _printf_wc                               0x00000000   Number         0  stubs.o ABSOLUTE
    _printf_wctomb                           0x00000000   Number         0  stubs.o ABSOLUTE
    _printf_widthprec                        0x00000000   Number         0  stubs.o ABSOLUTE
    _printf_x                                0x00000000   Number         0  stubs.o ABSOLUTE
    __arm_fini_                               - Undefined Weak Reference
    __cpp_initialize__aeabi_                  - Undefined Weak Reference
    __cxa_finalize                            - Undefined Weak Reference
    _clock_init                               - Undefined Weak Reference
    _microlib_exit                            - Undefined Weak Reference
    __main                                   0x000000e1   Thumb Code     0  entry.o(.ARM.Collect$$$$00000000)
    _main_stk                                0x000000e1   Thumb Code     0  entry2.o(.ARM.Collect$$$$00000001)
    _main_scatterload                        0x000000e5   Thumb Code     0  entry5.o(.ARM.Collect$$$$00000004)
    __main_after_scatterload                 0x000000e9   Thumb Code     0  entry5.o(.ARM.Collect$$$$00000004)
    _main_clock                              0x000000e9   Thumb Code     0  entry7b.o(.ARM.Collect$$$$00000008)
    _main_cpp_init                           0x000000e9   Thumb Code     0  entry8b.o(.ARM.Collect$$$$0000000A)
    _main_init                               0x000000e9   Thumb Code     0  entry9a.o(.ARM.Collect$$$$0000000B)
    __rt_lib_shutdown_fini                   0x000000f1   Thumb Code     0  entry12b.o(.ARM.Collect$$$$0000000E)
    __rt_final_cpp                           0x000000f5   Thumb Code     0  entry10a.o(.ARM.Collect$$$$0000000F)
    __rt_final_exit                          0x000000f5   Thumb Code     0  entry11a.o(.ARM.Collect$$$$00000011)
    SVC_Handler                              0x000000f9   Thumb Code    28  port.o(.emb_text)
    __asm___6_port_c_39a90d8d__prvStartFirstTask 0x00000119   Thumb Code    28  port.o(.emb_text)
    __asm___6_port_c_39a90d8d__prvEnableVFP  0x00000139   Thumb Code    16  port.o(.emb_text)
    PendSV_Handler                           0x0000014d   Thumb Code    92  port.o(.emb_text)
    vPortGetIPSR                             0x000001ad   Thumb Code     6  port.o(.emb_text)
    Reset_Handler                            0x000001b5   Thumb Code     8  startup_sky32b750.o(.text)
    HardFault_Handler                        0x000001bf   Thumb Code     2  startup_sky32b750.o(.text)
    MemManage_Handler                        0x000001c1   Thumb Code     2  startup_sky32b750.o(.text)
    BusFault_Handler                         0x000001c3   Thumb Code     2  startup_sky32b750.o(.text)
    UsageFault_Handler                       0x000001c5   Thumb Code     2  startup_sky32b750.o(.text)
    DebugMon_Handler                         0x000001c9   Thumb Code     2  startup_sky32b750.o(.text)
    BOD_IRQHandler                           0x000001cf   Thumb Code     0  startup_sky32b750.o(.text)
    CAN0_IRQHandler                          0x000001cf   Thumb Code     0  startup_sky32b750.o(.text)
    CAN1_IRQHandler                          0x000001cf   Thumb Code     0  startup_sky32b750.o(.text)
    GPIO0_E0_IRQHandler                      0x000001cf   Thumb Code     0  startup_sky32b750.o(.text)
    GPIO0_E1_IRQHandler                      0x000001cf   Thumb Code     0  startup_sky32b750.o(.text)
    GPIO0_IRQHandler                         0x000001cf   Thumb Code     0  startup_sky32b750.o(.text)
    GPIO1_E0_IRQHandler                      0x000001cf   Thumb Code     0  startup_sky32b750.o(.text)
    GPIO1_E1_IRQHandler                      0x000001cf   Thumb Code     0  startup_sky32b750.o(.text)
    GPIO1_IRQHandler                         0x000001cf   Thumb Code     0  startup_sky32b750.o(.text)
    GPIO2_E0_IRQHandler                      0x000001cf   Thumb Code     0  startup_sky32b750.o(.text)
    GPIO2_E1_IRQHandler                      0x000001cf   Thumb Code     0  startup_sky32b750.o(.text)
    GPIO2_IRQHandler                         0x000001cf   Thumb Code     0  startup_sky32b750.o(.text)
    GPIO3_E0_IRQHandler                      0x000001cf   Thumb Code     0  startup_sky32b750.o(.text)
    GPIO3_E1_IRQHandler                      0x000001cf   Thumb Code     0  startup_sky32b750.o(.text)
    GPIO3_IRQHandler                         0x000001cf   Thumb Code     0  startup_sky32b750.o(.text)
    I2C_IRQHandler                           0x000001cf   Thumb Code     0  startup_sky32b750.o(.text)
    OSPI0_IRQHandler                         0x000001cf   Thumb Code     0  startup_sky32b750.o(.text)
    OSPI1_IRQHandler                         0x000001cf   Thumb Code     0  startup_sky32b750.o(.text)
    QSPI0_IRQHandler                         0x000001cf   Thumb Code     0  startup_sky32b750.o(.text)
    QSPI1_IRQHandler                         0x000001cf   Thumb Code     0  startup_sky32b750.o(.text)
    RES_IRQHandler                           0x000001cf   Thumb Code     0  startup_sky32b750.o(.text)
    RTC_IRQHandler                           0x000001cf   Thumb Code     0  startup_sky32b750.o(.text)
    SAR_IRQHandler                           0x000001cf   Thumb Code     0  startup_sky32b750.o(.text)
    TMRA_IRQHandler                          0x000001cf   Thumb Code     0  startup_sky32b750.o(.text)
    TMRB1_IRQHandler                         0x000001cf   Thumb Code     0  startup_sky32b750.o(.text)
    TMRB2_IRQHandler                         0x000001cf   Thumb Code     0  startup_sky32b750.o(.text)
    TMRB3_IRQHandler                         0x000001cf   Thumb Code     0  startup_sky32b750.o(.text)
    USCI0_IRQHandler                         0x000001cf   Thumb Code     0  startup_sky32b750.o(.text)
    USCI1_IRQHandler                         0x000001cf   Thumb Code     0  startup_sky32b750.o(.text)
    USCI2_IRQHandler                         0x000001cf   Thumb Code     0  startup_sky32b750.o(.text)
    USCI3_IRQHandler                         0x000001cf   Thumb Code     0  startup_sky32b750.o(.text)
    USCI5_IRQHandler                         0x000001cf   Thumb Code     0  startup_sky32b750.o(.text)
    USCI6_IRQHandler                         0x000001cf   Thumb Code     0  startup_sky32b750.o(.text)
    USCI7_IRQHandler                         0x000001cf   Thumb Code     0  startup_sky32b750.o(.text)
    WDT_IRQHandler                           0x000001cf   Thumb Code     0  startup_sky32b750.o(.text)
    WWDG_IRQHandler                          0x000001cf   Thumb Code     0  startup_sky32b750.o(.text)
    __aeabi_uldivmod                         0x000001d9   Thumb Code    98  uldiv.o(.text)
    __aeabi_llsl                             0x0000023b   Thumb Code    30  llshl.o(.text)
    _ll_shift_l                              0x0000023b   Thumb Code     0  llshl.o(.text)
    __aeabi_memcpy                           0x00000259   Thumb Code    36  memcpya.o(.text)
    __aeabi_memcpy4                          0x00000259   Thumb Code     0  memcpya.o(.text)
    __aeabi_memcpy8                          0x00000259   Thumb Code     0  memcpya.o(.text)
    __aeabi_memset                           0x0000027d   Thumb Code    14  memseta.o(.text)
    __aeabi_memset4                          0x0000027d   Thumb Code     0  memseta.o(.text)
    __aeabi_memset8                          0x0000027d   Thumb Code     0  memseta.o(.text)
    __aeabi_memclr                           0x0000028b   Thumb Code     4  memseta.o(.text)
    __aeabi_memclr4                          0x0000028b   Thumb Code     0  memseta.o(.text)
    __aeabi_memclr8                          0x0000028b   Thumb Code     0  memseta.o(.text)
    _memset$wrapper                          0x0000028f   Thumb Code    18  memseta.o(.text)
    memcmp                                   0x000002a1   Thumb Code    26  memcmp.o(.text)
    __aeabi_llsr                             0x000002bb   Thumb Code    32  llushr.o(.text)
    _ll_ushift_r                             0x000002bb   Thumb Code     0  llushr.o(.text)
    __scatterload                            0x000002dd   Thumb Code    28  init.o(.text)
    __scatterload_rt2                        0x000002dd   Thumb Code     0  init.o(.text)
    __decompress                             0x00000301   Thumb Code     0  __dczerorl2.o(.text)
    __decompress1                            0x00000301   Thumb Code    86  __dczerorl2.o(.text)
    App_Init                                 0x00000359   Thumb Code    14  main.o(i.App_Init)
    AsciiToDec                               0x0000036d   Thumb Code   284  usart_protocol.o(i.AsciiToDec)
    BB_AlgProc_Loop                          0x00000489   Thumb Code    40  bb_task.o(i.BB_AlgProc_Loop)
    BB_CFAR_CFG0                             0x000004c1   Thumb Code   164  hal_bb.o(i.BB_CFAR_CFG0)
    BB_CFAR_Vel_Init                         0x00000569   Thumb Code   196  bb_config.o(i.BB_CFAR_Vel_Init)
    BB_FFT2D_ZP_Init                         0x0000063d   Thumb Code   584  bb_config.o(i.BB_FFT2D_ZP_Init)
    BB_FFT_ZP_Clear                          0x0000088d   Thumb Code   134  hal_bb.o(i.BB_FFT_ZP_Clear)
    BB_IRQHandler                            0x00000919   Thumb Code   238  bb_config.o(i.BB_IRQHandler)
    BB_PrepConfig                            0x00000a29   Thumb Code   414  hal_bb.o(i.BB_PrepConfig)
    BB_Task                                  0x00000bc9   Thumb Code    32  bb_task.o(i.BB_Task)
    BB_Task_Trigger                          0x00000bed   Thumb Code    38  bb_task.o(i.BB_Task_Trigger)
    BB_WBUF_W16                              0x00000c1d   Thumb Code    24  hal_bb.o(i.BB_WBUF_W16)
    BB_WBUF_W32                              0x00000c35   Thumb Code    24  hal_bb.o(i.BB_WBUF_W32)
    BB_prepBit2reg                           0x00000c4d   Thumb Code    40  hal_bb.o(i.BB_prepBit2reg)
    BB_prepmode2reg                          0x00000c75   Thumb Code    36  hal_bb.o(i.BB_prepmode2reg)
    BB_sampPT2reg                            0x00000c99   Thumb Code   126  hal_bb.o(i.BB_sampPT2reg)
    BB_waitISR                               0x00000d19   Thumb Code    70  hal_bb.o(i.BB_waitISR)
    BSP_ADC_Init                             0x00000d85   Thumb Code   168  bsp_adc.o(i.BSP_ADC_Init)
    BSP_ChipEn                               0x00000e39   Thumb Code    22  bsp_gpio.o(i.BSP_ChipEn)
    BSP_GPIO_Init                            0x00000e55   Thumb Code    74  bsp_gpio.o(i.BSP_GPIO_Init)
    BSP_SPI_Init                             0x00000ea9   Thumb Code   142  bsp_spi.o(i.BSP_SPI_Init)
    BSP_UART_Init                            0x00000f4d   Thumb Code   154  bsp_uart.o(i.BSP_UART_Init)
    Cnt_Delay_ms                             0x00000ffd   Thumb Code    32  hal_delay.o(i.Cnt_Delay_ms)
    Cnt_Delay_us                             0x00001025   Thumb Code    22  hal_delay.o(i.Cnt_Delay_us)
    CreateBBTask                             0x0000103d   Thumb Code    26  bb_task.o(i.CreateBBTask)
    CreatePrintfTask                         0x00001069   Thumb Code    24  printf_task.o(i.CreatePrintfTask)
    DMA_Channel_Configure                    0x00001095   Thumb Code   280  dma.o(i.DMA_Channel_Configure)
    DMA_Channel_Enable                       0x000011ad   Thumb Code    40  dma.o(i.DMA_Channel_Enable)
    DMA_Channel_Irq_Disable                  0x000011dd   Thumb Code    34  dma.o(i.DMA_Channel_Irq_Disable)
    DMA_Clear_All_Irq                        0x00001201   Thumb Code    32  dma.o(i.DMA_Clear_All_Irq)
    DMA_Clear_Irq                            0x00001229   Thumb Code   150  dma.o(i.DMA_Clear_Irq)
    DMA_Config_Init                          0x000012c9   Thumb Code   102  hal_dma.o(i.DMA_Config_Init)
    DMA_Disable                              0x00001339   Thumb Code    14  dma.o(i.DMA_Disable)
    DMA_Enable                               0x00001351   Thumb Code     8  dma.o(i.DMA_Enable)
    DMA_IRQHandler                           0x0000135d   Thumb Code   288  hal_ospi.o(i.DMA_IRQHandler)
    DMA_Init                                 0x0000148d   Thumb Code    62  dma.o(i.DMA_Init)
    DMA_Mask_Irq                             0x000014cd   Thumb Code   200  dma.o(i.DMA_Mask_Irq)
    DMA_Num2Ch                               0x0000159d   Thumb Code    76  dma.o(i.DMA_Num2Ch)
    Default_Param_Config                     0x000015f5   Thumb Code     2  paramconfig.o(i.Default_Param_Config)
    EFC_Get_ActualAddress                    0x000015f9   Thumb Code    72  efc.o(i.EFC_Get_ActualAddress)
    EFC_ReWrite                              0x00001649   Thumb Code   116  efc.o(i.EFC_ReWrite)
    EFC_WriteInside1Page                     0x000016c1   Thumb Code   292  efc.o(i.EFC_WriteInside1Page)
    FADC_SPI_WriteSingle                     0x00001801   Thumb Code    58  fadc.o(i.FADC_SPI_WriteSingle)
    FPU_Enable                               0x00001841   Thumb Code    98  system_sky32b750.o(i.FPU_Enable)
    Func01_Handle                            0x000018a9   Thumb Code    42  bb_algproc.o(i.Func01_Handle)
    GPIO_AE_Ctrl                             0x000018d9   Thumb Code   196  gpio.o(i.GPIO_AE_Ctrl)
    GPIO_PullUp                              0x000019a5   Thumb Code   130  gpio.o(i.GPIO_PullUp)
    GPIO_SetMode                             0x00001a31   Thumb Code    20  gpio.o(i.GPIO_SetMode)
    HAL_MPU_Init                             0x00001a45   Thumb Code   914  hal_mpu.o(i.HAL_MPU_Init)
    HAL_SYS_CLK_Init                         0x00001df9   Thumb Code    18  hal_sysclk.o(i.HAL_SYS_CLK_Init)
    Hal_RF_WaveConfig                        0x00001e0b   Thumb Code    66  hal_rf.o(i.Hal_RF_WaveConfig)
    Hal_RF_WaveGen                           0x00001e4d   Thumb Code   272  hal_rf.o(i.Hal_RF_WaveGen)
    NMI_Handler                              0x00001f61   Thumb Code    68  system_sky32b750.o(i.NMI_Handler)
    OSPI_Clear_Irq                           0x00001ff5   Thumb Code     4  ospi.o(i.OSPI_Clear_Irq)
    OSPI_DMA_Trans64_IRQ_16kB                0x00001ff9   Thumb Code   336  hal_ospi.o(i.OSPI_DMA_Trans64_IRQ_16kB)
    OSPI_Init                                0x00002159   Thumb Code   130  ospi.o(i.OSPI_Init)
    OSPI_Irq_IsActive                        0x000021db   Thumb Code    16  ospi.o(i.OSPI_Irq_IsActive)
    OSPI_MasterInit                          0x000021ed   Thumb Code   530  hal_ospi.o(i.OSPI_MasterInit)
    PLL_System_Clock_Update                  0x00002415   Thumb Code   164  system_sky32b750.o(i.PLL_System_Clock_Update)
    ParamConfigInit                          0x000024d1   Thumb Code    24  paramconfig.o(i.ParamConfigInit)
    Peripheral_Reset                         0x000024ed   Thumb Code    24  system_sky32b750.o(i.Peripheral_Reset)
    PinMux_Set                               0x00002505   Thumb Code   320  pinmux.o(i.PinMux_Set)
    Printf_Param                             0x0000264d   Thumb Code   188  paramconfig.o(i.Printf_Param)
    Printf_Task                              0x00002809   Thumb Code    32  printf_task.o(i.Printf_Task)
    ProtocolSendPack                         0x00002831   Thumb Code   462  usart_protocol.o(i.ProtocolSendPack)
    RF_CfgInit                               0x0000360d   Thumb Code  1210  rf_config.o(i.RF_CfgInit)
    RF_Clock40M_En                           0x00003acd   Thumb Code    18  hal_rf.o(i.RF_Clock40M_En)
    RF_Freq_Start_Calc                       0x00003ae1   Thumb Code   520  hal_rf.o(i.RF_Freq_Start_Calc)
    RF_ReadRegSPI                            0x00003cf5   Thumb Code    82  hal_rf.o(i.RF_ReadRegSPI)
    RF_ReadWaveSPI_C                         0x00003d59   Thumb Code    82  hal_rf.o(i.RF_ReadWaveSPI_C)
    RF_Reg_Reset                             0x00003db9   Thumb Code   118  rf_config.o(i.RF_Reg_Reset)
    RF_Reg_Set                               0x00003e31   Thumb Code   290  rf_config.o(i.RF_Reg_Set)
    RF_SPI_CS                                0x00003f5d   Thumb Code    46  bsp_spi.o(i.RF_SPI_CS)
    RF_WaveSet                               0x00004185   Thumb Code   124  hal_rf.o(i.RF_WaveSet)
    RF_WriteCmdSPI                           0x00004201   Thumb Code    46  hal_rf.o(i.RF_WriteCmdSPI)
    RF_WriteRegSPI                           0x00004239   Thumb Code    98  hal_rf.o(i.RF_WriteRegSPI)
    RF_WriteWaveSPI_C                        0x000042d9   Thumb Code   150  hal_rf.o(i.RF_WriteWaveSPI_C)
    RF_waveStart                             0x000043b5   Thumb Code    10  hal_rf.o(i.RF_waveStart)
    RF_waveStop                              0x000043bf   Thumb Code    10  hal_rf.o(i.RF_waveStop)
    Radar_Config_Init                        0x000043c9   Thumb Code   738  radar_config.o(i.Radar_Config_Init)
    Read_Param_From_Flash                    0x000046d9   Thumb Code   520  paramconfig.o(i.Read_Param_From_Flash)
    RecProtocol_Loop                         0x000048e5   Thumb Code    42  usart_protocol.o(i.RecProtocol_Loop)
    SYS_CLK_PLL_Init                         0x00004915   Thumb Code    76  hal_sysclk.o(i.SYS_CLK_PLL_Init)
    Set_CoreLDO_Voltage                      0x00004969   Thumb Code    20  system_sky32b750.o(i.Set_CoreLDO_Voltage)
    Set_Flash_WS                             0x00004981   Thumb Code    22  system_sky32b750.o(i.Set_Flash_WS)
    Set_PLL                                  0x00004999   Thumb Code    72  system_sky32b750.o(i.Set_PLL)
    Set_SysClk_Div                           0x000049e9   Thumb Code    24  system_sky32b750.o(i.Set_SysClk_Div)
    SysTick_Handler                          0x00004a01   Thumb Code    26  irq_handler.o(i.SysTick_Handler)
    SysTick_Init                             0x00004a21   Thumb Code    48  hal_timer.o(i.SysTick_Init)
    Sys_Init                                 0x00004a55   Thumb Code   214  main.o(i.Sys_Init)
    SystemInit                               0x00004b51   Thumb Code    50  system_sky32b750.o(i.SystemInit)
    TMRB0_IRQHandler                         0x00004b89   Thumb Code    22  irq_handler.o(i.TMRB0_IRQHandler)
    TMRB0_Init                               0x00004ba9   Thumb Code    84  hal_timer.o(i.TMRB0_Init)
    TMRB_Reset                               0x00004c05   Thumb Code    10  timerb.o(i.TMRB_Reset)
    TMRB_mTimeout                            0x00004c11   Thumb Code   450  timerb.o(i.TMRB_mTimeout)
    UART_Transmit_Bytes                      0x00004ddd   Thumb Code    20  bsp_uart.o(i.UART_Transmit_Bytes)
    USCI4_IRQHandler                         0x00004df1   Thumb Code   148  bsp_uart.o(i.USCI4_IRQHandler)
    USCI_Clear_ESR                           0x00004eb9   Thumb Code     8  usci.o(i.USCI_Clear_ESR)
    USCI_Clear_ISR                           0x00004ec1   Thumb Code     8  usci.o(i.USCI_Clear_ISR)
    USCI_SPI_Init                            0x00004ec9   Thumb Code   138  usci.o(i.USCI_SPI_Init)
    USCI_SPI_TRx_Ext                         0x00004f55   Thumb Code   138  usci.o(i.USCI_SPI_TRx_Ext)
    USCI_SPI_Transmit_Ext                    0x00004fe5   Thumb Code   142  usci.o(i.USCI_SPI_Transmit_Ext)
    USCI_UART_Init                           0x00005079   Thumb Code   150  usci.o(i.USCI_UART_Init)
    USCI_UART_Transmit                       0x00005115   Thumb Code    88  usci.o(i.USCI_UART_Transmit)
    WDT_Disable                              0x0000516d   Thumb Code    36  wdt.o(i.WDT_Disable)
    WDT_Enable                               0x000051a1   Thumb Code    36  wdt.o(i.WDT_Enable)
    WDT_RstNow                               0x000051d5   Thumb Code    22  hal_wdt.o(i.WDT_RstNow)
    Word2Byte                                0x000051f1   Thumb Code    16  usart_protocol.o(i.Word2Byte)
    __0printf$8                              0x00005201   Thumb Code    22  printf8.o(i.__0printf$8)
    __1printf$8                              0x00005201   Thumb Code     0  printf8.o(i.__0printf$8)
    __2printf                                0x00005201   Thumb Code     0  printf8.o(i.__0printf$8)
    __scatterload_copy                       0x000052c5   Thumb Code    14  handlers.o(i.__scatterload_copy)
    __scatterload_null                       0x000052d3   Thumb Code     2  handlers.o(i.__scatterload_null)
    __scatterload_zeroinit                   0x000052d5   Thumb Code    14  handlers.o(i.__scatterload_zeroinit)
    algStruct_Init                           0x0000573d   Thumb Code  1752  radar_config.o(i.algStruct_Init)
    dataprep_RegSet                          0x00005e41   Thumb Code   182  bb_config.o(i.dataprep_RegSet)
    fft1dCalc                                0x00005f01   Thumb Code   750  bb_algproc.o(i.fft1dCalc)
    fft1dMeanDivCalc                         0x00006255   Thumb Code    68  hal_bb.o(i.fft1dMeanDivCalc)
    fftPTcalc                                0x00006299   Thumb Code    94  hal_bb.o(i.fftPTcalc)
    fputc                                    0x000062f7   Thumb Code    14  bsp_uart.o(i.fputc)
    getPointCloud                            0x00006305   Thumb Code    42  bb_algproc.o(i.getPointCloud)
    log2Data                                 0x0000633d   Thumb Code    96  hal_bb.o(i.log2Data)
    main                                     0x0000639d   Thumb Code    38  main.o(i.main)
    mod                                      0x000063d9   Thumb Code    12  hal_rf.o(i.mod)
    pvPortMalloc                             0x00006d35   Thumb Code   188  heap_4.o(i.pvPortMalloc)
    pvTaskIncrementMutexHeldCount            0x00006e05   Thumb Code    26  tasks.o(i.pvTaskIncrementMutexHeldCount)
    pxPortInitialiseStack                    0x00006e25   Thumb Code    38  port.o(i.pxPortInitialiseStack)
    sampDataHandle                           0x00006e51   Thumb Code   326  bb_algproc.o(i.sampDataHandle)
    sendchar                                 0x00006fdd   Thumb Code    24  bsp_uart.o(i.sendchar)
    start_task                               0x00006ff9   Thumb Code    48  main.o(i.start_task)
    test_dma_ch1_callback                    0x00007031   Thumb Code   140  hal_ospi.o(i.test_dma_ch1_callback)
    test_dma_ch2_callback                    0x000070c5   Thumb Code   146  hal_ospi.o(i.test_dma_ch2_callback)
    ulTaskNotifyTake                         0x00007161   Thumb Code   108  tasks.o(i.ulTaskNotifyTake)
    userTimerB0CallBackHand                  0x000071d5   Thumb Code    72  main.o(i.userTimerB0CallBackHand)
    uxListRemove                             0x0000722d   Thumb Code    40  list.o(i.uxListRemove)
    vApplicationIdleHook                     0x00007255   Thumb Code     8  main.o(i.vApplicationIdleHook)
    vListInitialise                          0x00007261   Thumb Code    26  list.o(i.vListInitialise)
    vListInitialiseItem                      0x0000727b   Thumb Code     6  list.o(i.vListInitialiseItem)
    vListInsert                              0x00007281   Thumb Code    52  list.o(i.vListInsert)
    vListInsertEnd                           0x000072b5   Thumb Code    24  list.o(i.vListInsertEnd)
    vPortEnterCritical                       0x000072cd   Thumb Code    34  port.o(i.vPortEnterCritical)
    vPortExitCritical                        0x000072f5   Thumb Code    28  port.o(i.vPortExitCritical)
    vPortFree                                0x00007315   Thumb Code    64  heap_4.o(i.vPortFree)
    vPortSetupTimerInterrupt                 0x0000735d   Thumb Code    26  port.o(i.vPortSetupTimerInterrupt)
    vQueueAddToRegistry                      0x0000737d   Thumb Code    38  queue.o(i.vQueueAddToRegistry)
    vQueueWaitForMessageRestricted           0x000073a9   Thumb Code    74  queue.o(i.vQueueWaitForMessageRestricted)
    vTaskDelay                               0x000073f5   Thumb Code    46  tasks.o(i.vTaskDelay)
    vTaskDelete                              0x00007429   Thumb Code   166  tasks.o(i.vTaskDelete)
    vTaskMissedYield                         0x000074f5   Thumb Code     8  tasks.o(i.vTaskMissedYield)
    vTaskNotifyGiveFromISR                   0x00007501   Thumb Code   158  tasks.o(i.vTaskNotifyGiveFromISR)
    vTaskPlaceOnEventList                    0x000075b9   Thumb Code    28  tasks.o(i.vTaskPlaceOnEventList)
    vTaskPlaceOnEventListRestricted          0x000075d9   Thumb Code    36  tasks.o(i.vTaskPlaceOnEventListRestricted)
    vTaskPriorityInherit                     0x00007601   Thumb Code   164  tasks.o(i.vTaskPriorityInherit)
    vTaskSetTimeOutState                     0x000076b1   Thumb Code    14  tasks.o(i.vTaskSetTimeOutState)
    vTaskStartScheduler                      0x000076c9   Thumb Code    92  tasks.o(i.vTaskStartScheduler)
    vTaskSuspendAll                          0x00007745   Thumb Code    12  tasks.o(i.vTaskSuspendAll)
    vTaskSwitchContext                       0x00007755   Thumb Code   128  tasks.o(i.vTaskSwitchContext)
    xPortStartScheduler                      0x000077f5   Thumb Code    58  port.o(i.xPortStartScheduler)
    xPortSysTickHandler                      0x0000783d   Thumb Code    50  port.o(i.xPortSysTickHandler)
    xQueueGenericCreate                      0x00007875   Thumb Code    56  queue.o(i.xQueueGenericCreate)
    xQueueGenericReceive                     0x000078ad   Thumb Code   342  queue.o(i.xQueueGenericReceive)
    xQueueGenericReset                       0x00007a09   Thumb Code   122  queue.o(i.xQueueGenericReset)
    xQueueGenericSend                        0x00007a89   Thumb Code   308  queue.o(i.xQueueGenericSend)
    xQueueGenericSendFromISR                 0x00007bc1   Thumb Code   160  queue.o(i.xQueueGenericSendFromISR)
    xTaskCheckForTimeOut                     0x00007c61   Thumb Code    84  tasks.o(i.xTaskCheckForTimeOut)
    xTaskCreate                              0x00007cbd   Thumb Code    96  tasks.o(i.xTaskCreate)
    xTaskGetSchedulerState                   0x00007d1d   Thumb Code    24  tasks.o(i.xTaskGetSchedulerState)
    xTaskGetTickCount                        0x00007d3d   Thumb Code     6  tasks.o(i.xTaskGetTickCount)
    xTaskIncrementTick                       0x00007d49   Thumb Code   238  tasks.o(i.xTaskIncrementTick)
    xTaskPriorityDisinherit                  0x00007e65   Thumb Code   122  tasks.o(i.xTaskPriorityDisinherit)
    xTaskRemoveFromEventList                 0x00007ee9   Thumb Code   104  tasks.o(i.xTaskRemoveFromEventList)
    xTaskResumeAll                           0x00007f69   Thumb Code   196  tasks.o(i.xTaskResumeAll)
    xTimerCreateTimerTask                    0x00008051   Thumb Code    42  timers.o(i.xTimerCreateTimerTask)
    xTimerGenericCommand                     0x00008091   Thumb Code   104  timers.o(i.xTimerGenericCommand)
    winRange_Pre                             0x000080fc   Data        1024  radar_config.o(.constdata)
    winVelPre                                0x000084fc   Data         512  radar_config.o(.constdata)
    sincBuf_Pre                              0x000086fc   Data         512  radar_config.o(.constdata)
    steeringVec_Pre                          0x000088fc   Data        2048  radar_config.o(.constdata)
    calib_ap                                 0x000090fc   Data          64  radar_config.o(.constdata)
    nco_fcw                                  0x0000913c   Data          64  radar_config.o(.constdata)
    Region$$Table$$Base                      0x000091cc   Number         0  anon$$obj.o(Region$$Table)
    Region$$Table$$Limit                     0x000091ec   Number         0  anon$$obj.o(Region$$Table)
    sys_clk                                  0x20000000   Data           4  system_sky32b750.o(.data)
    hclk                                     0x20000004   Data           4  system_sky32b750.o(.data)
    pclk                                     0x20000008   Data           4  system_sky32b750.o(.data)
    pll_clk                                  0x2000000c   Data           4  system_sky32b750.o(.data)
    lrc_clk                                  0x20000010   Data           4  system_sky32b750.o(.data)
    hrc_clk                                  0x20000014   Data           4  system_sky32b750.o(.data)
    can_clk                                  0x20000018   Data           4  system_sky32b750.o(.data)
    ms_step                                  0x2000001c   Data           4  system_sky32b750.o(.data)
    WKU_FLAG_sta0                            0x20000020   Data           4  system_sky32b750.o(.data)
    WKU_FLAG_sta1                            0x20000024   Data           4  system_sky32b750.o(.data)
    WKU_FLAG_sta2                            0x20000028   Data           4  system_sky32b750.o(.data)
    flash_buf_8                              0x2000002c   Data           4  efc.o(.data)
    flash_buf_32                             0x20000030   Data           4  efc.o(.data)
    pxCurrentTCB                             0x20000034   Data           4  tasks.o(.data)
    __stdout                                 0x200000a8   Data           4  bsp_uart.o(.data)
    __stdin                                  0x200000ac   Data           4  bsp_uart.o(.data)
    stHRC                                    0x200000b0   Data           3  hal_sysclk.o(.data)
    stPLL                                    0x200000b4   Data           8  hal_sysclk.o(.data)
    irq_dma_flag1                            0x200000bc   Data           1  hal_ospi.o(.data)
    irq_dma_flag2                            0x200000bd   Data           1  hal_ospi.o(.data)
    bb_regb_str                              0x200000c0   Data           4  bb_config.o(.data)
    prepCfg1_val1                            0x200000c8   Data           8  bb_config.o(.data)
    prepCfg1_val2                            0x200000d0   Data           8  bb_config.o(.data)
    BB_isrSet                                0x200000d8   Data           4  bb_config.o(.data)
    BB_isrRead                               0x200000dc   Data           4  bb_config.o(.data)
    BB_sampOverFlag                          0x200000e0   Data           1  bb_config.o(.data)
    BB_firstChirp                            0x200000e1   Data           1  bb_config.o(.data)
    rampCnt                                  0x200000e4   Data           4  bb_config.o(.data)
    radarUserCfg                             0x200000e8   Data          56  radar_config.o(.data)
    head                                     0x20000120   Data           8  bb_algproc.o(.data)
    BB_AlgProcFinished                       0x20000128   Data           1  bb_algproc.o(.data)
    frameCnt                                 0x2000012c   Data           4  bb_algproc.o(.data)
    meanBufIdx                               0x20000130   Data           1  bb_algproc.o(.data)
    BBTask_Handler                           0x20000134   Data           4  bb_task.o(.data)
    xSemaphoreBB                             0x20000138   Data           4  bb_task.o(.data)
    PrintfTask_Handler                       0x2000013c   Data           4  printf_task.o(.data)
    StartTask_Handler                        0x20000144   Data           4  main.o(.data)
    waveStartEn                              0x20000148   Data           1  main.o(.data)
    bbTimCnt                                 0x2000014c   Data           4  main.o(.data)
    CPU_RunTime                              0x20000150   Data           4  main.o(.data)
    bb_RunTime                               0x20000154   Data           4  main.o(.data)
    BB_timeoutCnt                            0x20000158   Data           4  irq_handler.o(.data)
    SysTick_Counter                          0x2000015c   Data           4  irq_handler.o(.data)
    dma_irq_sta                              0x20000160   Data          24  dma.o(.bss)
    xQueueRegistry                           0x20000178   Data          64  queue.o(.bss)
    SPI0                                     0x200002a8   Data          36  bsp_spi.o(.bss)
    SPI1                                     0x200002cc   Data          36  bsp_spi.o(.bss)
    strUart                                  0x200002f0   Data          72  bsp_uart.o(.bss)
    UART0                                    0x20000338   Data          36  bsp_uart.o(.bss)
    SPI_write_data                           0x2000035c   Data          10  hal_rf.o(.bss)
    SPI_read_data                            0x20000366   Data          10  hal_rf.o(.bss)
    dma_callback                             0x20000370   Data          32  hal_ospi.o(.bss)
    rf_reg                                   0x20000390   Data         382  rf_config.o(.bss)
    bb_prep                                  0x20000510   Data          40  bb_config.o(.bss)
    cfarCfg0_stR                             0x20000538   Data          16  bb_config.o(.bss)
    cfarCfg0_stV                             0x20000548   Data          16  bb_config.o(.bss)
    fft2d_zp                                 0x20000558   Data         320  bb_config.o(.bss)
    algCfg                                   0x20000698   Data         500  radar_config.o(.bss)
    udata                                    0x20000890   Data          32  usart_protocol.o(.bss)
    stFlashParam                             0x200008b0   Data          52  paramconfig.o(.bss)
    __initial_sp                             0x200018e8   Data           0  startup_sky32b750.o(STACK)



==============================================================================

Memory Map of the image

  Image Entry point : 0x000000e1

  Load Region LR_IROM1 (Base: 0x00000000, Size: 0x0000934c, Max: 0x00040000, ABSOLUTE, COMPRESSED[0x00009248])

    Execution Region ER_IROM1 (Exec base: 0x00000000, Load base: 0x00000000, Size: 0x000091ec, Max: 0x00040000, ABSOLUTE)

    Exec Addr    Load Addr    Size         Type   Attr      Idx    E Section Name        Object

    0x00000000   0x00000000   0x000000e0   Data   RO            3    RESET               startup_sky32b750.o
    0x000000e0   0x000000e0   0x00000000   Code   RO         3908  * .ARM.Collect$$$$00000000  mc_w.l(entry.o)
    0x000000e0   0x000000e0   0x00000004   Code   RO         4188    .ARM.Collect$$$$00000001  mc_w.l(entry2.o)
    0x000000e4   0x000000e4   0x00000004   Code   RO         4191    .ARM.Collect$$$$00000004  mc_w.l(entry5.o)
    0x000000e8   0x000000e8   0x00000000   Code   RO         4193    .ARM.Collect$$$$00000008  mc_w.l(entry7b.o)
    0x000000e8   0x000000e8   0x00000000   Code   RO         4195    .ARM.Collect$$$$0000000A  mc_w.l(entry8b.o)
    0x000000e8   0x000000e8   0x00000008   Code   RO         4196    .ARM.Collect$$$$0000000B  mc_w.l(entry9a.o)
    0x000000f0   0x000000f0   0x00000004   Code   RO         4203    .ARM.Collect$$$$0000000E  mc_w.l(entry12b.o)
    0x000000f4   0x000000f4   0x00000000   Code   RO         4198    .ARM.Collect$$$$0000000F  mc_w.l(entry10a.o)
    0x000000f4   0x000000f4   0x00000000   Code   RO         4200    .ARM.Collect$$$$00000011  mc_w.l(entry11a.o)
    0x000000f4   0x000000f4   0x00000004   Code   RO         4189    .ARM.Collect$$$$00002712  mc_w.l(entry2.o)
    0x000000f8   0x000000f8   0x000000ba   Code   RO         2231    .emb_text           port.o
    0x000001b2   0x000001b2   0x00000002   PAD
    0x000001b4   0x000001b4   0x00000024   Code   RO            4    .text               startup_sky32b750.o
    0x000001d8   0x000001d8   0x00000062   Code   RO         3911    .text               mc_w.l(uldiv.o)
    0x0000023a   0x0000023a   0x0000001e   Code   RO         3913    .text               mc_w.l(llshl.o)
    0x00000258   0x00000258   0x00000024   Code   RO         3915    .text               mc_w.l(memcpya.o)
    0x0000027c   0x0000027c   0x00000024   Code   RO         3917    .text               mc_w.l(memseta.o)
    0x000002a0   0x000002a0   0x0000001a   Code   RO         3921    .text               mc_w.l(memcmp.o)
    0x000002ba   0x000002ba   0x00000020   Code   RO         4206    .text               mc_w.l(llushr.o)
    0x000002da   0x000002da   0x00000002   PAD
    0x000002dc   0x000002dc   0x00000024   Code   RO         4219    .text               mc_w.l(init.o)
    0x00000300   0x00000300   0x00000056   Code   RO         4233    .text               mc_w.l(__dczerorl2.o)
    0x00000356   0x00000356   0x00000002   PAD
    0x00000358   0x00000358   0x00000014   Code   RO         3694    i.App_Init          main.o
    0x0000036c   0x0000036c   0x0000011c   Code   RO         3762    i.AsciiToDec        usart_protocol.o
    0x00000488   0x00000488   0x00000038   Code   RO         3587    i.BB_AlgProc_Loop   bb_task.o
    0x000004c0   0x000004c0   0x000000a8   Code   RO         2619    i.BB_CFAR_CFG0      hal_bb.o
    0x00000568   0x00000568   0x000000d4   Code   RO         3327    i.BB_CFAR_Vel_Init  bb_config.o
    0x0000063c   0x0000063c   0x00000250   Code   RO         3328    i.BB_FFT2D_ZP_Init  bb_config.o
    0x0000088c   0x0000088c   0x0000008c   Code   RO         2624    i.BB_FFT_ZP_Clear   hal_bb.o
    0x00000918   0x00000918   0x00000110   Code   RO         3329    i.BB_IRQHandler     bb_config.o
    0x00000a28   0x00000a28   0x0000019e   Code   RO         2626    i.BB_PrepConfig     hal_bb.o
    0x00000bc6   0x00000bc6   0x00000002   PAD
    0x00000bc8   0x00000bc8   0x00000024   Code   RO         3588    i.BB_Task           bb_task.o
    0x00000bec   0x00000bec   0x00000030   Code   RO         3589    i.BB_Task_Trigger   bb_task.o
    0x00000c1c   0x00000c1c   0x00000018   Code   RO         2627    i.BB_WBUF_W16       hal_bb.o
    0x00000c34   0x00000c34   0x00000018   Code   RO         2628    i.BB_WBUF_W32       hal_bb.o
    0x00000c4c   0x00000c4c   0x00000028   Code   RO         2630    i.BB_prepBit2reg    hal_bb.o
    0x00000c74   0x00000c74   0x00000024   Code   RO         2631    i.BB_prepmode2reg   hal_bb.o
    0x00000c98   0x00000c98   0x0000007e   Code   RO         2632    i.BB_sampPT2reg     hal_bb.o
    0x00000d16   0x00000d16   0x00000002   PAD
    0x00000d18   0x00000d18   0x0000006c   Code   RO         2635    i.BB_waitISR        hal_bb.o
    0x00000d84   0x00000d84   0x000000b4   Code   RO         2314    i.BSP_ADC_Init      bsp_adc.o
    0x00000e38   0x00000e38   0x0000001c   Code   RO         2345    i.BSP_ChipEn        bsp_gpio.o
    0x00000e54   0x00000e54   0x00000054   Code   RO         2346    i.BSP_GPIO_Init     bsp_gpio.o
    0x00000ea8   0x00000ea8   0x000000a4   Code   RO         2383    i.BSP_SPI_Init      bsp_spi.o
    0x00000f4c   0x00000f4c   0x000000b0   Code   RO         2513    i.BSP_UART_Init     bsp_uart.o
    0x00000ffc   0x00000ffc   0x00000028   Code   RO         2914    i.Cnt_Delay_ms      hal_delay.o
    0x00001024   0x00001024   0x00000016   Code   RO         2915    i.Cnt_Delay_us      hal_delay.o
    0x0000103a   0x0000103a   0x00000002   PAD
    0x0000103c   0x0000103c   0x0000002c   Code   RO         3590    i.CreateBBTask      bb_task.o
    0x00001068   0x00001068   0x0000002c   Code   RO         3643    i.CreatePrintfTask  printf_task.o
    0x00001094   0x00001094   0x00000118   Code   RO          547    i.DMA_Channel_Configure  dma.o
    0x000011ac   0x000011ac   0x00000030   Code   RO          549    i.DMA_Channel_Enable  dma.o
    0x000011dc   0x000011dc   0x00000022   Code   RO          550    i.DMA_Channel_Irq_Disable  dma.o
    0x000011fe   0x000011fe   0x00000002   PAD
    0x00001200   0x00001200   0x00000028   Code   RO          553    i.DMA_Clear_All_Irq  dma.o
    0x00001228   0x00001228   0x000000a0   Code   RO          554    i.DMA_Clear_Irq     dma.o
    0x000012c8   0x000012c8   0x00000070   Code   RO         2944    i.DMA_Config_Init   hal_dma.o
    0x00001338   0x00001338   0x00000018   Code   RO          555    i.DMA_Disable       dma.o
    0x00001350   0x00001350   0x0000000c   Code   RO          556    i.DMA_Enable        dma.o
    0x0000135c   0x0000135c   0x00000130   Code   RO         3214    i.DMA_IRQHandler    hal_ospi.o
    0x0000148c   0x0000148c   0x0000003e   Code   RO          558    i.DMA_Init          dma.o
    0x000014ca   0x000014ca   0x00000002   PAD
    0x000014cc   0x000014cc   0x000000d0   Code   RO          559    i.DMA_Mask_Irq      dma.o
    0x0000159c   0x0000159c   0x00000058   Code   RO          560    i.DMA_Num2Ch        dma.o
    0x000015f4   0x000015f4   0x00000002   Code   RO         3819    i.Default_Param_Config  paramconfig.o
    0x000015f6   0x000015f6   0x00000002   PAD
    0x000015f8   0x000015f8   0x00000050   Code   RO          795    i.EFC_Get_ActualAddress  efc.o
    0x00001648   0x00001648   0x00000078   Code   RO          796    i.EFC_ReWrite       efc.o
    0x000016c0   0x000016c0   0x00000140   Code   RO          804    i.EFC_WriteInside1Page  efc.o
    0x00001800   0x00001800   0x00000040   Code   RO          716    i.FADC_SPI_WriteSingle  fadc.o
    0x00001840   0x00001840   0x00000068   Code   RO           19    i.FPU_Enable        system_sky32b750.o
    0x000018a8   0x000018a8   0x00000030   Code   RO         3420    i.Func01_Handle     bb_algproc.o
    0x000018d8   0x000018d8   0x000000cc   Code   RO          898    i.GPIO_AE_Ctrl      gpio.o
    0x000019a4   0x000019a4   0x0000008c   Code   RO          904    i.GPIO_PullUp       gpio.o
    0x00001a30   0x00001a30   0x00000014   Code   RO          906    i.GPIO_SetMode      gpio.o
    0x00001a44   0x00001a44   0x000003b4   Code   RO         3016    i.HAL_MPU_Init      hal_mpu.o
    0x00001df8   0x00001df8   0x00000012   Code   RO         3092    i.HAL_SYS_CLK_Init  hal_sysclk.o
    0x00001e0a   0x00001e0a   0x00000042   Code   RO         2781    i.Hal_RF_WaveConfig  hal_rf.o
    0x00001e4c   0x00001e4c   0x00000114   Code   RO         2782    i.Hal_RF_WaveGen    hal_rf.o
    0x00001f60   0x00001f60   0x00000054   Code   RO           24    i.NMI_Handler       system_sky32b750.o
    0x00001fb4   0x00001fb4   0x00000040   Code   RO         1081    i.NVIC_EncodePriority  timerb.o
    0x00001ff4   0x00001ff4   0x00000004   Code   RO         1035    i.OSPI_Clear_Irq    ospi.o
    0x00001ff8   0x00001ff8   0x00000160   Code   RO         3216    i.OSPI_DMA_Trans64_IRQ_16kB  hal_ospi.o
    0x00002158   0x00002158   0x00000082   Code   RO         1036    i.OSPI_Init         ospi.o
    0x000021da   0x000021da   0x00000010   Code   RO         1037    i.OSPI_Irq_IsActive  ospi.o
    0x000021ea   0x000021ea   0x00000002   PAD
    0x000021ec   0x000021ec   0x00000228   Code   RO         3218    i.OSPI_MasterInit   hal_ospi.o
    0x00002414   0x00002414   0x000000bc   Code   RO           25    i.PLL_System_Clock_Update  system_sky32b750.o
    0x000024d0   0x000024d0   0x0000001c   Code   RO         3820    i.ParamConfigInit   paramconfig.o
    0x000024ec   0x000024ec   0x00000018   Code   RO           26    i.Peripheral_Reset  system_sky32b750.o
    0x00002504   0x00002504   0x00000148   Code   RO          391    i.PinMux_Set        pinmux.o
    0x0000264c   0x0000264c   0x000001bc   Code   RO         3821    i.Printf_Param      paramconfig.o
    0x00002808   0x00002808   0x00000028   Code   RO         3645    i.Printf_Task       printf_task.o
    0x00002830   0x00002830   0x000001d8   Code   RO         3764    i.ProtocolSendPack  usart_protocol.o
    0x00002a08   0x00002a08   0x00000c04   Code   RO         3765    i.Protocol_Analysis_Handle  usart_protocol.o
    0x0000360c   0x0000360c   0x000004c0   Code   RO         3278    i.RF_CfgInit        rf_config.o
    0x00003acc   0x00003acc   0x00000012   Code   RO         2783    i.RF_Clock40M_En    hal_rf.o
    0x00003ade   0x00003ade   0x00000002   PAD
    0x00003ae0   0x00003ae0   0x00000214   Code   RO         2784    i.RF_Freq_Start_Calc  hal_rf.o
    0x00003cf4   0x00003cf4   0x00000064   Code   RO         2785    i.RF_ReadRegSPI     hal_rf.o
    0x00003d58   0x00003d58   0x00000060   Code   RO         2787    i.RF_ReadWaveSPI_C  hal_rf.o
    0x00003db8   0x00003db8   0x00000076   Code   RO         3280    i.RF_Reg_Reset      rf_config.o
    0x00003e2e   0x00003e2e   0x00000002   PAD
    0x00003e30   0x00003e30   0x0000012c   Code   RO         3281    i.RF_Reg_Set        rf_config.o
    0x00003f5c   0x00003f5c   0x00000034   Code   RO         2384    i.RF_SPI_CS         bsp_spi.o
    0x00003f90   0x00003f90   0x000001f4   Code   RO         2788    i.RF_Sweep_step_Calculate  hal_rf.o
    0x00004184   0x00004184   0x0000007c   Code   RO         2789    i.RF_WaveSet        hal_rf.o
    0x00004200   0x00004200   0x00000038   Code   RO         2790    i.RF_WriteCmdSPI    hal_rf.o
    0x00004238   0x00004238   0x000000a0   Code   RO         2792    i.RF_WriteRegSPI    hal_rf.o
    0x000042d8   0x000042d8   0x000000dc   Code   RO         2795    i.RF_WriteWaveSPI_C  hal_rf.o
    0x000043b4   0x000043b4   0x0000000a   Code   RO         2796    i.RF_waveStart      hal_rf.o
    0x000043be   0x000043be   0x0000000a   Code   RO         2797    i.RF_waveStop       hal_rf.o
    0x000043c8   0x000043c8   0x00000310   Code   RO         3377    i.Radar_Config_Init  radar_config.o
    0x000046d8   0x000046d8   0x0000020c   Code   RO         3822    i.Read_Param_From_Flash  paramconfig.o
    0x000048e4   0x000048e4   0x00000030   Code   RO         3766    i.RecProtocol_Loop  usart_protocol.o
    0x00004914   0x00004914   0x00000054   Code   RO         3094    i.SYS_CLK_PLL_Init  hal_sysclk.o
    0x00004968   0x00004968   0x00000018   Code   RO           32    i.Set_CoreLDO_Voltage  system_sky32b750.o
    0x00004980   0x00004980   0x00000016   Code   RO           33    i.Set_Flash_WS      system_sky32b750.o
    0x00004996   0x00004996   0x00000002   PAD
    0x00004998   0x00004998   0x00000050   Code   RO           36    i.Set_PLL           system_sky32b750.o
    0x000049e8   0x000049e8   0x00000018   Code   RO           38    i.Set_SysClk_Div    system_sky32b750.o
    0x00004a00   0x00004a00   0x00000020   Code   RO         3875    i.SysTick_Handler   irq_handler.o
    0x00004a20   0x00004a20   0x00000034   Code   RO         3170    i.SysTick_Init      hal_timer.o
    0x00004a54   0x00004a54   0x000000fc   Code   RO         3695    i.Sys_Init          main.o
    0x00004b50   0x00004b50   0x00000038   Code   RO           39    i.SystemInit        system_sky32b750.o
    0x00004b88   0x00004b88   0x00000020   Code   RO         3876    i.TMRB0_IRQHandler  irq_handler.o
    0x00004ba8   0x00004ba8   0x0000005c   Code   RO         3171    i.TMRB0_Init        hal_timer.o
    0x00004c04   0x00004c04   0x0000000a   Code   RO         1084    i.TMRB_Reset        timerb.o
    0x00004c0e   0x00004c0e   0x00000002   PAD
    0x00004c10   0x00004c10   0x000001cc   Code   RO         1086    i.TMRB_mTimeout     timerb.o
    0x00004ddc   0x00004ddc   0x00000014   Code   RO         2514    i.UART_Transmit_Bytes  bsp_uart.o
    0x00004df0   0x00004df0   0x000000c8   Code   RO         2515    i.USCI4_IRQHandler  bsp_uart.o
    0x00004eb8   0x00004eb8   0x00000008   Code   RO          415    i.USCI_Clear_ESR    usci.o
    0x00004ec0   0x00004ec0   0x00000008   Code   RO          416    i.USCI_Clear_ISR    usci.o
    0x00004ec8   0x00004ec8   0x0000008a   Code   RO          419    i.USCI_SPI_Init     usci.o
    0x00004f52   0x00004f52   0x00000002   PAD
    0x00004f54   0x00004f54   0x00000090   Code   RO          424    i.USCI_SPI_TRx_Ext  usci.o
    0x00004fe4   0x00004fe4   0x00000094   Code   RO          426    i.USCI_SPI_Transmit_Ext  usci.o
    0x00005078   0x00005078   0x0000009c   Code   RO          431    i.USCI_UART_Init    usci.o
    0x00005114   0x00005114   0x00000058   Code   RO          433    i.USCI_UART_Transmit  usci.o
    0x0000516c   0x0000516c   0x00000034   Code   RO          667    i.WDT_Disable       wdt.o
    0x000051a0   0x000051a0   0x00000034   Code   RO          668    i.WDT_Enable        wdt.o
    0x000051d4   0x000051d4   0x0000001c   Code   RO         3136    i.WDT_RstNow        hal_wdt.o
    0x000051f0   0x000051f0   0x00000010   Code   RO         3767    i.Word2Byte         usart_protocol.o
    0x00005200   0x00005200   0x00000020   Code   RO         4134    i.__0printf$8       mc_w.l(printf8.o)
    0x00005220   0x00005220   0x00000022   Code   RO         1089    i.__NVIC_EnableIRQ  timerb.o
    0x00005242   0x00005242   0x00000022   Code   RO         3172    i.__NVIC_EnableIRQ  hal_timer.o
    0x00005264   0x00005264   0x00000010   Code   RO         1090    i.__NVIC_GetPriorityGrouping  timerb.o
    0x00005274   0x00005274   0x00000028   Code   RO         1091    i.__NVIC_SetPriority  timerb.o
    0x0000529c   0x0000529c   0x00000028   Code   RO         3173    i.__NVIC_SetPriority  hal_timer.o
    0x000052c4   0x000052c4   0x0000000e   Code   RO         4227    i.__scatterload_copy  mc_w.l(handlers.o)
    0x000052d2   0x000052d2   0x00000002   Code   RO         4228    i.__scatterload_null  mc_w.l(handlers.o)
    0x000052d4   0x000052d4   0x0000000e   Code   RO         4229    i.__scatterload_zeroinit  mc_w.l(handlers.o)
    0x000052e2   0x000052e2   0x00000002   PAD
    0x000052e4   0x000052e4   0x00000404   Code   RO         4141    i._printf_core      mc_w.l(printf8.o)
    0x000056e8   0x000056e8   0x00000024   Code   RO         4142    i._printf_post_padding  mc_w.l(printf8.o)
    0x0000570c   0x0000570c   0x0000002e   Code   RO         4143    i._printf_pre_padding  mc_w.l(printf8.o)
    0x0000573a   0x0000573a   0x00000002   PAD
    0x0000573c   0x0000573c   0x00000704   Code   RO         3378    i.algStruct_Init    radar_config.o
    0x00005e40   0x00005e40   0x000000c0   Code   RO         3330    i.dataprep_RegSet   bb_config.o
    0x00005f00   0x00005f00   0x00000354   Code   RO         3426    i.fft1dCalc         bb_algproc.o
    0x00006254   0x00006254   0x00000044   Code   RO         2637    i.fft1dMeanDivCalc  hal_bb.o
    0x00006298   0x00006298   0x0000005e   Code   RO         2638    i.fftPTcalc         hal_bb.o
    0x000062f6   0x000062f6   0x0000000e   Code   RO         2520    i.fputc             bsp_uart.o
    0x00006304   0x00006304   0x00000038   Code   RO         3434    i.getPointCloud     bb_algproc.o
    0x0000633c   0x0000633c   0x00000060   Code   RO         2640    i.log2Data          hal_bb.o
    0x0000639c   0x0000639c   0x0000003c   Code   RO         3696    i.main              main.o
    0x000063d8   0x000063d8   0x0000000c   Code   RO         2798    i.mod               hal_rf.o
    0x000063e4   0x000063e4   0x00000098   Code   RO         1646    i.prvAddCurrentTaskToDelayedList  tasks.o
    0x0000647c   0x0000647c   0x000000b8   Code   RO         1647    i.prvAddNewTaskToReadyList  tasks.o
    0x00006534   0x00006534   0x00000064   Code   RO         2028    i.prvCheckForValidListAndQueue  timers.o
    0x00006598   0x00006598   0x00000064   Code   RO         1648    i.prvCheckTasksWaitingTermination  tasks.o
    0x000065fc   0x000065fc   0x0000002a   Code   RO         1392    i.prvCopyDataFromQueue  queue.o
    0x00006626   0x00006626   0x0000007c   Code   RO         1393    i.prvCopyDataToQueue  queue.o
    0x000066a2   0x000066a2   0x00000012   Code   RO         1649    i.prvDeleteTCB      tasks.o
    0x000066b4   0x000066b4   0x00000028   Code   RO         2029    i.prvGetNextExpireTime  timers.o
    0x000066dc   0x000066dc   0x0000007c   Code   RO         2170    i.prvHeapInit       heap_4.o
    0x00006758   0x00006758   0x0000002c   Code   RO         1650    i.prvIdleTask       tasks.o
    0x00006784   0x00006784   0x0000002e   Code   RO         1395    i.prvInitialiseNewQueue  queue.o
    0x000067b2   0x000067b2   0x00000092   Code   RO         1651    i.prvInitialiseNewTask  tasks.o
    0x00006844   0x00006844   0x00000068   Code   RO         1652    i.prvInitialiseTaskLists  tasks.o
    0x000068ac   0x000068ac   0x00000068   Code   RO         2171    i.prvInsertBlockIntoFreeList  heap_4.o
    0x00006914   0x00006914   0x00000058   Code   RO         2031    i.prvInsertTimerInActiveList  timers.o
    0x0000696c   0x0000696c   0x0000001a   Code   RO         1396    i.prvIsQueueEmpty   queue.o
    0x00006986   0x00006986   0x0000001e   Code   RO         1397    i.prvIsQueueFull    queue.o
    0x000069a4   0x000069a4   0x00000052   Code   RO         1398    i.prvNotifyQueueSetContainer  queue.o
    0x000069f6   0x000069f6   0x00000002   PAD
    0x000069f8   0x000069f8   0x0000004c   Code   RO         2032    i.prvProcessExpiredTimer  timers.o
    0x00006a44   0x00006a44   0x000000d0   Code   RO         2033    i.prvProcessReceivedCommands  timers.o
    0x00006b14   0x00006b14   0x00000074   Code   RO         2034    i.prvProcessTimerOrBlockTask  timers.o
    0x00006b88   0x00006b88   0x00000034   Code   RO         1654    i.prvResetNextTaskUnblockTime  tasks.o
    0x00006bbc   0x00006bbc   0x0000002c   Code   RO         2035    i.prvSampleTimeNow  timers.o
    0x00006be8   0x00006be8   0x00000084   Code   RO         2036    i.prvSwitchTimerLists  timers.o
    0x00006c6c   0x00006c6c   0x0000001a   Code   RO         2232    i.prvTaskExitError  port.o
    0x00006c86   0x00006c86   0x0000001a   Code   RO         2037    i.prvTimerTask      timers.o
    0x00006ca0   0x00006ca0   0x00000092   Code   RO         1399    i.prvUnlockQueue    queue.o
    0x00006d32   0x00006d32   0x00000002   PAD
    0x00006d34   0x00006d34   0x000000d0   Code   RO         2172    i.pvPortMalloc      heap_4.o
    0x00006e04   0x00006e04   0x00000020   Code   RO         1658    i.pvTaskIncrementMutexHeldCount  tasks.o
    0x00006e24   0x00006e24   0x0000002c   Code   RO         2233    i.pxPortInitialiseStack  port.o
    0x00006e50   0x00006e50   0x0000018c   Code   RO         3436    i.sampDataHandle    bb_algproc.o
    0x00006fdc   0x00006fdc   0x0000001c   Code   RO         2522    i.sendchar          bsp_uart.o
    0x00006ff8   0x00006ff8   0x00000038   Code   RO         3697    i.start_task        main.o
    0x00007030   0x00007030   0x00000094   Code   RO         3219    i.test_dma_ch1_callback  hal_ospi.o
    0x000070c4   0x000070c4   0x0000009c   Code   RO         3220    i.test_dma_ch2_callback  hal_ospi.o
    0x00007160   0x00007160   0x00000074   Code   RO         1659    i.ulTaskNotifyTake  tasks.o
    0x000071d4   0x000071d4   0x00000058   Code   RO         3698    i.userTimerB0CallBackHand  main.o
    0x0000722c   0x0000722c   0x00000028   Code   RO         1343    i.uxListRemove      list.o
    0x00007254   0x00007254   0x0000000c   Code   RO         3699    i.vApplicationIdleHook  main.o
    0x00007260   0x00007260   0x0000001a   Code   RO         1344    i.vListInitialise   list.o
    0x0000727a   0x0000727a   0x00000006   Code   RO         1345    i.vListInitialiseItem  list.o
    0x00007280   0x00007280   0x00000034   Code   RO         1346    i.vListInsert       list.o
    0x000072b4   0x000072b4   0x00000018   Code   RO         1347    i.vListInsertEnd    list.o
    0x000072cc   0x000072cc   0x00000028   Code   RO         2235    i.vPortEnterCritical  port.o
    0x000072f4   0x000072f4   0x00000020   Code   RO         2236    i.vPortExitCritical  port.o
    0x00007314   0x00007314   0x00000048   Code   RO         2173    i.vPortFree         heap_4.o
    0x0000735c   0x0000735c   0x00000020   Code   RO         2237    i.vPortSetupTimerInterrupt  port.o
    0x0000737c   0x0000737c   0x0000002c   Code   RO         1405    i.vQueueAddToRegistry  queue.o
    0x000073a8   0x000073a8   0x0000004a   Code   RO         1409    i.vQueueWaitForMessageRestricted  queue.o
    0x000073f2   0x000073f2   0x00000002   PAD
    0x000073f4   0x000073f4   0x00000034   Code   RO         1666    i.vTaskDelay        tasks.o
    0x00007428   0x00007428   0x000000cc   Code   RO         1668    i.vTaskDelete       tasks.o
    0x000074f4   0x000074f4   0x0000000c   Code   RO         1673    i.vTaskMissedYield  tasks.o
    0x00007500   0x00007500   0x000000b8   Code   RO         1674    i.vTaskNotifyGiveFromISR  tasks.o
    0x000075b8   0x000075b8   0x00000020   Code   RO         1675    i.vTaskPlaceOnEventList  tasks.o
    0x000075d8   0x000075d8   0x00000028   Code   RO         1676    i.vTaskPlaceOnEventListRestricted  tasks.o
    0x00007600   0x00007600   0x000000b0   Code   RO         1678    i.vTaskPriorityInherit  tasks.o
    0x000076b0   0x000076b0   0x00000018   Code   RO         1682    i.vTaskSetTimeOutState  tasks.o
    0x000076c8   0x000076c8   0x0000007c   Code   RO         1683    i.vTaskStartScheduler  tasks.o
    0x00007744   0x00007744   0x00000010   Code   RO         1685    i.vTaskSuspendAll   tasks.o
    0x00007754   0x00007754   0x000000a0   Code   RO         1686    i.vTaskSwitchContext  tasks.o
    0x000077f4   0x000077f4   0x00000048   Code   RO         2238    i.xPortStartScheduler  port.o
    0x0000783c   0x0000783c   0x00000038   Code   RO         2239    i.xPortSysTickHandler  port.o
    0x00007874   0x00007874   0x00000038   Code   RO         1414    i.xQueueGenericCreate  queue.o
    0x000078ac   0x000078ac   0x0000015c   Code   RO         1415    i.xQueueGenericReceive  queue.o
    0x00007a08   0x00007a08   0x00000080   Code   RO         1416    i.xQueueGenericReset  queue.o
    0x00007a88   0x00007a88   0x00000138   Code   RO         1417    i.xQueueGenericSend  queue.o
    0x00007bc0   0x00007bc0   0x000000a0   Code   RO         1418    i.xQueueGenericSendFromISR  queue.o
    0x00007c60   0x00007c60   0x0000005c   Code   RO         1687    i.xTaskCheckForTimeOut  tasks.o
    0x00007cbc   0x00007cbc   0x00000060   Code   RO         1688    i.xTaskCreate       tasks.o
    0x00007d1c   0x00007d1c   0x00000020   Code   RO         1692    i.xTaskGetSchedulerState  tasks.o
    0x00007d3c   0x00007d3c   0x0000000c   Code   RO         1693    i.xTaskGetTickCount  tasks.o
    0x00007d48   0x00007d48   0x0000011c   Code   RO         1695    i.xTaskIncrementTick  tasks.o
    0x00007e64   0x00007e64   0x00000084   Code   RO         1698    i.xTaskPriorityDisinherit  tasks.o
    0x00007ee8   0x00007ee8   0x00000080   Code   RO         1699    i.xTaskRemoveFromEventList  tasks.o
    0x00007f68   0x00007f68   0x000000e8   Code   RO         1701    i.xTaskResumeAll    tasks.o
    0x00008050   0x00008050   0x00000040   Code   RO         2041    i.xTimerCreateTimerTask  timers.o
    0x00008090   0x00008090   0x0000006c   Code   RO         2042    i.xTimerGenericCommand  timers.o
    0x000080fc   0x000080fc   0x00001080   Data   RO         3380    .constdata          radar_config.o
    0x0000917c   0x0000917c   0x0000004e   Data   RO         3824    .conststring        paramconfig.o
    0x000091ca   0x000091ca   0x00000002   PAD
    0x000091cc   0x000091cc   0x00000020   Data   RO         4225    Region$$Table       anon$$obj.o


    Execution Region RW_IRAM1 (Exec base: 0x20000000, Load base: 0x000091ec, Size: 0x000018e8, Max: 0x00004000, ABSOLUTE, COMPRESSED[0x0000005c])

    Exec Addr    Load Addr    Size         Type   Attr      Idx    E Section Name        Object

    0x20000000   COMPRESSED   0x0000002c   Data   RW           40    .data               system_sky32b750.o
    0x2000002c   COMPRESSED   0x00000008   Data   RW          807    .data               efc.o
    0x20000034   COMPRESSED   0x00000044   Data   RW         1704    .data               tasks.o
    0x20000078   COMPRESSED   0x00000014   Data   RW         2050    .data               timers.o
    0x2000008c   COMPRESSED   0x00000018   Data   RW         2178    .data               heap_4.o
    0x200000a4   COMPRESSED   0x00000004   Data   RW         2240    .data               port.o
    0x200000a8   COMPRESSED   0x00000008   Data   RW         2525    .data               bsp_uart.o
    0x200000b0   COMPRESSED   0x0000000c   Data   RW         3095    .data               hal_sysclk.o
    0x200000bc   COMPRESSED   0x00000002   Data   RW         3222    .data               hal_ospi.o
    0x200000be   COMPRESSED   0x00000002   PAD
    0x200000c0   COMPRESSED   0x00000028   Data   RW         3332    .data               bb_config.o
    0x200000e8   COMPRESSED   0x00000038   Data   RW         3381    .data               radar_config.o
    0x20000120   COMPRESSED   0x00000011   Data   RW         3438    .data               bb_algproc.o
    0x20000131   COMPRESSED   0x00000003   PAD
    0x20000134   COMPRESSED   0x00000008   Data   RW         3591    .data               bb_task.o
    0x2000013c   COMPRESSED   0x00000008   Data   RW         3648    .data               printf_task.o
    0x20000144   COMPRESSED   0x00000014   Data   RW         3700    .data               main.o
    0x20000158   COMPRESSED   0x00000008   Data   RW         3877    .data               irq_handler.o
    0x20000160        -       0x00000018   Zero   RW          563    .bss                dma.o
    0x20000178        -       0x00000040   Zero   RW         1430    .bss                queue.o
    0x200001b8        -       0x000000c8   Zero   RW         1703    .bss                tasks.o
    0x20000280        -       0x00000028   Zero   RW         2049    .bss                timers.o
    0x200002a8        -       0x00000048   Zero   RW         2385    .bss                bsp_spi.o
    0x200002f0        -       0x0000006c   Zero   RW         2524    .bss                bsp_uart.o
    0x2000035c        -       0x00000014   Zero   RW         2799    .bss                hal_rf.o
    0x20000370        -       0x00000020   Zero   RW         3221    .bss                hal_ospi.o
    0x20000390        -       0x0000017e   Zero   RW         3282    .bss                rf_config.o
    0x2000050e   COMPRESSED   0x00000002   PAD
    0x20000510        -       0x00000188   Zero   RW         3331    .bss                bb_config.o
    0x20000698        -       0x000001f4   Zero   RW         3379    .bss                radar_config.o
    0x2000088c   COMPRESSED   0x00000004   PAD
    0x20000890        -       0x00000020   Zero   RW         3768    .bss                usart_protocol.o
    0x200008b0        -       0x00000034   Zero   RW         3823    .bss                paramconfig.o
    0x200008e4   COMPRESSED   0x00000004   PAD
    0x200008e8        -       0x00001000   Zero   RW            1    STACK               startup_sky32b750.o



  Load Region LR$$.ARM.__AT_0x20004000 (Base: 0x20004000, Size: 0x00000000, Max: 0x00003800, ABSOLUTE)

    Execution Region ER$$.ARM.__AT_0x20004000 (Exec base: 0x20004000, Load base: 0x20004000, Size: 0x00003800, Max: 0x00003800, ABSOLUTE, UNINIT)

    Exec Addr    Load Addr    Size         Type   Attr      Idx    E Section Name        Object

    0x20004000        -       0x00003800   Zero   RW         2177    .ARM.__AT_0x20004000  heap_4.o


==============================================================================

Image component sizes


      Code (inc. data)   RO Data    RW Data    ZI Data      Debug   Object Name

      1352        192          0         17          0       3951   bb_algproc.o
      1268         68          0         40        392       4765   bb_config.o
       184         48          0          8          0       2599   bb_task.o
       180         12          0          0          0        623   bsp_adc.o
       112         16          0          0          0       1161   bsp_gpio.o
       216         28          0          0         72      32592   bsp_spi.o
       438         78          0          8        108      42259   bsp_uart.o
         0          0          0          0          0      10216   croutine.o
         0          0          0          0          0      97308   delay.o
       956         60          0          0         24      12511   dma.o
       520         40          0          8          0       3836   efc.o
         0          0          0          0          0      11980   event_groups.o
        64          6          0          0          0        751   fadc.o
       364         18          0          0          0       2708   gpio.o
      1338         54          0          0          0       8055   hal_bb.o
        62          8          0          0          0       1246   hal_delay.o
       112         10          0          0          0      36737   hal_dma.o
       948         34          0          0          0      37726   hal_mpu.o
      1512         72          0          2         32       4898   hal_ospi.o
      2180        206          0          0         20      12371   hal_rf.o
       102          8          0         12          0       2640   hal_sysclk.o
       218         20          0          0          0      38279   hal_timer.o
        28          6          0          0          0        545   hal_wdt.o
       508         62          0         24      14336       4371   heap_4.o
        64         16          0          8          0       1721   irq_handler.o
       148          0          0          0          0       3666   list.o
       488         94          0         20          0      40306   main.o
         0          0          0          0          0       3696   mpu.o
       150          0          0          0          0       2373   ospi.o
       998        264         78          0         52       5655   paramconfig.o
       328          8          0          0          0       1429   pinmux.o
       488         58          0          4          0      10436   port.o
        84         28          0          8          0       2519   printf_task.o
      1618         22          0          0         64      16973   queue.o
      2580        108       4224         56        500      44394   radar_config.o
      1634         28          0          0        382       2818   rf_config.o
        36          8        224          0       4096       1004   startup_sky32b750.o
       606         64          0         44          0     126965   system_sky32b750.o
      2980        446          0         68        200      33651   tasks.o
       624         24          0          0          0      39856   timerb.o
      1002        116          0         20         40       9743   timers.o
      3896        378          0          0         32       5880   usart_protocol.o
       690         18          0          0          0       6187   usci.o
       104         32          0          0          0       1123   wdt.o

    ----------------------------------------------------------------------
     31212       2758       4560        352      20360     734523   Object Totals
         0          0         32          0          0          0   (incl. Generated)
        32          0          2          5         10          0   (incl. Padding)

    ----------------------------------------------------------------------

      Code (inc. data)   RO Data    RW Data    ZI Data      Debug   Library Member Name

        86          0          0          0          0          0   __dczerorl2.o
         0          0          0          0          0          0   entry.o
         0          0          0          0          0          0   entry10a.o
         0          0          0          0          0          0   entry11a.o
         4          0          0          0          0          0   entry12b.o
         8          4          0          0          0          0   entry2.o
         4          0          0          0          0          0   entry5.o
         0          0          0          0          0          0   entry7b.o
         0          0          0          0          0          0   entry8b.o
         8          4          0          0          0          0   entry9a.o
        30          0          0          0          0          0   handlers.o
        36          8          0          0          0         68   init.o
        30          0          0          0          0         68   llshl.o
        32          0          0          0          0         68   llushr.o
        26          0          0          0          0         80   memcmp.o
        36          0          0          0          0         68   memcpya.o
        36          0          0          0          0        108   memseta.o
      1142         54          0          0          0        352   printf8.o
        98          0          0          0          0         92   uldiv.o

    ----------------------------------------------------------------------
      1584         70          0          0          0        904   Library Totals
         8          0          0          0          0          0   (incl. Padding)

    ----------------------------------------------------------------------

      Code (inc. data)   RO Data    RW Data    ZI Data      Debug   Library Name

      1576         70          0          0          0        904   mc_w.l

    ----------------------------------------------------------------------
      1584         70          0          0          0        904   Library Totals

    ----------------------------------------------------------------------

==============================================================================


      Code (inc. data)   RO Data    RW Data    ZI Data      Debug   

     32796       2828       4560        352      20360     715395   Grand Totals
     32796       2828       4560         92      20360     715395   ELF Image Totals (compressed)
     32796       2828       4560         92          0          0   ROM Totals

==============================================================================

    Total RO  Size (Code + RO Data)                37356 (  36.48kB)
    Total RW  Size (RW Data + ZI Data)             20712 (  20.23kB)
    Total ROM Size (Code + RO Data + RW Data)      37448 (  36.57kB)

==============================================================================

