<html>
<body>
<pre>
<h1>µVision Build Log</h1>
<h2>Tool Versions:</h2>
IDE-Version: ¦ÌVision V5.36.0.0
Copyright (C) 2021 ARM Ltd and ARM Germany GmbH. All rights reserved.
License Information:  ww xx, a, LIC=8VRJ7-E0YVS-DYDV3-AG4Q9-Z0PQ7-9LNRE
 
Tool Versions:
Toolchain:       MDK-ARM Plus  Version: 5.36.0.0
Toolchain Path:  D:\Keil\ARM\ARMCC\Bin
C Compiler:      Armcc.exe V5.06 update 7 (build 960)
Assembler:       Armasm.exe V5.06 update 7 (build 960)
Linker/Locator:  ArmLink.exe V5.06 update 7 (build 960)
Library Manager: ArmAr.exe V5.06 update 7 (build 960)
Hex Converter:   FromElf.exe V5.06 update 7 (build 960)
CPU DLL:         SARMCM3.DLL V5.36.0.0
Dialog DLL:      DCM.DLL V1.17.3.0
Target DLL:      Segger\JL2CM3.dll V2.99.40.0
Dialog DLL:      TCM.DLL V1.53.0.0
 
<h2>Project:</h2>
D:\Codes\4.0.1\5-RADAR_V10\proj\V1.1.2_chirpmean_44+86\Jupiter.uvprojx
Project File Date:  03/28/2025

<h2>Output:</h2>
*** Using Compiler 'V5.06 update 7 (build 960)', folder: 'D:\Keil\ARM\ARMCC\Bin'
Rebuild target 'Jupiter'
assembling startup_SKY32B750.s...
compiling mpu.c...
compiling usci.c...
compiling wdt.c...
compiling rtc.c...
compiling GPIO_Driver.c...
compiling pinmux.c...
compiling fadc.c...
compiling system_SKY32B750.c...
compiling gpio.c...
compiling efc.c...
compiling delay.c...
compiling dma.c...
compiling Delay_Driver.c...
compiling USART_Driver.c...
compiling SPI_Driver.c...
compiling MPU_Driver.c...
compiling DMA_Driver.c...
compiling IRQ_Handler.c...
compiling SysClk_Driver.c...
compiling ADC_Driver.c...
compiling WDT_Driver.c...
compiling RTC_Driver.c...
compiling ParamConfig.c...
compiling RF_SPI_Config.c...
compiling main.c...
compiling Usart_Protocol.c...
compiling BB_Config.c...
compiling App_Func.c...
App\App_Func.c(360): warning:  #177-D: variable "tempR"  was declared but never referenced
  					float tempR = 0, tempI = 0;
App\App_Func.c(360): warning:  #177-D: variable "tempI"  was declared but never referenced
  					float tempR = 0, tempI = 0;
App\App_Func.c(260): warning:  #546-D: transfer of control bypasses initialization of:
            variable "realPart"  (declared at line 356)
            variable "imagePart"  (declared at line 357)
            variable "tempR"  (declared at line 360)
            variable "tempI"  (declared at line 360)
            variable "j"  (declared at line 363)
            variable "m"  (declared at line 364)
      switch (scmd) {
      ^
App\App_Func.c: 3 warnings, 0 errors
linking...
Program Size: Code=18816 RO-data=7168 RW-data=120 ZI-data=10768  
FromELF: creating hex file...
".\Objects\Jupiter.axf" - 0 Error(s), 3 Warning(s).

<h2>Software Packages used:</h2>

Package Vendor: ARM
                http://www.keil.com/pack/ARM.CMSIS.5.8.0.pack
                ARM.CMSIS.5.8.0
                CMSIS (Common Microcontroller Software Interface Standard)

<h2>Collection of Component include folders:</h2>
  D:\Keil\Packs\ARM\CMSIS\5.8.0\Device\ARM\ARMCM7\Include

<h2>Collection of Component Files used:</h2>
Build Time Elapsed:  00:00:04
</pre>
</body>
</html>
