<!doctype html public "-//w3c//dtd html 4.0 transitional//en">
<html><head>
<title>Static Call Graph - [.\Objects\Jupiter.axf]</title></head>
<body><HR>
<H1>Static Call Graph for image .\Objects\Jupiter.axf</H1><HR>
<BR><P>#&#060CALLGRAPH&#062# ARM Linker, 5060960: Last Updated: Thu Feb 05 20:01:06 2026
<BR><P>
<H3>Maximum Stack Usage =        512 bytes + Unknown(Cycles, Untraceable Function Pointers)</H3><H3>
Call chain for Maximum Stack Depth:</H3>
main &rArr; App_Init &rArr; Radar_Config_Init &rArr; RF_CfgInit &rArr; Hal_RF_WaveGen &rArr; RF_Sweep_step_Calculate
<P>
<H3>
Mutually Recursive functions
</H3> <LI><a href="#[2]">HardFault_Handler</a>&nbsp;&nbsp;&nbsp;&rArr;&nbsp;&nbsp;&nbsp;<a href="#[2]">HardFault_Handler</a><BR>
 <LI><a href="#[3]">MemManage_Handler</a>&nbsp;&nbsp;&nbsp;&rArr;&nbsp;&nbsp;&nbsp;<a href="#[3]">MemManage_Handler</a><BR>
 <LI><a href="#[4]">BusFault_Handler</a>&nbsp;&nbsp;&nbsp;&rArr;&nbsp;&nbsp;&nbsp;<a href="#[4]">BusFault_Handler</a><BR>
 <LI><a href="#[5]">UsageFault_Handler</a>&nbsp;&nbsp;&nbsp;&rArr;&nbsp;&nbsp;&nbsp;<a href="#[5]">UsageFault_Handler</a><BR>
 <LI><a href="#[7]">DebugMon_Handler</a>&nbsp;&nbsp;&nbsp;&rArr;&nbsp;&nbsp;&nbsp;<a href="#[7]">DebugMon_Handler</a><BR>
 <LI><a href="#[2e]">BOD_IRQHandler</a>&nbsp;&nbsp;&nbsp;&rArr;&nbsp;&nbsp;&nbsp;<a href="#[2e]">BOD_IRQHandler</a><BR>
</UL>
<P>
<H3>
Function Pointers
</H3><UL>
 <LI><a href="#[1e]">BB_IRQHandler</a> from bb_config.o(i.BB_IRQHandler) referenced from startup_sky32b750.o(RESET)
 <LI><a href="#[35]">BB_Task</a> from bb_task.o(i.BB_Task) referenced from bb_task.o(i.CreateBBTask)
 <LI><a href="#[2e]">BOD_IRQHandler</a> from startup_sky32b750.o(.text) referenced from startup_sky32b750.o(RESET)
 <LI><a href="#[4]">BusFault_Handler</a> from startup_sky32b750.o(.text) referenced from startup_sky32b750.o(RESET)
 <LI><a href="#[2c]">CAN0_IRQHandler</a> from startup_sky32b750.o(.text) referenced from startup_sky32b750.o(RESET)
 <LI><a href="#[2d]">CAN1_IRQHandler</a> from startup_sky32b750.o(.text) referenced from startup_sky32b750.o(RESET)
 <LI><a href="#[1d]">DMA_IRQHandler</a> from hal_ospi.o(i.DMA_IRQHandler) referenced from startup_sky32b750.o(RESET)
 <LI><a href="#[7]">DebugMon_Handler</a> from startup_sky32b750.o(.text) referenced from startup_sky32b750.o(RESET)
 <LI><a href="#[21]">GPIO0_E0_IRQHandler</a> from startup_sky32b750.o(.text) referenced from startup_sky32b750.o(RESET)
 <LI><a href="#[22]">GPIO0_E1_IRQHandler</a> from startup_sky32b750.o(.text) referenced from startup_sky32b750.o(RESET)
 <LI><a href="#[20]">GPIO0_IRQHandler</a> from startup_sky32b750.o(.text) referenced from startup_sky32b750.o(RESET)
 <LI><a href="#[24]">GPIO1_E0_IRQHandler</a> from startup_sky32b750.o(.text) referenced from startup_sky32b750.o(RESET)
 <LI><a href="#[25]">GPIO1_E1_IRQHandler</a> from startup_sky32b750.o(.text) referenced from startup_sky32b750.o(RESET)
 <LI><a href="#[23]">GPIO1_IRQHandler</a> from startup_sky32b750.o(.text) referenced from startup_sky32b750.o(RESET)
 <LI><a href="#[27]">GPIO2_E0_IRQHandler</a> from startup_sky32b750.o(.text) referenced from startup_sky32b750.o(RESET)
 <LI><a href="#[28]">GPIO2_E1_IRQHandler</a> from startup_sky32b750.o(.text) referenced from startup_sky32b750.o(RESET)
 <LI><a href="#[26]">GPIO2_IRQHandler</a> from startup_sky32b750.o(.text) referenced from startup_sky32b750.o(RESET)
 <LI><a href="#[2a]">GPIO3_E0_IRQHandler</a> from startup_sky32b750.o(.text) referenced from startup_sky32b750.o(RESET)
 <LI><a href="#[2b]">GPIO3_E1_IRQHandler</a> from startup_sky32b750.o(.text) referenced from startup_sky32b750.o(RESET)
 <LI><a href="#[29]">GPIO3_IRQHandler</a> from startup_sky32b750.o(.text) referenced from startup_sky32b750.o(RESET)
 <LI><a href="#[2]">HardFault_Handler</a> from startup_sky32b750.o(.text) referenced from startup_sky32b750.o(RESET)
 <LI><a href="#[1f]">I2C_IRQHandler</a> from startup_sky32b750.o(.text) referenced from startup_sky32b750.o(RESET)
 <LI><a href="#[3]">MemManage_Handler</a> from startup_sky32b750.o(.text) referenced from startup_sky32b750.o(RESET)
 <LI><a href="#[1]">NMI_Handler</a> from system_sky32b750.o(i.NMI_Handler) referenced from startup_sky32b750.o(RESET)
 <LI><a href="#[30]">OSPI0_IRQHandler</a> from startup_sky32b750.o(.text) referenced from startup_sky32b750.o(RESET)
 <LI><a href="#[31]">OSPI1_IRQHandler</a> from startup_sky32b750.o(.text) referenced from startup_sky32b750.o(RESET)
 <LI><a href="#[8]">PendSV_Handler</a> from port.o(.emb_text) referenced from startup_sky32b750.o(RESET)
 <LI><a href="#[36]">Printf_Task</a> from printf_task.o(i.Printf_Task) referenced from printf_task.o(i.CreatePrintfTask)
 <LI><a href="#[15]">QSPI0_IRQHandler</a> from startup_sky32b750.o(.text) referenced from startup_sky32b750.o(RESET)
 <LI><a href="#[16]">QSPI1_IRQHandler</a> from startup_sky32b750.o(.text) referenced from startup_sky32b750.o(RESET)
 <LI><a href="#[a]">RES_IRQHandler</a> from startup_sky32b750.o(.text) referenced from startup_sky32b750.o(RESET)
 <LI><a href="#[c]">RTC_IRQHandler</a> from startup_sky32b750.o(.text) referenced from startup_sky32b750.o(RESET)
 <LI><a href="#[0]">Reset_Handler</a> from startup_sky32b750.o(.text) referenced from startup_sky32b750.o(RESET)
 <LI><a href="#[2f]">SAR_IRQHandler</a> from startup_sky32b750.o(.text) referenced from startup_sky32b750.o(RESET)
 <LI><a href="#[6]">SVC_Handler</a> from port.o(.emb_text) referenced from startup_sky32b750.o(RESET)
 <LI><a href="#[9]">SysTick_Handler</a> from irq_handler.o(i.SysTick_Handler) referenced from startup_sky32b750.o(RESET)
 <LI><a href="#[33]">SystemInit</a> from system_sky32b750.o(i.SystemInit) referenced from startup_sky32b750.o(.text)
 <LI><a href="#[17]">TMRA_IRQHandler</a> from startup_sky32b750.o(.text) referenced from startup_sky32b750.o(RESET)
 <LI><a href="#[18]">TMRB0_IRQHandler</a> from irq_handler.o(i.TMRB0_IRQHandler) referenced from startup_sky32b750.o(RESET)
 <LI><a href="#[19]">TMRB1_IRQHandler</a> from startup_sky32b750.o(.text) referenced from startup_sky32b750.o(RESET)
 <LI><a href="#[1a]">TMRB2_IRQHandler</a> from startup_sky32b750.o(.text) referenced from startup_sky32b750.o(RESET)
 <LI><a href="#[1b]">TMRB3_IRQHandler</a> from startup_sky32b750.o(.text) referenced from startup_sky32b750.o(RESET)
 <LI><a href="#[d]">USCI0_IRQHandler</a> from startup_sky32b750.o(.text) referenced from startup_sky32b750.o(RESET)
 <LI><a href="#[e]">USCI1_IRQHandler</a> from startup_sky32b750.o(.text) referenced from startup_sky32b750.o(RESET)
 <LI><a href="#[f]">USCI2_IRQHandler</a> from startup_sky32b750.o(.text) referenced from startup_sky32b750.o(RESET)
 <LI><a href="#[10]">USCI3_IRQHandler</a> from startup_sky32b750.o(.text) referenced from startup_sky32b750.o(RESET)
 <LI><a href="#[11]">USCI4_IRQHandler</a> from bsp_uart.o(i.USCI4_IRQHandler) referenced from startup_sky32b750.o(RESET)
 <LI><a href="#[12]">USCI5_IRQHandler</a> from startup_sky32b750.o(.text) referenced from startup_sky32b750.o(RESET)
 <LI><a href="#[13]">USCI6_IRQHandler</a> from startup_sky32b750.o(.text) referenced from startup_sky32b750.o(RESET)
 <LI><a href="#[14]">USCI7_IRQHandler</a> from startup_sky32b750.o(.text) referenced from startup_sky32b750.o(RESET)
 <LI><a href="#[5]">UsageFault_Handler</a> from startup_sky32b750.o(.text) referenced from startup_sky32b750.o(RESET)
 <LI><a href="#[b]">WDT_IRQHandler</a> from startup_sky32b750.o(.text) referenced from startup_sky32b750.o(RESET)
 <LI><a href="#[1c]">WWDG_IRQHandler</a> from startup_sky32b750.o(.text) referenced from startup_sky32b750.o(RESET)
 <LI><a href="#[34]">__main</a> from entry.o(.ARM.Collect$$$$00000000) referenced from startup_sky32b750.o(.text)
 <LI><a href="#[39]">fputc</a> from bsp_uart.o(i.fputc) referenced from printf8.o(i.__0printf$8)
 <LI><a href="#[32]">main</a> from main.o(i.main) referenced from entry9a.o(.ARM.Collect$$$$0000000B)
 <LI><a href="#[3c]">prvIdleTask</a> from tasks.o(i.prvIdleTask) referenced from tasks.o(i.vTaskStartScheduler)
 <LI><a href="#[3b]">prvTaskExitError</a> from port.o(i.prvTaskExitError) referenced from port.o(i.pxPortInitialiseStack)
 <LI><a href="#[3d]">prvTimerTask</a> from timers.o(i.prvTimerTask) referenced from timers.o(i.xTimerCreateTimerTask)
 <LI><a href="#[3a]">start_task</a> from main.o(i.start_task) referenced from main.o(i.main)
 <LI><a href="#[37]">test_dma_ch1_callback</a> from hal_ospi.o(i.test_dma_ch1_callback) referenced from hal_ospi.o(i.OSPI_MasterInit)
 <LI><a href="#[38]">test_dma_ch2_callback</a> from hal_ospi.o(i.test_dma_ch2_callback) referenced from hal_ospi.o(i.OSPI_MasterInit)
</UL>
<P>
<H3>
Global Symbols
</H3>
<P><STRONG><a name="[34]"></a>__main</STRONG> (Thumb, 0 bytes, Stack size unknown bytes, entry.o(.ARM.Collect$$$$00000000))
<BR>[Address Reference Count : 1]<UL><LI> startup_sky32b750.o(.text)
</UL>
<P><STRONG><a name="[10b]"></a>_main_stk</STRONG> (Thumb, 0 bytes, Stack size unknown bytes, entry2.o(.ARM.Collect$$$$00000001))

<P><STRONG><a name="[3e]"></a>_main_scatterload</STRONG> (Thumb, 0 bytes, Stack size unknown bytes, entry5.o(.ARM.Collect$$$$00000004))
<BR><BR>[Calls]<UL><LI><a href="#[3f]">&gt;&gt;</a>&nbsp;&nbsp;&nbsp;__scatterload
</UL>

<P><STRONG><a name="[47]"></a>__main_after_scatterload</STRONG> (Thumb, 0 bytes, Stack size unknown bytes, entry5.o(.ARM.Collect$$$$00000004))
<BR><BR>[Called By]<UL><LI><a href="#[3f]">&gt;&gt;</a>&nbsp;&nbsp;&nbsp;__scatterload
</UL>

<P><STRONG><a name="[10c]"></a>_main_clock</STRONG> (Thumb, 0 bytes, Stack size unknown bytes, entry7b.o(.ARM.Collect$$$$00000008))

<P><STRONG><a name="[10d]"></a>_main_cpp_init</STRONG> (Thumb, 0 bytes, Stack size unknown bytes, entry8b.o(.ARM.Collect$$$$0000000A))

<P><STRONG><a name="[10e]"></a>_main_init</STRONG> (Thumb, 0 bytes, Stack size unknown bytes, entry9a.o(.ARM.Collect$$$$0000000B))

<P><STRONG><a name="[10f]"></a>__rt_lib_shutdown_fini</STRONG> (Thumb, 0 bytes, Stack size unknown bytes, entry12b.o(.ARM.Collect$$$$0000000E))

<P><STRONG><a name="[110]"></a>__rt_final_cpp</STRONG> (Thumb, 0 bytes, Stack size unknown bytes, entry10a.o(.ARM.Collect$$$$0000000F))

<P><STRONG><a name="[111]"></a>__rt_final_exit</STRONG> (Thumb, 0 bytes, Stack size unknown bytes, entry11a.o(.ARM.Collect$$$$00000011))

<P><STRONG><a name="[6]"></a>SVC_Handler</STRONG> (Thumb, 28 bytes, Stack size 0 bytes, port.o(.emb_text))
<BR>[Address Reference Count : 1]<UL><LI> startup_sky32b750.o(RESET)
</UL>
<P><STRONG><a name="[104]"></a>__asm___6_port_c_39a90d8d__prvStartFirstTask</STRONG> (Thumb, 28 bytes, Stack size 0 bytes, port.o(.emb_text))
<BR><BR>[Called By]<UL><LI><a href="#[101]">&gt;&gt;</a>&nbsp;&nbsp;&nbsp;xPortStartScheduler
</UL>

<P><STRONG><a name="[103]"></a>__asm___6_port_c_39a90d8d__prvEnableVFP</STRONG> (Thumb, 16 bytes, Stack size 0 bytes, port.o(.emb_text))
<BR><BR>[Called By]<UL><LI><a href="#[101]">&gt;&gt;</a>&nbsp;&nbsp;&nbsp;xPortStartScheduler
</UL>

<P><STRONG><a name="[8]"></a>PendSV_Handler</STRONG> (Thumb, 92 bytes, Stack size 0 bytes, port.o(.emb_text))
<BR><BR>[Calls]<UL><LI><a href="#[40]">&gt;&gt;</a>&nbsp;&nbsp;&nbsp;vTaskSwitchContext
</UL>
<BR>[Address Reference Count : 1]<UL><LI> startup_sky32b750.o(RESET)
</UL>
<P><STRONG><a name="[112]"></a>vPortGetIPSR</STRONG> (Thumb, 6 bytes, Stack size 0 bytes, port.o(.emb_text), UNUSED)

<P><STRONG><a name="[0]"></a>Reset_Handler</STRONG> (Thumb, 8 bytes, Stack size 0 bytes, startup_sky32b750.o(.text))
<BR>[Address Reference Count : 1]<UL><LI> startup_sky32b750.o(RESET)
</UL>
<P><STRONG><a name="[2]"></a>HardFault_Handler</STRONG> (Thumb, 2 bytes, Stack size 0 bytes, startup_sky32b750.o(.text))
<BR><BR>[Calls]<UL><LI><a href="#[2]">&gt;&gt;</a>&nbsp;&nbsp;&nbsp;HardFault_Handler
</UL>
<BR>[Called By]<UL><LI><a href="#[2]">&gt;&gt;</a>&nbsp;&nbsp;&nbsp;HardFault_Handler
</UL>
<BR>[Address Reference Count : 1]<UL><LI> startup_sky32b750.o(RESET)
</UL>
<P><STRONG><a name="[3]"></a>MemManage_Handler</STRONG> (Thumb, 2 bytes, Stack size 0 bytes, startup_sky32b750.o(.text))
<BR><BR>[Calls]<UL><LI><a href="#[3]">&gt;&gt;</a>&nbsp;&nbsp;&nbsp;MemManage_Handler
</UL>
<BR>[Called By]<UL><LI><a href="#[3]">&gt;&gt;</a>&nbsp;&nbsp;&nbsp;MemManage_Handler
</UL>
<BR>[Address Reference Count : 1]<UL><LI> startup_sky32b750.o(RESET)
</UL>
<P><STRONG><a name="[4]"></a>BusFault_Handler</STRONG> (Thumb, 2 bytes, Stack size 0 bytes, startup_sky32b750.o(.text))
<BR><BR>[Calls]<UL><LI><a href="#[4]">&gt;&gt;</a>&nbsp;&nbsp;&nbsp;BusFault_Handler
</UL>
<BR>[Called By]<UL><LI><a href="#[4]">&gt;&gt;</a>&nbsp;&nbsp;&nbsp;BusFault_Handler
</UL>
<BR>[Address Reference Count : 1]<UL><LI> startup_sky32b750.o(RESET)
</UL>
<P><STRONG><a name="[5]"></a>UsageFault_Handler</STRONG> (Thumb, 2 bytes, Stack size 0 bytes, startup_sky32b750.o(.text))
<BR><BR>[Calls]<UL><LI><a href="#[5]">&gt;&gt;</a>&nbsp;&nbsp;&nbsp;UsageFault_Handler
</UL>
<BR>[Called By]<UL><LI><a href="#[5]">&gt;&gt;</a>&nbsp;&nbsp;&nbsp;UsageFault_Handler
</UL>
<BR>[Address Reference Count : 1]<UL><LI> startup_sky32b750.o(RESET)
</UL>
<P><STRONG><a name="[7]"></a>DebugMon_Handler</STRONG> (Thumb, 2 bytes, Stack size 0 bytes, startup_sky32b750.o(.text))
<BR><BR>[Calls]<UL><LI><a href="#[7]">&gt;&gt;</a>&nbsp;&nbsp;&nbsp;DebugMon_Handler
</UL>
<BR>[Called By]<UL><LI><a href="#[7]">&gt;&gt;</a>&nbsp;&nbsp;&nbsp;DebugMon_Handler
</UL>
<BR>[Address Reference Count : 1]<UL><LI> startup_sky32b750.o(RESET)
</UL>
<P><STRONG><a name="[2e]"></a>BOD_IRQHandler</STRONG> (Thumb, 0 bytes, Stack size 0 bytes, startup_sky32b750.o(.text))
<BR><BR>[Calls]<UL><LI><a href="#[2e]">&gt;&gt;</a>&nbsp;&nbsp;&nbsp;BOD_IRQHandler
</UL>
<BR>[Called By]<UL><LI><a href="#[2e]">&gt;&gt;</a>&nbsp;&nbsp;&nbsp;BOD_IRQHandler
</UL>
<BR>[Address Reference Count : 1]<UL><LI> startup_sky32b750.o(RESET)
</UL>
<P><STRONG><a name="[2c]"></a>CAN0_IRQHandler</STRONG> (Thumb, 0 bytes, Stack size 0 bytes, startup_sky32b750.o(.text))
<BR>[Address Reference Count : 1]<UL><LI> startup_sky32b750.o(RESET)
</UL>
<P><STRONG><a name="[2d]"></a>CAN1_IRQHandler</STRONG> (Thumb, 0 bytes, Stack size 0 bytes, startup_sky32b750.o(.text))
<BR>[Address Reference Count : 1]<UL><LI> startup_sky32b750.o(RESET)
</UL>
<P><STRONG><a name="[21]"></a>GPIO0_E0_IRQHandler</STRONG> (Thumb, 0 bytes, Stack size 0 bytes, startup_sky32b750.o(.text))
<BR>[Address Reference Count : 1]<UL><LI> startup_sky32b750.o(RESET)
</UL>
<P><STRONG><a name="[22]"></a>GPIO0_E1_IRQHandler</STRONG> (Thumb, 0 bytes, Stack size 0 bytes, startup_sky32b750.o(.text))
<BR>[Address Reference Count : 1]<UL><LI> startup_sky32b750.o(RESET)
</UL>
<P><STRONG><a name="[20]"></a>GPIO0_IRQHandler</STRONG> (Thumb, 0 bytes, Stack size 0 bytes, startup_sky32b750.o(.text))
<BR>[Address Reference Count : 1]<UL><LI> startup_sky32b750.o(RESET)
</UL>
<P><STRONG><a name="[24]"></a>GPIO1_E0_IRQHandler</STRONG> (Thumb, 0 bytes, Stack size 0 bytes, startup_sky32b750.o(.text))
<BR>[Address Reference Count : 1]<UL><LI> startup_sky32b750.o(RESET)
</UL>
<P><STRONG><a name="[25]"></a>GPIO1_E1_IRQHandler</STRONG> (Thumb, 0 bytes, Stack size 0 bytes, startup_sky32b750.o(.text))
<BR>[Address Reference Count : 1]<UL><LI> startup_sky32b750.o(RESET)
</UL>
<P><STRONG><a name="[23]"></a>GPIO1_IRQHandler</STRONG> (Thumb, 0 bytes, Stack size 0 bytes, startup_sky32b750.o(.text))
<BR>[Address Reference Count : 1]<UL><LI> startup_sky32b750.o(RESET)
</UL>
<P><STRONG><a name="[27]"></a>GPIO2_E0_IRQHandler</STRONG> (Thumb, 0 bytes, Stack size 0 bytes, startup_sky32b750.o(.text))
<BR>[Address Reference Count : 1]<UL><LI> startup_sky32b750.o(RESET)
</UL>
<P><STRONG><a name="[28]"></a>GPIO2_E1_IRQHandler</STRONG> (Thumb, 0 bytes, Stack size 0 bytes, startup_sky32b750.o(.text))
<BR>[Address Reference Count : 1]<UL><LI> startup_sky32b750.o(RESET)
</UL>
<P><STRONG><a name="[26]"></a>GPIO2_IRQHandler</STRONG> (Thumb, 0 bytes, Stack size 0 bytes, startup_sky32b750.o(.text))
<BR>[Address Reference Count : 1]<UL><LI> startup_sky32b750.o(RESET)
</UL>
<P><STRONG><a name="[2a]"></a>GPIO3_E0_IRQHandler</STRONG> (Thumb, 0 bytes, Stack size 0 bytes, startup_sky32b750.o(.text))
<BR>[Address Reference Count : 1]<UL><LI> startup_sky32b750.o(RESET)
</UL>
<P><STRONG><a name="[2b]"></a>GPIO3_E1_IRQHandler</STRONG> (Thumb, 0 bytes, Stack size 0 bytes, startup_sky32b750.o(.text))
<BR>[Address Reference Count : 1]<UL><LI> startup_sky32b750.o(RESET)
</UL>
<P><STRONG><a name="[29]"></a>GPIO3_IRQHandler</STRONG> (Thumb, 0 bytes, Stack size 0 bytes, startup_sky32b750.o(.text))
<BR>[Address Reference Count : 1]<UL><LI> startup_sky32b750.o(RESET)
</UL>
<P><STRONG><a name="[1f]"></a>I2C_IRQHandler</STRONG> (Thumb, 0 bytes, Stack size 0 bytes, startup_sky32b750.o(.text))
<BR>[Address Reference Count : 1]<UL><LI> startup_sky32b750.o(RESET)
</UL>
<P><STRONG><a name="[30]"></a>OSPI0_IRQHandler</STRONG> (Thumb, 0 bytes, Stack size 0 bytes, startup_sky32b750.o(.text))
<BR>[Address Reference Count : 1]<UL><LI> startup_sky32b750.o(RESET)
</UL>
<P><STRONG><a name="[31]"></a>OSPI1_IRQHandler</STRONG> (Thumb, 0 bytes, Stack size 0 bytes, startup_sky32b750.o(.text))
<BR>[Address Reference Count : 1]<UL><LI> startup_sky32b750.o(RESET)
</UL>
<P><STRONG><a name="[15]"></a>QSPI0_IRQHandler</STRONG> (Thumb, 0 bytes, Stack size 0 bytes, startup_sky32b750.o(.text))
<BR>[Address Reference Count : 1]<UL><LI> startup_sky32b750.o(RESET)
</UL>
<P><STRONG><a name="[16]"></a>QSPI1_IRQHandler</STRONG> (Thumb, 0 bytes, Stack size 0 bytes, startup_sky32b750.o(.text))
<BR>[Address Reference Count : 1]<UL><LI> startup_sky32b750.o(RESET)
</UL>
<P><STRONG><a name="[a]"></a>RES_IRQHandler</STRONG> (Thumb, 0 bytes, Stack size 0 bytes, startup_sky32b750.o(.text))
<BR>[Address Reference Count : 1]<UL><LI> startup_sky32b750.o(RESET)
</UL>
<P><STRONG><a name="[c]"></a>RTC_IRQHandler</STRONG> (Thumb, 0 bytes, Stack size 0 bytes, startup_sky32b750.o(.text))
<BR>[Address Reference Count : 1]<UL><LI> startup_sky32b750.o(RESET)
</UL>
<P><STRONG><a name="[2f]"></a>SAR_IRQHandler</STRONG> (Thumb, 0 bytes, Stack size 0 bytes, startup_sky32b750.o(.text))
<BR>[Address Reference Count : 1]<UL><LI> startup_sky32b750.o(RESET)
</UL>
<P><STRONG><a name="[17]"></a>TMRA_IRQHandler</STRONG> (Thumb, 0 bytes, Stack size 0 bytes, startup_sky32b750.o(.text))
<BR>[Address Reference Count : 1]<UL><LI> startup_sky32b750.o(RESET)
</UL>
<P><STRONG><a name="[19]"></a>TMRB1_IRQHandler</STRONG> (Thumb, 0 bytes, Stack size 0 bytes, startup_sky32b750.o(.text))
<BR>[Address Reference Count : 1]<UL><LI> startup_sky32b750.o(RESET)
</UL>
<P><STRONG><a name="[1a]"></a>TMRB2_IRQHandler</STRONG> (Thumb, 0 bytes, Stack size 0 bytes, startup_sky32b750.o(.text))
<BR>[Address Reference Count : 1]<UL><LI> startup_sky32b750.o(RESET)
</UL>
<P><STRONG><a name="[1b]"></a>TMRB3_IRQHandler</STRONG> (Thumb, 0 bytes, Stack size 0 bytes, startup_sky32b750.o(.text))
<BR>[Address Reference Count : 1]<UL><LI> startup_sky32b750.o(RESET)
</UL>
<P><STRONG><a name="[d]"></a>USCI0_IRQHandler</STRONG> (Thumb, 0 bytes, Stack size 0 bytes, startup_sky32b750.o(.text))
<BR>[Address Reference Count : 1]<UL><LI> startup_sky32b750.o(RESET)
</UL>
<P><STRONG><a name="[e]"></a>USCI1_IRQHandler</STRONG> (Thumb, 0 bytes, Stack size 0 bytes, startup_sky32b750.o(.text))
<BR>[Address Reference Count : 1]<UL><LI> startup_sky32b750.o(RESET)
</UL>
<P><STRONG><a name="[f]"></a>USCI2_IRQHandler</STRONG> (Thumb, 0 bytes, Stack size 0 bytes, startup_sky32b750.o(.text))
<BR>[Address Reference Count : 1]<UL><LI> startup_sky32b750.o(RESET)
</UL>
<P><STRONG><a name="[10]"></a>USCI3_IRQHandler</STRONG> (Thumb, 0 bytes, Stack size 0 bytes, startup_sky32b750.o(.text))
<BR>[Address Reference Count : 1]<UL><LI> startup_sky32b750.o(RESET)
</UL>
<P><STRONG><a name="[12]"></a>USCI5_IRQHandler</STRONG> (Thumb, 0 bytes, Stack size 0 bytes, startup_sky32b750.o(.text))
<BR>[Address Reference Count : 1]<UL><LI> startup_sky32b750.o(RESET)
</UL>
<P><STRONG><a name="[13]"></a>USCI6_IRQHandler</STRONG> (Thumb, 0 bytes, Stack size 0 bytes, startup_sky32b750.o(.text))
<BR>[Address Reference Count : 1]<UL><LI> startup_sky32b750.o(RESET)
</UL>
<P><STRONG><a name="[14]"></a>USCI7_IRQHandler</STRONG> (Thumb, 0 bytes, Stack size 0 bytes, startup_sky32b750.o(.text))
<BR>[Address Reference Count : 1]<UL><LI> startup_sky32b750.o(RESET)
</UL>
<P><STRONG><a name="[b]"></a>WDT_IRQHandler</STRONG> (Thumb, 0 bytes, Stack size 0 bytes, startup_sky32b750.o(.text))
<BR>[Address Reference Count : 1]<UL><LI> startup_sky32b750.o(RESET)
</UL>
<P><STRONG><a name="[1c]"></a>WWDG_IRQHandler</STRONG> (Thumb, 0 bytes, Stack size 0 bytes, startup_sky32b750.o(.text))
<BR>[Address Reference Count : 1]<UL><LI> startup_sky32b750.o(RESET)
</UL>
<P><STRONG><a name="[41]"></a>__aeabi_uldivmod</STRONG> (Thumb, 98 bytes, Stack size 40 bytes, uldiv.o(.text), UNUSED)
<BR><BR>[Calls]<UL><LI><a href="#[42]">&gt;&gt;</a>&nbsp;&nbsp;&nbsp;__aeabi_llsr
<LI><a href="#[43]">&gt;&gt;</a>&nbsp;&nbsp;&nbsp;__aeabi_llsl
</UL>
<BR>[Called By]<UL><LI><a href="#[c0]">&gt;&gt;</a>&nbsp;&nbsp;&nbsp;_printf_core
</UL>

<P><STRONG><a name="[43]"></a>__aeabi_llsl</STRONG> (Thumb, 30 bytes, Stack size 0 bytes, llshl.o(.text))
<BR><BR>[Called By]<UL><LI><a href="#[51]">&gt;&gt;</a>&nbsp;&nbsp;&nbsp;BB_FFT2D_ZP_Init
<LI><a href="#[41]">&gt;&gt;</a>&nbsp;&nbsp;&nbsp;__aeabi_uldivmod
</UL>

<P><STRONG><a name="[113]"></a>_ll_shift_l</STRONG> (Thumb, 0 bytes, Stack size 0 bytes, llshl.o(.text), UNUSED)

<P><STRONG><a name="[7c]"></a>__aeabi_memcpy</STRONG> (Thumb, 36 bytes, Stack size 0 bytes, memcpya.o(.text))
<BR><BR>[Called By]<UL><LI><a href="#[df]">&gt;&gt;</a>&nbsp;&nbsp;&nbsp;prvCopyDataToQueue
<LI><a href="#[de]">&gt;&gt;</a>&nbsp;&nbsp;&nbsp;prvCopyDataFromQueue
<LI><a href="#[7d]">&gt;&gt;</a>&nbsp;&nbsp;&nbsp;Hal_RF_WaveGen
<LI><a href="#[7b]">&gt;&gt;</a>&nbsp;&nbsp;&nbsp;Hal_RF_WaveConfig
<LI><a href="#[99]">&gt;&gt;</a>&nbsp;&nbsp;&nbsp;RF_Reg_Set
<LI><a href="#[90]">&gt;&gt;</a>&nbsp;&nbsp;&nbsp;RF_CfgInit
</UL>

<P><STRONG><a name="[114]"></a>__aeabi_memcpy4</STRONG> (Thumb, 0 bytes, Stack size 0 bytes, memcpya.o(.text), UNUSED)

<P><STRONG><a name="[115]"></a>__aeabi_memcpy8</STRONG> (Thumb, 0 bytes, Stack size 0 bytes, memcpya.o(.text), UNUSED)

<P><STRONG><a name="[45]"></a>__aeabi_memset</STRONG> (Thumb, 14 bytes, Stack size 0 bytes, memseta.o(.text))
<BR><BR>[Called By]<UL><LI><a href="#[e5]">&gt;&gt;</a>&nbsp;&nbsp;&nbsp;prvInitialiseNewTask
<LI><a href="#[46]">&gt;&gt;</a>&nbsp;&nbsp;&nbsp;_memset$wrapper
<LI><a href="#[44]">&gt;&gt;</a>&nbsp;&nbsp;&nbsp;__aeabi_memclr
</UL>

<P><STRONG><a name="[116]"></a>__aeabi_memset4</STRONG> (Thumb, 0 bytes, Stack size 0 bytes, memseta.o(.text), UNUSED)

<P><STRONG><a name="[117]"></a>__aeabi_memset8</STRONG> (Thumb, 0 bytes, Stack size 0 bytes, memseta.o(.text), UNUSED)

<P><STRONG><a name="[44]"></a>__aeabi_memclr</STRONG> (Thumb, 4 bytes, Stack size 0 bytes, memseta.o(.text))
<BR><BR>[Calls]<UL><LI><a href="#[45]">&gt;&gt;</a>&nbsp;&nbsp;&nbsp;__aeabi_memset
</UL>
<BR>[Called By]<UL><LI><a href="#[90]">&gt;&gt;</a>&nbsp;&nbsp;&nbsp;RF_CfgInit
</UL>

<P><STRONG><a name="[64]"></a>__aeabi_memclr4</STRONG> (Thumb, 0 bytes, Stack size 0 bytes, memseta.o(.text))
<BR><BR>[Called By]<UL><LI><a href="#[91]">&gt;&gt;</a>&nbsp;&nbsp;&nbsp;RF_Freq_Start_Calc
<LI><a href="#[7e]">&gt;&gt;</a>&nbsp;&nbsp;&nbsp;RF_Sweep_step_Calculate
<LI><a href="#[62]">&gt;&gt;</a>&nbsp;&nbsp;&nbsp;BSP_UART_Init
<LI><a href="#[8b]">&gt;&gt;</a>&nbsp;&nbsp;&nbsp;Protocol_Analysis_Handle
<LI><a href="#[49]">&gt;&gt;</a>&nbsp;&nbsp;&nbsp;ParamConfigInit
</UL>

<P><STRONG><a name="[118]"></a>__aeabi_memclr8</STRONG> (Thumb, 0 bytes, Stack size 0 bytes, memseta.o(.text), UNUSED)

<P><STRONG><a name="[46]"></a>_memset$wrapper</STRONG> (Thumb, 18 bytes, Stack size 8 bytes, memseta.o(.text), UNUSED)
<BR><BR>[Calls]<UL><LI><a href="#[45]">&gt;&gt;</a>&nbsp;&nbsp;&nbsp;__aeabi_memset
</UL>

<P><STRONG><a name="[8c]"></a>memcmp</STRONG> (Thumb, 26 bytes, Stack size 12 bytes, memcmp.o(.text))
<BR><BR>[Stack]<UL><LI>Max Depth = 12<LI>Call Chain = memcmp
</UL>
<BR>[Called By]<UL><LI><a href="#[8b]">&gt;&gt;</a>&nbsp;&nbsp;&nbsp;Protocol_Analysis_Handle
</UL>

<P><STRONG><a name="[42]"></a>__aeabi_llsr</STRONG> (Thumb, 32 bytes, Stack size 0 bytes, llushr.o(.text), UNUSED)
<BR><BR>[Called By]<UL><LI><a href="#[41]">&gt;&gt;</a>&nbsp;&nbsp;&nbsp;__aeabi_uldivmod
</UL>

<P><STRONG><a name="[119]"></a>_ll_ushift_r</STRONG> (Thumb, 0 bytes, Stack size 0 bytes, llushr.o(.text), UNUSED)

<P><STRONG><a name="[3f]"></a>__scatterload</STRONG> (Thumb, 28 bytes, Stack size 0 bytes, init.o(.text))
<BR><BR>[Calls]<UL><LI><a href="#[47]">&gt;&gt;</a>&nbsp;&nbsp;&nbsp;__main_after_scatterload
</UL>
<BR>[Called By]<UL><LI><a href="#[3e]">&gt;&gt;</a>&nbsp;&nbsp;&nbsp;_main_scatterload
</UL>

<P><STRONG><a name="[11a]"></a>__scatterload_rt2</STRONG> (Thumb, 0 bytes, Stack size 0 bytes, init.o(.text), UNUSED)

<P><STRONG><a name="[11b]"></a>__decompress</STRONG> (Thumb, 0 bytes, Stack size unknown bytes, __dczerorl2.o(.text), UNUSED)

<P><STRONG><a name="[11c]"></a>__decompress1</STRONG> (Thumb, 86 bytes, Stack size unknown bytes, __dczerorl2.o(.text), UNUSED)

<P><STRONG><a name="[48]"></a>App_Init</STRONG> (Thumb, 14 bytes, Stack size 8 bytes, main.o(i.App_Init))
<BR><BR>[Stack]<UL><LI>Max Depth = 496<LI>Call Chain = App_Init &rArr; Radar_Config_Init &rArr; RF_CfgInit &rArr; Hal_RF_WaveGen &rArr; RF_Sweep_step_Calculate
</UL>
<BR>[Calls]<UL><LI><a href="#[49]">&gt;&gt;</a>&nbsp;&nbsp;&nbsp;ParamConfigInit
<LI><a href="#[4a]">&gt;&gt;</a>&nbsp;&nbsp;&nbsp;Radar_Config_Init
</UL>
<BR>[Called By]<UL><LI><a href="#[32]">&gt;&gt;</a>&nbsp;&nbsp;&nbsp;main
</UL>

<P><STRONG><a name="[8d]"></a>AsciiToDec</STRONG> (Thumb, 284 bytes, Stack size 20 bytes, usart_protocol.o(i.AsciiToDec))
<BR><BR>[Stack]<UL><LI>Max Depth = 20<LI>Call Chain = AsciiToDec
</UL>
<BR>[Called By]<UL><LI><a href="#[8b]">&gt;&gt;</a>&nbsp;&nbsp;&nbsp;Protocol_Analysis_Handle
</UL>

<P><STRONG><a name="[4b]"></a>BB_AlgProc_Loop</STRONG> (Thumb, 40 bytes, Stack size 8 bytes, bb_task.o(i.BB_AlgProc_Loop))
<BR><BR>[Stack]<UL><LI>Max Depth = 172<LI>Call Chain = BB_AlgProc_Loop &rArr; Func01_Handle &rArr; sampDataHandle &rArr; RF_Reg_Set &rArr; RF_WaveSet &rArr; RF_WriteWaveSPI_C &rArr; RF_ReadWaveSPI_C &rArr; USCI_SPI_TRx_Ext
</UL>
<BR>[Calls]<UL><LI><a href="#[4e]">&gt;&gt;</a>&nbsp;&nbsp;&nbsp;WDT_RstNow
<LI><a href="#[4c]">&gt;&gt;</a>&nbsp;&nbsp;&nbsp;Func01_Handle
<LI><a href="#[4d]">&gt;&gt;</a>&nbsp;&nbsp;&nbsp;__2printf
</UL>
<BR>[Called By]<UL><LI><a href="#[35]">&gt;&gt;</a>&nbsp;&nbsp;&nbsp;BB_Task
</UL>

<P><STRONG><a name="[50]"></a>BB_CFAR_CFG0</STRONG> (Thumb, 164 bytes, Stack size 12 bytes, hal_bb.o(i.BB_CFAR_CFG0))
<BR><BR>[Stack]<UL><LI>Max Depth = 12<LI>Call Chain = BB_CFAR_CFG0
</UL>
<BR>[Called By]<UL><LI><a href="#[4f]">&gt;&gt;</a>&nbsp;&nbsp;&nbsp;BB_CFAR_Vel_Init
</UL>

<P><STRONG><a name="[4f]"></a>BB_CFAR_Vel_Init</STRONG> (Thumb, 196 bytes, Stack size 8 bytes, bb_config.o(i.BB_CFAR_Vel_Init))
<BR><BR>[Stack]<UL><LI>Max Depth = 20<LI>Call Chain = BB_CFAR_Vel_Init &rArr; BB_CFAR_CFG0
</UL>
<BR>[Calls]<UL><LI><a href="#[50]">&gt;&gt;</a>&nbsp;&nbsp;&nbsp;BB_CFAR_CFG0
</UL>
<BR>[Called By]<UL><LI><a href="#[4a]">&gt;&gt;</a>&nbsp;&nbsp;&nbsp;Radar_Config_Init
</UL>

<P><STRONG><a name="[51]"></a>BB_FFT2D_ZP_Init</STRONG> (Thumb, 584 bytes, Stack size 72 bytes, bb_config.o(i.BB_FFT2D_ZP_Init))
<BR><BR>[Stack]<UL><LI>Max Depth = 72<LI>Call Chain = BB_FFT2D_ZP_Init
</UL>
<BR>[Calls]<UL><LI><a href="#[43]">&gt;&gt;</a>&nbsp;&nbsp;&nbsp;__aeabi_llsl
</UL>
<BR>[Called By]<UL><LI><a href="#[4a]">&gt;&gt;</a>&nbsp;&nbsp;&nbsp;Radar_Config_Init
</UL>

<P><STRONG><a name="[cb]"></a>BB_FFT_ZP_Clear</STRONG> (Thumb, 134 bytes, Stack size 0 bytes, hal_bb.o(i.BB_FFT_ZP_Clear))
<BR><BR>[Called By]<UL><LI><a href="#[ca]">&gt;&gt;</a>&nbsp;&nbsp;&nbsp;fft1dCalc
</UL>

<P><STRONG><a name="[1e]"></a>BB_IRQHandler</STRONG> (Thumb, 238 bytes, Stack size 8 bytes, bb_config.o(i.BB_IRQHandler))
<BR><BR>[Stack]<UL><LI>Max Depth = 48<LI>Call Chain = BB_IRQHandler &rArr; RF_waveStop &rArr; RF_WriteCmdSPI &rArr; USCI_SPI_Transmit_Ext
</UL>
<BR>[Calls]<UL><LI><a href="#[52]">&gt;&gt;</a>&nbsp;&nbsp;&nbsp;RF_waveStop
<LI><a href="#[53]">&gt;&gt;</a>&nbsp;&nbsp;&nbsp;BB_Task_Trigger
</UL>
<BR>[Address Reference Count : 1]<UL><LI> startup_sky32b750.o(RESET)
</UL>
<P><STRONG><a name="[c9]"></a>BB_PrepConfig</STRONG> (Thumb, 414 bytes, Stack size 16 bytes, hal_bb.o(i.BB_PrepConfig))
<BR><BR>[Stack]<UL><LI>Max Depth = 16<LI>Call Chain = BB_PrepConfig
</UL>
<BR>[Called By]<UL><LI><a href="#[a0]">&gt;&gt;</a>&nbsp;&nbsp;&nbsp;dataprep_RegSet
</UL>

<P><STRONG><a name="[35]"></a>BB_Task</STRONG> (Thumb, 32 bytes, Stack size 0 bytes, bb_task.o(i.BB_Task))
<BR><BR>[Stack]<UL><LI>Max Depth = 172<LI>Call Chain = BB_Task &rArr; BB_AlgProc_Loop &rArr; Func01_Handle &rArr; sampDataHandle &rArr; RF_Reg_Set &rArr; RF_WaveSet &rArr; RF_WriteWaveSPI_C &rArr; RF_ReadWaveSPI_C &rArr; USCI_SPI_TRx_Ext
</UL>
<BR>[Calls]<UL><LI><a href="#[54]">&gt;&gt;</a>&nbsp;&nbsp;&nbsp;RecProtocol_Loop
<LI><a href="#[4b]">&gt;&gt;</a>&nbsp;&nbsp;&nbsp;BB_AlgProc_Loop
</UL>
<BR>[Address Reference Count : 1]<UL><LI> bb_task.o(i.CreateBBTask)
</UL>
<P><STRONG><a name="[53]"></a>BB_Task_Trigger</STRONG> (Thumb, 38 bytes, Stack size 8 bytes, bb_task.o(i.BB_Task_Trigger))
<BR><BR>[Stack]<UL><LI>Max Depth = 32<LI>Call Chain = BB_Task_Trigger &rArr; vTaskNotifyGiveFromISR
</UL>
<BR>[Calls]<UL><LI><a href="#[55]">&gt;&gt;</a>&nbsp;&nbsp;&nbsp;vTaskNotifyGiveFromISR
</UL>
<BR>[Called By]<UL><LI><a href="#[b2]">&gt;&gt;</a>&nbsp;&nbsp;&nbsp;userTimerB0CallBackHand
<LI><a href="#[1e]">&gt;&gt;</a>&nbsp;&nbsp;&nbsp;BB_IRQHandler
</UL>

<P><STRONG><a name="[a1]"></a>BB_WBUF_W16</STRONG> (Thumb, 24 bytes, Stack size 12 bytes, hal_bb.o(i.BB_WBUF_W16))
<BR><BR>[Stack]<UL><LI>Max Depth = 12<LI>Call Chain = BB_WBUF_W16
</UL>
<BR>[Called By]<UL><LI><a href="#[4a]">&gt;&gt;</a>&nbsp;&nbsp;&nbsp;Radar_Config_Init
</UL>

<P><STRONG><a name="[a2]"></a>BB_WBUF_W32</STRONG> (Thumb, 24 bytes, Stack size 12 bytes, hal_bb.o(i.BB_WBUF_W32))
<BR><BR>[Stack]<UL><LI>Max Depth = 12<LI>Call Chain = BB_WBUF_W32
</UL>
<BR>[Called By]<UL><LI><a href="#[4a]">&gt;&gt;</a>&nbsp;&nbsp;&nbsp;Radar_Config_Init
</UL>

<P><STRONG><a name="[c8]"></a>BB_prepBit2reg</STRONG> (Thumb, 40 bytes, Stack size 0 bytes, hal_bb.o(i.BB_prepBit2reg))
<BR><BR>[Called By]<UL><LI><a href="#[a0]">&gt;&gt;</a>&nbsp;&nbsp;&nbsp;dataprep_RegSet
</UL>

<P><STRONG><a name="[c7]"></a>BB_prepmode2reg</STRONG> (Thumb, 36 bytes, Stack size 0 bytes, hal_bb.o(i.BB_prepmode2reg))
<BR><BR>[Called By]<UL><LI><a href="#[a0]">&gt;&gt;</a>&nbsp;&nbsp;&nbsp;dataprep_RegSet
</UL>

<P><STRONG><a name="[c3]"></a>BB_sampPT2reg</STRONG> (Thumb, 126 bytes, Stack size 0 bytes, hal_bb.o(i.BB_sampPT2reg))
<BR><BR>[Called By]<UL><LI><a href="#[9f]">&gt;&gt;</a>&nbsp;&nbsp;&nbsp;algStruct_Init
<LI><a href="#[a0]">&gt;&gt;</a>&nbsp;&nbsp;&nbsp;dataprep_RegSet
</UL>

<P><STRONG><a name="[56]"></a>BB_waitISR</STRONG> (Thumb, 70 bytes, Stack size 16 bytes, hal_bb.o(i.BB_waitISR))
<BR><BR>[Stack]<UL><LI>Max Depth = 40<LI>Call Chain = BB_waitISR &rArr; __2printf
</UL>
<BR>[Calls]<UL><LI><a href="#[4e]">&gt;&gt;</a>&nbsp;&nbsp;&nbsp;WDT_RstNow
<LI><a href="#[4d]">&gt;&gt;</a>&nbsp;&nbsp;&nbsp;__2printf
</UL>
<BR>[Called By]<UL><LI><a href="#[ca]">&gt;&gt;</a>&nbsp;&nbsp;&nbsp;fft1dCalc
<LI><a href="#[4a]">&gt;&gt;</a>&nbsp;&nbsp;&nbsp;Radar_Config_Init
</UL>

<P><STRONG><a name="[57]"></a>BSP_ADC_Init</STRONG> (Thumb, 168 bytes, Stack size 8 bytes, bsp_adc.o(i.BSP_ADC_Init))
<BR><BR>[Stack]<UL><LI>Max Depth = 24<LI>Call Chain = BSP_ADC_Init &rArr; Cnt_Delay_ms
</UL>
<BR>[Calls]<UL><LI><a href="#[5a]">&gt;&gt;</a>&nbsp;&nbsp;&nbsp;GPIO_AE_Ctrl
<LI><a href="#[59]">&gt;&gt;</a>&nbsp;&nbsp;&nbsp;FADC_SPI_WriteSingle
<LI><a href="#[58]">&gt;&gt;</a>&nbsp;&nbsp;&nbsp;Cnt_Delay_ms
</UL>
<BR>[Called By]<UL><LI><a href="#[ad]">&gt;&gt;</a>&nbsp;&nbsp;&nbsp;Sys_Init
</UL>

<P><STRONG><a name="[5b]"></a>BSP_ChipEn</STRONG> (Thumb, 22 bytes, Stack size 8 bytes, bsp_gpio.o(i.BSP_ChipEn))
<BR><BR>[Stack]<UL><LI>Max Depth = 24<LI>Call Chain = BSP_ChipEn &rArr; Cnt_Delay_ms
</UL>
<BR>[Calls]<UL><LI><a href="#[58]">&gt;&gt;</a>&nbsp;&nbsp;&nbsp;Cnt_Delay_ms
</UL>
<BR>[Called By]<UL><LI><a href="#[79]">&gt;&gt;</a>&nbsp;&nbsp;&nbsp;RF_Clock40M_En
</UL>

<P><STRONG><a name="[5c]"></a>BSP_GPIO_Init</STRONG> (Thumb, 74 bytes, Stack size 8 bytes, bsp_gpio.o(i.BSP_GPIO_Init))
<BR><BR>[Stack]<UL><LI>Max Depth = 8<LI>Call Chain = BSP_GPIO_Init
</UL>
<BR>[Calls]<UL><LI><a href="#[5d]">&gt;&gt;</a>&nbsp;&nbsp;&nbsp;GPIO_SetMode
</UL>
<BR>[Called By]<UL><LI><a href="#[ad]">&gt;&gt;</a>&nbsp;&nbsp;&nbsp;Sys_Init
</UL>

<P><STRONG><a name="[5e]"></a>BSP_SPI_Init</STRONG> (Thumb, 142 bytes, Stack size 8 bytes, bsp_spi.o(i.BSP_SPI_Init))
<BR><BR>[Stack]<UL><LI>Max Depth = 20<LI>Call Chain = BSP_SPI_Init &rArr; PinMux_Set
</UL>
<BR>[Calls]<UL><LI><a href="#[61]">&gt;&gt;</a>&nbsp;&nbsp;&nbsp;USCI_SPI_Init
<LI><a href="#[60]">&gt;&gt;</a>&nbsp;&nbsp;&nbsp;PinMux_Set
<LI><a href="#[5f]">&gt;&gt;</a>&nbsp;&nbsp;&nbsp;GPIO_PullUp
</UL>
<BR>[Called By]<UL><LI><a href="#[ad]">&gt;&gt;</a>&nbsp;&nbsp;&nbsp;Sys_Init
</UL>

<P><STRONG><a name="[62]"></a>BSP_UART_Init</STRONG> (Thumb, 154 bytes, Stack size 8 bytes, bsp_uart.o(i.BSP_UART_Init))
<BR><BR>[Stack]<UL><LI>Max Depth = 28<LI>Call Chain = BSP_UART_Init &rArr; USCI_UART_Init
</UL>
<BR>[Calls]<UL><LI><a href="#[63]">&gt;&gt;</a>&nbsp;&nbsp;&nbsp;USCI_UART_Init
<LI><a href="#[60]">&gt;&gt;</a>&nbsp;&nbsp;&nbsp;PinMux_Set
<LI><a href="#[64]">&gt;&gt;</a>&nbsp;&nbsp;&nbsp;__aeabi_memclr4
</UL>
<BR>[Called By]<UL><LI><a href="#[ad]">&gt;&gt;</a>&nbsp;&nbsp;&nbsp;Sys_Init
</UL>

<P><STRONG><a name="[58]"></a>Cnt_Delay_ms</STRONG> (Thumb, 32 bytes, Stack size 16 bytes, hal_delay.o(i.Cnt_Delay_ms))
<BR><BR>[Stack]<UL><LI>Max Depth = 16<LI>Call Chain = Cnt_Delay_ms
</UL>
<BR>[Calls]<UL><LI><a href="#[65]">&gt;&gt;</a>&nbsp;&nbsp;&nbsp;Cnt_Delay_us
</UL>
<BR>[Called By]<UL><LI><a href="#[5b]">&gt;&gt;</a>&nbsp;&nbsp;&nbsp;BSP_ChipEn
<LI><a href="#[57]">&gt;&gt;</a>&nbsp;&nbsp;&nbsp;BSP_ADC_Init
</UL>

<P><STRONG><a name="[65]"></a>Cnt_Delay_us</STRONG> (Thumb, 22 bytes, Stack size 0 bytes, hal_delay.o(i.Cnt_Delay_us))
<BR><BR>[Called By]<UL><LI><a href="#[58]">&gt;&gt;</a>&nbsp;&nbsp;&nbsp;Cnt_Delay_ms
<LI><a href="#[38]">&gt;&gt;</a>&nbsp;&nbsp;&nbsp;test_dma_ch2_callback
<LI><a href="#[76]">&gt;&gt;</a>&nbsp;&nbsp;&nbsp;OSPI_DMA_Trans64_IRQ_16kB
</UL>

<P><STRONG><a name="[66]"></a>CreateBBTask</STRONG> (Thumb, 26 bytes, Stack size 16 bytes, bb_task.o(i.CreateBBTask))
<BR><BR>[Stack]<UL><LI>Max Depth = 152<LI>Call Chain = CreateBBTask &rArr; xTaskCreate &rArr; pvPortMalloc &rArr; xTaskResumeAll &rArr; xTaskIncrementTick
</UL>
<BR>[Calls]<UL><LI><a href="#[67]">&gt;&gt;</a>&nbsp;&nbsp;&nbsp;xTaskCreate
</UL>
<BR>[Called By]<UL><LI><a href="#[3a]">&gt;&gt;</a>&nbsp;&nbsp;&nbsp;start_task
</UL>

<P><STRONG><a name="[68]"></a>CreatePrintfTask</STRONG> (Thumb, 24 bytes, Stack size 16 bytes, printf_task.o(i.CreatePrintfTask))
<BR><BR>[Stack]<UL><LI>Max Depth = 152<LI>Call Chain = CreatePrintfTask &rArr; xTaskCreate &rArr; pvPortMalloc &rArr; xTaskResumeAll &rArr; xTaskIncrementTick
</UL>
<BR>[Calls]<UL><LI><a href="#[67]">&gt;&gt;</a>&nbsp;&nbsp;&nbsp;xTaskCreate
</UL>
<BR>[Called By]<UL><LI><a href="#[3a]">&gt;&gt;</a>&nbsp;&nbsp;&nbsp;start_task
</UL>

<P><STRONG><a name="[69]"></a>DMA_Channel_Configure</STRONG> (Thumb, 280 bytes, Stack size 20 bytes, dma.o(i.DMA_Channel_Configure))
<BR><BR>[Stack]<UL><LI>Max Depth = 20<LI>Call Chain = DMA_Channel_Configure
</UL>
<BR>[Calls]<UL><LI><a href="#[6a]">&gt;&gt;</a>&nbsp;&nbsp;&nbsp;DMA_Num2Ch
</UL>
<BR>[Called By]<UL><LI><a href="#[83]">&gt;&gt;</a>&nbsp;&nbsp;&nbsp;OSPI_MasterInit
</UL>

<P><STRONG><a name="[82]"></a>DMA_Channel_Enable</STRONG> (Thumb, 40 bytes, Stack size 0 bytes, dma.o(i.DMA_Channel_Enable))
<BR><BR>[Called By]<UL><LI><a href="#[76]">&gt;&gt;</a>&nbsp;&nbsp;&nbsp;OSPI_DMA_Trans64_IRQ_16kB
</UL>

<P><STRONG><a name="[6b]"></a>DMA_Channel_Irq_Disable</STRONG> (Thumb, 34 bytes, Stack size 8 bytes, dma.o(i.DMA_Channel_Irq_Disable))
<BR><BR>[Stack]<UL><LI>Max Depth = 8<LI>Call Chain = DMA_Channel_Irq_Disable
</UL>
<BR>[Calls]<UL><LI><a href="#[6a]">&gt;&gt;</a>&nbsp;&nbsp;&nbsp;DMA_Num2Ch
</UL>
<BR>[Called By]<UL><LI><a href="#[6f]">&gt;&gt;</a>&nbsp;&nbsp;&nbsp;DMA_Init
</UL>

<P><STRONG><a name="[6e]"></a>DMA_Clear_All_Irq</STRONG> (Thumb, 32 bytes, Stack size 0 bytes, dma.o(i.DMA_Clear_All_Irq))
<BR><BR>[Called By]<UL><LI><a href="#[6f]">&gt;&gt;</a>&nbsp;&nbsp;&nbsp;DMA_Init
<LI><a href="#[6c]">&gt;&gt;</a>&nbsp;&nbsp;&nbsp;DMA_Config_Init
</UL>

<P><STRONG><a name="[70]"></a>DMA_Clear_Irq</STRONG> (Thumb, 150 bytes, Stack size 0 bytes, dma.o(i.DMA_Clear_Irq))
<BR><BR>[Called By]<UL><LI><a href="#[38]">&gt;&gt;</a>&nbsp;&nbsp;&nbsp;test_dma_ch2_callback
<LI><a href="#[37]">&gt;&gt;</a>&nbsp;&nbsp;&nbsp;test_dma_ch1_callback
<LI><a href="#[83]">&gt;&gt;</a>&nbsp;&nbsp;&nbsp;OSPI_MasterInit
<LI><a href="#[76]">&gt;&gt;</a>&nbsp;&nbsp;&nbsp;OSPI_DMA_Trans64_IRQ_16kB
<LI><a href="#[1d]">&gt;&gt;</a>&nbsp;&nbsp;&nbsp;DMA_IRQHandler
</UL>

<P><STRONG><a name="[6c]"></a>DMA_Config_Init</STRONG> (Thumb, 102 bytes, Stack size 8 bytes, hal_dma.o(i.DMA_Config_Init))
<BR><BR>[Stack]<UL><LI>Max Depth = 20<LI>Call Chain = DMA_Config_Init &rArr; DMA_Init &rArr; DMA_Channel_Irq_Disable
</UL>
<BR>[Calls]<UL><LI><a href="#[6f]">&gt;&gt;</a>&nbsp;&nbsp;&nbsp;DMA_Init
<LI><a href="#[6d]">&gt;&gt;</a>&nbsp;&nbsp;&nbsp;DMA_Disable
<LI><a href="#[6e]">&gt;&gt;</a>&nbsp;&nbsp;&nbsp;DMA_Clear_All_Irq
</UL>
<BR>[Called By]<UL><LI><a href="#[ad]">&gt;&gt;</a>&nbsp;&nbsp;&nbsp;Sys_Init
</UL>

<P><STRONG><a name="[6d]"></a>DMA_Disable</STRONG> (Thumb, 14 bytes, Stack size 0 bytes, dma.o(i.DMA_Disable))
<BR><BR>[Called By]<UL><LI><a href="#[6f]">&gt;&gt;</a>&nbsp;&nbsp;&nbsp;DMA_Init
<LI><a href="#[6c]">&gt;&gt;</a>&nbsp;&nbsp;&nbsp;DMA_Config_Init
<LI><a href="#[83]">&gt;&gt;</a>&nbsp;&nbsp;&nbsp;OSPI_MasterInit
<LI><a href="#[76]">&gt;&gt;</a>&nbsp;&nbsp;&nbsp;OSPI_DMA_Trans64_IRQ_16kB
</UL>

<P><STRONG><a name="[81]"></a>DMA_Enable</STRONG> (Thumb, 8 bytes, Stack size 0 bytes, dma.o(i.DMA_Enable))
<BR><BR>[Called By]<UL><LI><a href="#[83]">&gt;&gt;</a>&nbsp;&nbsp;&nbsp;OSPI_MasterInit
<LI><a href="#[76]">&gt;&gt;</a>&nbsp;&nbsp;&nbsp;OSPI_DMA_Trans64_IRQ_16kB
</UL>

<P><STRONG><a name="[1d]"></a>DMA_IRQHandler</STRONG> (Thumb, 288 bytes, Stack size 16 bytes, hal_ospi.o(i.DMA_IRQHandler))
<BR><BR>[Stack]<UL><LI>Max Depth = 16<LI>Call Chain = DMA_IRQHandler
</UL>
<BR>[Calls]<UL><LI><a href="#[70]">&gt;&gt;</a>&nbsp;&nbsp;&nbsp;DMA_Clear_Irq
</UL>
<BR>[Address Reference Count : 1]<UL><LI> startup_sky32b750.o(RESET)
</UL>
<P><STRONG><a name="[6f]"></a>DMA_Init</STRONG> (Thumb, 62 bytes, Stack size 4 bytes, dma.o(i.DMA_Init))
<BR><BR>[Stack]<UL><LI>Max Depth = 12<LI>Call Chain = DMA_Init &rArr; DMA_Channel_Irq_Disable
</UL>
<BR>[Calls]<UL><LI><a href="#[6d]">&gt;&gt;</a>&nbsp;&nbsp;&nbsp;DMA_Disable
<LI><a href="#[6e]">&gt;&gt;</a>&nbsp;&nbsp;&nbsp;DMA_Clear_All_Irq
<LI><a href="#[6b]">&gt;&gt;</a>&nbsp;&nbsp;&nbsp;DMA_Channel_Irq_Disable
</UL>
<BR>[Called By]<UL><LI><a href="#[6c]">&gt;&gt;</a>&nbsp;&nbsp;&nbsp;DMA_Config_Init
<LI><a href="#[83]">&gt;&gt;</a>&nbsp;&nbsp;&nbsp;OSPI_MasterInit
</UL>

<P><STRONG><a name="[85]"></a>DMA_Mask_Irq</STRONG> (Thumb, 200 bytes, Stack size 0 bytes, dma.o(i.DMA_Mask_Irq))
<BR><BR>[Called By]<UL><LI><a href="#[83]">&gt;&gt;</a>&nbsp;&nbsp;&nbsp;OSPI_MasterInit
</UL>

<P><STRONG><a name="[6a]"></a>DMA_Num2Ch</STRONG> (Thumb, 76 bytes, Stack size 0 bytes, dma.o(i.DMA_Num2Ch))
<BR><BR>[Called By]<UL><LI><a href="#[6b]">&gt;&gt;</a>&nbsp;&nbsp;&nbsp;DMA_Channel_Irq_Disable
<LI><a href="#[69]">&gt;&gt;</a>&nbsp;&nbsp;&nbsp;DMA_Channel_Configure
</UL>

<P><STRONG><a name="[87]"></a>Default_Param_Config</STRONG> (Thumb, 2 bytes, Stack size 0 bytes, paramconfig.o(i.Default_Param_Config))
<BR><BR>[Called By]<UL><LI><a href="#[49]">&gt;&gt;</a>&nbsp;&nbsp;&nbsp;ParamConfigInit
</UL>

<P><STRONG><a name="[73]"></a>EFC_Get_ActualAddress</STRONG> (Thumb, 72 bytes, Stack size 0 bytes, efc.o(i.EFC_Get_ActualAddress))
<BR><BR>[Called By]<UL><LI><a href="#[72]">&gt;&gt;</a>&nbsp;&nbsp;&nbsp;EFC_WriteInside1Page
</UL>

<P><STRONG><a name="[71]"></a>EFC_ReWrite</STRONG> (Thumb, 116 bytes, Stack size 32 bytes, efc.o(i.EFC_ReWrite))
<BR><BR>[Stack]<UL><LI>Max Depth = 68<LI>Call Chain = EFC_ReWrite &rArr; EFC_WriteInside1Page
</UL>
<BR>[Calls]<UL><LI><a href="#[72]">&gt;&gt;</a>&nbsp;&nbsp;&nbsp;EFC_WriteInside1Page
</UL>
<BR>[Called By]<UL><LI><a href="#[8b]">&gt;&gt;</a>&nbsp;&nbsp;&nbsp;Protocol_Analysis_Handle
</UL>

<P><STRONG><a name="[72]"></a>EFC_WriteInside1Page</STRONG> (Thumb, 292 bytes, Stack size 36 bytes, efc.o(i.EFC_WriteInside1Page))
<BR><BR>[Stack]<UL><LI>Max Depth = 36<LI>Call Chain = EFC_WriteInside1Page
</UL>
<BR>[Calls]<UL><LI><a href="#[73]">&gt;&gt;</a>&nbsp;&nbsp;&nbsp;EFC_Get_ActualAddress
</UL>
<BR>[Called By]<UL><LI><a href="#[71]">&gt;&gt;</a>&nbsp;&nbsp;&nbsp;EFC_ReWrite
</UL>

<P><STRONG><a name="[59]"></a>FADC_SPI_WriteSingle</STRONG> (Thumb, 58 bytes, Stack size 12 bytes, fadc.o(i.FADC_SPI_WriteSingle))
<BR><BR>[Stack]<UL><LI>Max Depth = 12<LI>Call Chain = FADC_SPI_WriteSingle
</UL>
<BR>[Called By]<UL><LI><a href="#[57]">&gt;&gt;</a>&nbsp;&nbsp;&nbsp;BSP_ADC_Init
</UL>

<P><STRONG><a name="[b1]"></a>FPU_Enable</STRONG> (Thumb, 98 bytes, Stack size 0 bytes, system_sky32b750.o(i.FPU_Enable))
<BR><BR>[Called By]<UL><LI><a href="#[33]">&gt;&gt;</a>&nbsp;&nbsp;&nbsp;SystemInit
</UL>

<P><STRONG><a name="[4c]"></a>Func01_Handle</STRONG> (Thumb, 42 bytes, Stack size 8 bytes, bb_algproc.o(i.Func01_Handle))
<BR><BR>[Stack]<UL><LI>Max Depth = 164<LI>Call Chain = Func01_Handle &rArr; sampDataHandle &rArr; RF_Reg_Set &rArr; RF_WaveSet &rArr; RF_WriteWaveSPI_C &rArr; RF_ReadWaveSPI_C &rArr; USCI_SPI_TRx_Ext
</UL>
<BR>[Calls]<UL><LI><a href="#[77]">&gt;&gt;</a>&nbsp;&nbsp;&nbsp;vPortExitCritical
<LI><a href="#[75]">&gt;&gt;</a>&nbsp;&nbsp;&nbsp;vPortEnterCritical
<LI><a href="#[74]">&gt;&gt;</a>&nbsp;&nbsp;&nbsp;sampDataHandle
<LI><a href="#[76]">&gt;&gt;</a>&nbsp;&nbsp;&nbsp;OSPI_DMA_Trans64_IRQ_16kB
</UL>
<BR>[Called By]<UL><LI><a href="#[4b]">&gt;&gt;</a>&nbsp;&nbsp;&nbsp;BB_AlgProc_Loop
</UL>

<P><STRONG><a name="[5a]"></a>GPIO_AE_Ctrl</STRONG> (Thumb, 196 bytes, Stack size 8 bytes, gpio.o(i.GPIO_AE_Ctrl))
<BR><BR>[Stack]<UL><LI>Max Depth = 8<LI>Call Chain = GPIO_AE_Ctrl
</UL>
<BR>[Called By]<UL><LI><a href="#[57]">&gt;&gt;</a>&nbsp;&nbsp;&nbsp;BSP_ADC_Init
</UL>

<P><STRONG><a name="[5f]"></a>GPIO_PullUp</STRONG> (Thumb, 130 bytes, Stack size 0 bytes, gpio.o(i.GPIO_PullUp))
<BR><BR>[Called By]<UL><LI><a href="#[5e]">&gt;&gt;</a>&nbsp;&nbsp;&nbsp;BSP_SPI_Init
</UL>

<P><STRONG><a name="[5d]"></a>GPIO_SetMode</STRONG> (Thumb, 20 bytes, Stack size 0 bytes, gpio.o(i.GPIO_SetMode))
<BR><BR>[Called By]<UL><LI><a href="#[5c]">&gt;&gt;</a>&nbsp;&nbsp;&nbsp;BSP_GPIO_Init
</UL>

<P><STRONG><a name="[b0]"></a>HAL_MPU_Init</STRONG> (Thumb, 914 bytes, Stack size 8 bytes, hal_mpu.o(i.HAL_MPU_Init))
<BR><BR>[Stack]<UL><LI>Max Depth = 8<LI>Call Chain = HAL_MPU_Init
</UL>
<BR>[Called By]<UL><LI><a href="#[ad]">&gt;&gt;</a>&nbsp;&nbsp;&nbsp;Sys_Init
</UL>

<P><STRONG><a name="[78]"></a>HAL_SYS_CLK_Init</STRONG> (Thumb, 18 bytes, Stack size 16 bytes, hal_sysclk.o(i.HAL_SYS_CLK_Init))
<BR><BR>[Stack]<UL><LI>Max Depth = 100<LI>Call Chain = HAL_SYS_CLK_Init &rArr; RF_Clock40M_En &rArr; RF_WriteRegSPI &rArr; RF_ReadRegSPI &rArr; USCI_SPI_TRx_Ext
</UL>
<BR>[Calls]<UL><LI><a href="#[79]">&gt;&gt;</a>&nbsp;&nbsp;&nbsp;RF_Clock40M_En
<LI><a href="#[7a]">&gt;&gt;</a>&nbsp;&nbsp;&nbsp;SYS_CLK_PLL_Init
</UL>
<BR>[Called By]<UL><LI><a href="#[ad]">&gt;&gt;</a>&nbsp;&nbsp;&nbsp;Sys_Init
</UL>

<P><STRONG><a name="[7b]"></a>Hal_RF_WaveConfig</STRONG> (Thumb, 66 bytes, Stack size 72 bytes, hal_rf.o(i.Hal_RF_WaveConfig))
<BR><BR>[Stack]<UL><LI>Max Depth = 72<LI>Call Chain = Hal_RF_WaveConfig
</UL>
<BR>[Calls]<UL><LI><a href="#[7c]">&gt;&gt;</a>&nbsp;&nbsp;&nbsp;__aeabi_memcpy
</UL>
<BR>[Called By]<UL><LI><a href="#[90]">&gt;&gt;</a>&nbsp;&nbsp;&nbsp;RF_CfgInit
</UL>

<P><STRONG><a name="[7d]"></a>Hal_RF_WaveGen</STRONG> (Thumb, 272 bytes, Stack size 72 bytes, hal_rf.o(i.Hal_RF_WaveGen))
<BR><BR>[Stack]<UL><LI>Max Depth = 376<LI>Call Chain = Hal_RF_WaveGen &rArr; RF_Sweep_step_Calculate
</UL>
<BR>[Calls]<UL><LI><a href="#[7e]">&gt;&gt;</a>&nbsp;&nbsp;&nbsp;RF_Sweep_step_Calculate
<LI><a href="#[7c]">&gt;&gt;</a>&nbsp;&nbsp;&nbsp;__aeabi_memcpy
</UL>
<BR>[Called By]<UL><LI><a href="#[90]">&gt;&gt;</a>&nbsp;&nbsp;&nbsp;RF_CfgInit
</UL>

<P><STRONG><a name="[1]"></a>NMI_Handler</STRONG> (Thumb, 68 bytes, Stack size 0 bytes, system_sky32b750.o(i.NMI_Handler))
<BR>[Address Reference Count : 1]<UL><LI> startup_sky32b750.o(RESET)
</UL>
<P><STRONG><a name="[80]"></a>OSPI_Clear_Irq</STRONG> (Thumb, 4 bytes, Stack size 0 bytes, ospi.o(i.OSPI_Clear_Irq))
<BR><BR>[Called By]<UL><LI><a href="#[83]">&gt;&gt;</a>&nbsp;&nbsp;&nbsp;OSPI_MasterInit
<LI><a href="#[76]">&gt;&gt;</a>&nbsp;&nbsp;&nbsp;OSPI_DMA_Trans64_IRQ_16kB
</UL>

<P><STRONG><a name="[76]"></a>OSPI_DMA_Trans64_IRQ_16kB</STRONG> (Thumb, 336 bytes, Stack size 24 bytes, hal_ospi.o(i.OSPI_DMA_Trans64_IRQ_16kB))
<BR><BR>[Stack]<UL><LI>Max Depth = 24<LI>Call Chain = OSPI_DMA_Trans64_IRQ_16kB
</UL>
<BR>[Calls]<UL><LI><a href="#[81]">&gt;&gt;</a>&nbsp;&nbsp;&nbsp;DMA_Enable
<LI><a href="#[6d]">&gt;&gt;</a>&nbsp;&nbsp;&nbsp;DMA_Disable
<LI><a href="#[70]">&gt;&gt;</a>&nbsp;&nbsp;&nbsp;DMA_Clear_Irq
<LI><a href="#[82]">&gt;&gt;</a>&nbsp;&nbsp;&nbsp;DMA_Channel_Enable
<LI><a href="#[7f]">&gt;&gt;</a>&nbsp;&nbsp;&nbsp;OSPI_Irq_IsActive
<LI><a href="#[80]">&gt;&gt;</a>&nbsp;&nbsp;&nbsp;OSPI_Clear_Irq
<LI><a href="#[65]">&gt;&gt;</a>&nbsp;&nbsp;&nbsp;Cnt_Delay_us
</UL>
<BR>[Called By]<UL><LI><a href="#[4c]">&gt;&gt;</a>&nbsp;&nbsp;&nbsp;Func01_Handle
</UL>

<P><STRONG><a name="[84]"></a>OSPI_Init</STRONG> (Thumb, 130 bytes, Stack size 16 bytes, ospi.o(i.OSPI_Init))
<BR><BR>[Stack]<UL><LI>Max Depth = 16<LI>Call Chain = OSPI_Init
</UL>
<BR>[Called By]<UL><LI><a href="#[83]">&gt;&gt;</a>&nbsp;&nbsp;&nbsp;OSPI_MasterInit
</UL>

<P><STRONG><a name="[7f]"></a>OSPI_Irq_IsActive</STRONG> (Thumb, 16 bytes, Stack size 0 bytes, ospi.o(i.OSPI_Irq_IsActive))
<BR><BR>[Called By]<UL><LI><a href="#[76]">&gt;&gt;</a>&nbsp;&nbsp;&nbsp;OSPI_DMA_Trans64_IRQ_16kB
</UL>

<P><STRONG><a name="[83]"></a>OSPI_MasterInit</STRONG> (Thumb, 530 bytes, Stack size 224 bytes, hal_ospi.o(i.OSPI_MasterInit))
<BR><BR>[Stack]<UL><LI>Max Depth = 244<LI>Call Chain = OSPI_MasterInit &rArr; DMA_Channel_Configure
</UL>
<BR>[Calls]<UL><LI><a href="#[85]">&gt;&gt;</a>&nbsp;&nbsp;&nbsp;DMA_Mask_Irq
<LI><a href="#[6f]">&gt;&gt;</a>&nbsp;&nbsp;&nbsp;DMA_Init
<LI><a href="#[81]">&gt;&gt;</a>&nbsp;&nbsp;&nbsp;DMA_Enable
<LI><a href="#[6d]">&gt;&gt;</a>&nbsp;&nbsp;&nbsp;DMA_Disable
<LI><a href="#[70]">&gt;&gt;</a>&nbsp;&nbsp;&nbsp;DMA_Clear_Irq
<LI><a href="#[69]">&gt;&gt;</a>&nbsp;&nbsp;&nbsp;DMA_Channel_Configure
<LI><a href="#[60]">&gt;&gt;</a>&nbsp;&nbsp;&nbsp;PinMux_Set
<LI><a href="#[84]">&gt;&gt;</a>&nbsp;&nbsp;&nbsp;OSPI_Init
<LI><a href="#[80]">&gt;&gt;</a>&nbsp;&nbsp;&nbsp;OSPI_Clear_Irq
</UL>
<BR>[Called By]<UL><LI><a href="#[ad]">&gt;&gt;</a>&nbsp;&nbsp;&nbsp;Sys_Init
</UL>

<P><STRONG><a name="[a7]"></a>PLL_System_Clock_Update</STRONG> (Thumb, 164 bytes, Stack size 0 bytes, system_sky32b750.o(i.PLL_System_Clock_Update))
<BR><BR>[Called By]<UL><LI><a href="#[7a]">&gt;&gt;</a>&nbsp;&nbsp;&nbsp;SYS_CLK_PLL_Init
</UL>

<P><STRONG><a name="[49]"></a>ParamConfigInit</STRONG> (Thumb, 24 bytes, Stack size 8 bytes, paramconfig.o(i.ParamConfigInit))
<BR><BR>[Stack]<UL><LI>Max Depth = 40<LI>Call Chain = ParamConfigInit &rArr; Printf_Param &rArr; __2printf
</UL>
<BR>[Calls]<UL><LI><a href="#[64]">&gt;&gt;</a>&nbsp;&nbsp;&nbsp;__aeabi_memclr4
<LI><a href="#[86]">&gt;&gt;</a>&nbsp;&nbsp;&nbsp;Read_Param_From_Flash
<LI><a href="#[88]">&gt;&gt;</a>&nbsp;&nbsp;&nbsp;Printf_Param
<LI><a href="#[87]">&gt;&gt;</a>&nbsp;&nbsp;&nbsp;Default_Param_Config
</UL>
<BR>[Called By]<UL><LI><a href="#[48]">&gt;&gt;</a>&nbsp;&nbsp;&nbsp;App_Init
</UL>

<P><STRONG><a name="[b6]"></a>Peripheral_Reset</STRONG> (Thumb, 24 bytes, Stack size 0 bytes, system_sky32b750.o(i.Peripheral_Reset))
<BR><BR>[Called By]<UL><LI><a href="#[b5]">&gt;&gt;</a>&nbsp;&nbsp;&nbsp;TMRB_Reset
</UL>

<P><STRONG><a name="[60]"></a>PinMux_Set</STRONG> (Thumb, 320 bytes, Stack size 12 bytes, pinmux.o(i.PinMux_Set))
<BR><BR>[Stack]<UL><LI>Max Depth = 12<LI>Call Chain = PinMux_Set
</UL>
<BR>[Called By]<UL><LI><a href="#[62]">&gt;&gt;</a>&nbsp;&nbsp;&nbsp;BSP_UART_Init
<LI><a href="#[5e]">&gt;&gt;</a>&nbsp;&nbsp;&nbsp;BSP_SPI_Init
<LI><a href="#[83]">&gt;&gt;</a>&nbsp;&nbsp;&nbsp;OSPI_MasterInit
</UL>

<P><STRONG><a name="[88]"></a>Printf_Param</STRONG> (Thumb, 188 bytes, Stack size 8 bytes, paramconfig.o(i.Printf_Param))
<BR><BR>[Stack]<UL><LI>Max Depth = 32<LI>Call Chain = Printf_Param &rArr; __2printf
</UL>
<BR>[Calls]<UL><LI><a href="#[4d]">&gt;&gt;</a>&nbsp;&nbsp;&nbsp;__2printf
</UL>
<BR>[Called By]<UL><LI><a href="#[49]">&gt;&gt;</a>&nbsp;&nbsp;&nbsp;ParamConfigInit
</UL>

<P><STRONG><a name="[36]"></a>Printf_Task</STRONG> (Thumb, 32 bytes, Stack size 0 bytes, printf_task.o(i.Printf_Task))
<BR><BR>[Stack]<UL><LI>Max Depth = 144<LI>Call Chain = Printf_Task &rArr; xQueueGenericReceive &rArr; prvUnlockQueue &rArr; prvNotifyQueueSetContainer &rArr; prvCopyDataToQueue &rArr; xTaskPriorityDisinherit
</UL>
<BR>[Calls]<UL><LI><a href="#[89]">&gt;&gt;</a>&nbsp;&nbsp;&nbsp;xQueueGenericReceive
<LI><a href="#[8a]">&gt;&gt;</a>&nbsp;&nbsp;&nbsp;getPointCloud
</UL>
<BR>[Address Reference Count : 1]<UL><LI> printf_task.o(i.CreatePrintfTask)
</UL>
<P><STRONG><a name="[ce]"></a>ProtocolSendPack</STRONG> (Thumb, 462 bytes, Stack size 24 bytes, usart_protocol.o(i.ProtocolSendPack))
<BR><BR>[Stack]<UL><LI>Max Depth = 24<LI>Call Chain = ProtocolSendPack
</UL>
<BR>[Called By]<UL><LI><a href="#[8a]">&gt;&gt;</a>&nbsp;&nbsp;&nbsp;getPointCloud
</UL>

<P><STRONG><a name="[90]"></a>RF_CfgInit</STRONG> (Thumb, 1210 bytes, Stack size 96 bytes, rf_config.o(i.RF_CfgInit))
<BR><BR>[Stack]<UL><LI>Max Depth = 472<LI>Call Chain = RF_CfgInit &rArr; Hal_RF_WaveGen &rArr; RF_Sweep_step_Calculate
</UL>
<BR>[Calls]<UL><LI><a href="#[91]">&gt;&gt;</a>&nbsp;&nbsp;&nbsp;RF_Freq_Start_Calc
<LI><a href="#[7d]">&gt;&gt;</a>&nbsp;&nbsp;&nbsp;Hal_RF_WaveGen
<LI><a href="#[7b]">&gt;&gt;</a>&nbsp;&nbsp;&nbsp;Hal_RF_WaveConfig
<LI><a href="#[44]">&gt;&gt;</a>&nbsp;&nbsp;&nbsp;__aeabi_memclr
<LI><a href="#[7c]">&gt;&gt;</a>&nbsp;&nbsp;&nbsp;__aeabi_memcpy
</UL>
<BR>[Called By]<UL><LI><a href="#[4a]">&gt;&gt;</a>&nbsp;&nbsp;&nbsp;Radar_Config_Init
</UL>

<P><STRONG><a name="[79]"></a>RF_Clock40M_En</STRONG> (Thumb, 18 bytes, Stack size 8 bytes, hal_rf.o(i.RF_Clock40M_En))
<BR><BR>[Stack]<UL><LI>Max Depth = 84<LI>Call Chain = RF_Clock40M_En &rArr; RF_WriteRegSPI &rArr; RF_ReadRegSPI &rArr; USCI_SPI_TRx_Ext
</UL>
<BR>[Calls]<UL><LI><a href="#[92]">&gt;&gt;</a>&nbsp;&nbsp;&nbsp;RF_WriteRegSPI
<LI><a href="#[5b]">&gt;&gt;</a>&nbsp;&nbsp;&nbsp;BSP_ChipEn
</UL>
<BR>[Called By]<UL><LI><a href="#[78]">&gt;&gt;</a>&nbsp;&nbsp;&nbsp;HAL_SYS_CLK_Init
</UL>

<P><STRONG><a name="[91]"></a>RF_Freq_Start_Calc</STRONG> (Thumb, 520 bytes, Stack size 288 bytes, hal_rf.o(i.RF_Freq_Start_Calc))
<BR><BR>[Stack]<UL><LI>Max Depth = 288<LI>Call Chain = RF_Freq_Start_Calc
</UL>
<BR>[Calls]<UL><LI><a href="#[93]">&gt;&gt;</a>&nbsp;&nbsp;&nbsp;mod
<LI><a href="#[64]">&gt;&gt;</a>&nbsp;&nbsp;&nbsp;__aeabi_memclr4
</UL>
<BR>[Called By]<UL><LI><a href="#[90]">&gt;&gt;</a>&nbsp;&nbsp;&nbsp;RF_CfgInit
</UL>

<P><STRONG><a name="[94]"></a>RF_ReadRegSPI</STRONG> (Thumb, 82 bytes, Stack size 24 bytes, hal_rf.o(i.RF_ReadRegSPI))
<BR><BR>[Stack]<UL><LI>Max Depth = 52<LI>Call Chain = RF_ReadRegSPI &rArr; USCI_SPI_TRx_Ext
</UL>
<BR>[Calls]<UL><LI><a href="#[96]">&gt;&gt;</a>&nbsp;&nbsp;&nbsp;USCI_SPI_TRx_Ext
<LI><a href="#[95]">&gt;&gt;</a>&nbsp;&nbsp;&nbsp;RF_SPI_CS
</UL>
<BR>[Called By]<UL><LI><a href="#[92]">&gt;&gt;</a>&nbsp;&nbsp;&nbsp;RF_WriteRegSPI
</UL>

<P><STRONG><a name="[97]"></a>RF_ReadWaveSPI_C</STRONG> (Thumb, 82 bytes, Stack size 24 bytes, hal_rf.o(i.RF_ReadWaveSPI_C))
<BR><BR>[Stack]<UL><LI>Max Depth = 52<LI>Call Chain = RF_ReadWaveSPI_C &rArr; USCI_SPI_TRx_Ext
</UL>
<BR>[Calls]<UL><LI><a href="#[96]">&gt;&gt;</a>&nbsp;&nbsp;&nbsp;USCI_SPI_TRx_Ext
<LI><a href="#[95]">&gt;&gt;</a>&nbsp;&nbsp;&nbsp;RF_SPI_CS
</UL>
<BR>[Called By]<UL><LI><a href="#[9b]">&gt;&gt;</a>&nbsp;&nbsp;&nbsp;RF_WriteWaveSPI_C
</UL>

<P><STRONG><a name="[98]"></a>RF_Reg_Reset</STRONG> (Thumb, 118 bytes, Stack size 8 bytes, rf_config.o(i.RF_Reg_Reset))
<BR><BR>[Stack]<UL><LI>Max Depth = 84<LI>Call Chain = RF_Reg_Reset &rArr; RF_WriteRegSPI &rArr; RF_ReadRegSPI &rArr; USCI_SPI_TRx_Ext
</UL>
<BR>[Calls]<UL><LI><a href="#[52]">&gt;&gt;</a>&nbsp;&nbsp;&nbsp;RF_waveStop
<LI><a href="#[92]">&gt;&gt;</a>&nbsp;&nbsp;&nbsp;RF_WriteRegSPI
</UL>
<BR>[Called By]<UL><LI><a href="#[74]">&gt;&gt;</a>&nbsp;&nbsp;&nbsp;sampDataHandle
<LI><a href="#[ca]">&gt;&gt;</a>&nbsp;&nbsp;&nbsp;fft1dCalc
</UL>

<P><STRONG><a name="[99]"></a>RF_Reg_Set</STRONG> (Thumb, 290 bytes, Stack size 32 bytes, rf_config.o(i.RF_Reg_Set))
<BR><BR>[Stack]<UL><LI>Max Depth = 140<LI>Call Chain = RF_Reg_Set &rArr; RF_WaveSet &rArr; RF_WriteWaveSPI_C &rArr; RF_ReadWaveSPI_C &rArr; USCI_SPI_TRx_Ext
</UL>
<BR>[Calls]<UL><LI><a href="#[92]">&gt;&gt;</a>&nbsp;&nbsp;&nbsp;RF_WriteRegSPI
<LI><a href="#[9a]">&gt;&gt;</a>&nbsp;&nbsp;&nbsp;RF_WaveSet
<LI><a href="#[7c]">&gt;&gt;</a>&nbsp;&nbsp;&nbsp;__aeabi_memcpy
</UL>
<BR>[Called By]<UL><LI><a href="#[74]">&gt;&gt;</a>&nbsp;&nbsp;&nbsp;sampDataHandle
</UL>

<P><STRONG><a name="[95]"></a>RF_SPI_CS</STRONG> (Thumb, 46 bytes, Stack size 0 bytes, bsp_spi.o(i.RF_SPI_CS))
<BR><BR>[Called By]<UL><LI><a href="#[9b]">&gt;&gt;</a>&nbsp;&nbsp;&nbsp;RF_WriteWaveSPI_C
<LI><a href="#[92]">&gt;&gt;</a>&nbsp;&nbsp;&nbsp;RF_WriteRegSPI
<LI><a href="#[97]">&gt;&gt;</a>&nbsp;&nbsp;&nbsp;RF_ReadWaveSPI_C
<LI><a href="#[94]">&gt;&gt;</a>&nbsp;&nbsp;&nbsp;RF_ReadRegSPI
</UL>

<P><STRONG><a name="[9a]"></a>RF_WaveSet</STRONG> (Thumb, 124 bytes, Stack size 24 bytes, hal_rf.o(i.RF_WaveSet))
<BR><BR>[Stack]<UL><LI>Max Depth = 108<LI>Call Chain = RF_WaveSet &rArr; RF_WriteWaveSPI_C &rArr; RF_ReadWaveSPI_C &rArr; USCI_SPI_TRx_Ext
</UL>
<BR>[Calls]<UL><LI><a href="#[9b]">&gt;&gt;</a>&nbsp;&nbsp;&nbsp;RF_WriteWaveSPI_C
</UL>
<BR>[Called By]<UL><LI><a href="#[99]">&gt;&gt;</a>&nbsp;&nbsp;&nbsp;RF_Reg_Set
</UL>

<P><STRONG><a name="[9c]"></a>RF_WriteCmdSPI</STRONG> (Thumb, 46 bytes, Stack size 8 bytes, hal_rf.o(i.RF_WriteCmdSPI))
<BR><BR>[Stack]<UL><LI>Max Depth = 32<LI>Call Chain = RF_WriteCmdSPI &rArr; USCI_SPI_Transmit_Ext
</UL>
<BR>[Calls]<UL><LI><a href="#[9d]">&gt;&gt;</a>&nbsp;&nbsp;&nbsp;USCI_SPI_Transmit_Ext
</UL>
<BR>[Called By]<UL><LI><a href="#[52]">&gt;&gt;</a>&nbsp;&nbsp;&nbsp;RF_waveStop
<LI><a href="#[9e]">&gt;&gt;</a>&nbsp;&nbsp;&nbsp;RF_waveStart
</UL>

<P><STRONG><a name="[92]"></a>RF_WriteRegSPI</STRONG> (Thumb, 98 bytes, Stack size 24 bytes, hal_rf.o(i.RF_WriteRegSPI))
<BR><BR>[Stack]<UL><LI>Max Depth = 76<LI>Call Chain = RF_WriteRegSPI &rArr; RF_ReadRegSPI &rArr; USCI_SPI_TRx_Ext
</UL>
<BR>[Calls]<UL><LI><a href="#[9d]">&gt;&gt;</a>&nbsp;&nbsp;&nbsp;USCI_SPI_Transmit_Ext
<LI><a href="#[94]">&gt;&gt;</a>&nbsp;&nbsp;&nbsp;RF_ReadRegSPI
<LI><a href="#[95]">&gt;&gt;</a>&nbsp;&nbsp;&nbsp;RF_SPI_CS
<LI><a href="#[4d]">&gt;&gt;</a>&nbsp;&nbsp;&nbsp;__2printf
</UL>
<BR>[Called By]<UL><LI><a href="#[79]">&gt;&gt;</a>&nbsp;&nbsp;&nbsp;RF_Clock40M_En
<LI><a href="#[b2]">&gt;&gt;</a>&nbsp;&nbsp;&nbsp;userTimerB0CallBackHand
<LI><a href="#[99]">&gt;&gt;</a>&nbsp;&nbsp;&nbsp;RF_Reg_Set
<LI><a href="#[98]">&gt;&gt;</a>&nbsp;&nbsp;&nbsp;RF_Reg_Reset
</UL>

<P><STRONG><a name="[9b]"></a>RF_WriteWaveSPI_C</STRONG> (Thumb, 150 bytes, Stack size 32 bytes, hal_rf.o(i.RF_WriteWaveSPI_C))
<BR><BR>[Stack]<UL><LI>Max Depth = 84<LI>Call Chain = RF_WriteWaveSPI_C &rArr; RF_ReadWaveSPI_C &rArr; USCI_SPI_TRx_Ext
</UL>
<BR>[Calls]<UL><LI><a href="#[9d]">&gt;&gt;</a>&nbsp;&nbsp;&nbsp;USCI_SPI_Transmit_Ext
<LI><a href="#[97]">&gt;&gt;</a>&nbsp;&nbsp;&nbsp;RF_ReadWaveSPI_C
<LI><a href="#[95]">&gt;&gt;</a>&nbsp;&nbsp;&nbsp;RF_SPI_CS
<LI><a href="#[4d]">&gt;&gt;</a>&nbsp;&nbsp;&nbsp;__2printf
</UL>
<BR>[Called By]<UL><LI><a href="#[9a]">&gt;&gt;</a>&nbsp;&nbsp;&nbsp;RF_WaveSet
</UL>

<P><STRONG><a name="[9e]"></a>RF_waveStart</STRONG> (Thumb, 10 bytes, Stack size 8 bytes, hal_rf.o(i.RF_waveStart))
<BR><BR>[Stack]<UL><LI>Max Depth = 40<LI>Call Chain = RF_waveStart &rArr; RF_WriteCmdSPI &rArr; USCI_SPI_Transmit_Ext
</UL>
<BR>[Calls]<UL><LI><a href="#[9c]">&gt;&gt;</a>&nbsp;&nbsp;&nbsp;RF_WriteCmdSPI
</UL>
<BR>[Called By]<UL><LI><a href="#[b2]">&gt;&gt;</a>&nbsp;&nbsp;&nbsp;userTimerB0CallBackHand
</UL>

<P><STRONG><a name="[52]"></a>RF_waveStop</STRONG> (Thumb, 10 bytes, Stack size 8 bytes, hal_rf.o(i.RF_waveStop))
<BR><BR>[Stack]<UL><LI>Max Depth = 40<LI>Call Chain = RF_waveStop &rArr; RF_WriteCmdSPI &rArr; USCI_SPI_Transmit_Ext
</UL>
<BR>[Calls]<UL><LI><a href="#[9c]">&gt;&gt;</a>&nbsp;&nbsp;&nbsp;RF_WriteCmdSPI
</UL>
<BR>[Called By]<UL><LI><a href="#[1e]">&gt;&gt;</a>&nbsp;&nbsp;&nbsp;BB_IRQHandler
<LI><a href="#[98]">&gt;&gt;</a>&nbsp;&nbsp;&nbsp;RF_Reg_Reset
</UL>

<P><STRONG><a name="[4a]"></a>Radar_Config_Init</STRONG> (Thumb, 738 bytes, Stack size 16 bytes, radar_config.o(i.Radar_Config_Init))
<BR><BR>[Stack]<UL><LI>Max Depth = 488<LI>Call Chain = Radar_Config_Init &rArr; RF_CfgInit &rArr; Hal_RF_WaveGen &rArr; RF_Sweep_step_Calculate
</UL>
<BR>[Calls]<UL><LI><a href="#[56]">&gt;&gt;</a>&nbsp;&nbsp;&nbsp;BB_waitISR
<LI><a href="#[a2]">&gt;&gt;</a>&nbsp;&nbsp;&nbsp;BB_WBUF_W32
<LI><a href="#[a1]">&gt;&gt;</a>&nbsp;&nbsp;&nbsp;BB_WBUF_W16
<LI><a href="#[9f]">&gt;&gt;</a>&nbsp;&nbsp;&nbsp;algStruct_Init
<LI><a href="#[a0]">&gt;&gt;</a>&nbsp;&nbsp;&nbsp;dataprep_RegSet
<LI><a href="#[51]">&gt;&gt;</a>&nbsp;&nbsp;&nbsp;BB_FFT2D_ZP_Init
<LI><a href="#[4f]">&gt;&gt;</a>&nbsp;&nbsp;&nbsp;BB_CFAR_Vel_Init
<LI><a href="#[90]">&gt;&gt;</a>&nbsp;&nbsp;&nbsp;RF_CfgInit
</UL>
<BR>[Called By]<UL><LI><a href="#[48]">&gt;&gt;</a>&nbsp;&nbsp;&nbsp;App_Init
</UL>

<P><STRONG><a name="[86]"></a>Read_Param_From_Flash</STRONG> (Thumb, 520 bytes, Stack size 0 bytes, paramconfig.o(i.Read_Param_From_Flash))
<BR><BR>[Called By]<UL><LI><a href="#[49]">&gt;&gt;</a>&nbsp;&nbsp;&nbsp;ParamConfigInit
</UL>

<P><STRONG><a name="[54]"></a>RecProtocol_Loop</STRONG> (Thumb, 42 bytes, Stack size 8 bytes, usart_protocol.o(i.RecProtocol_Loop))
<BR><BR>[Stack]<UL><LI>Max Depth = 116<LI>Call Chain = RecProtocol_Loop &rArr; Protocol_Analysis_Handle &rArr; EFC_ReWrite &rArr; EFC_WriteInside1Page
</UL>
<BR>[Calls]<UL><LI><a href="#[a3]">&gt;&gt;</a>&nbsp;&nbsp;&nbsp;vTaskDelay
<LI><a href="#[8b]">&gt;&gt;</a>&nbsp;&nbsp;&nbsp;Protocol_Analysis_Handle
</UL>
<BR>[Called By]<UL><LI><a href="#[35]">&gt;&gt;</a>&nbsp;&nbsp;&nbsp;BB_Task
</UL>

<P><STRONG><a name="[7a]"></a>SYS_CLK_PLL_Init</STRONG> (Thumb, 76 bytes, Stack size 16 bytes, hal_sysclk.o(i.SYS_CLK_PLL_Init))
<BR><BR>[Stack]<UL><LI>Max Depth = 36<LI>Call Chain = SYS_CLK_PLL_Init &rArr; USCI_UART_Init
</UL>
<BR>[Calls]<UL><LI><a href="#[63]">&gt;&gt;</a>&nbsp;&nbsp;&nbsp;USCI_UART_Init
<LI><a href="#[a6]">&gt;&gt;</a>&nbsp;&nbsp;&nbsp;Set_SysClk_Div
<LI><a href="#[a5]">&gt;&gt;</a>&nbsp;&nbsp;&nbsp;Set_PLL
<LI><a href="#[a4]">&gt;&gt;</a>&nbsp;&nbsp;&nbsp;Set_Flash_WS
<LI><a href="#[a7]">&gt;&gt;</a>&nbsp;&nbsp;&nbsp;PLL_System_Clock_Update
</UL>
<BR>[Called By]<UL><LI><a href="#[78]">&gt;&gt;</a>&nbsp;&nbsp;&nbsp;HAL_SYS_CLK_Init
</UL>

<P><STRONG><a name="[ae]"></a>Set_CoreLDO_Voltage</STRONG> (Thumb, 20 bytes, Stack size 0 bytes, system_sky32b750.o(i.Set_CoreLDO_Voltage))
<BR><BR>[Called By]<UL><LI><a href="#[ad]">&gt;&gt;</a>&nbsp;&nbsp;&nbsp;Sys_Init
</UL>

<P><STRONG><a name="[a4]"></a>Set_Flash_WS</STRONG> (Thumb, 22 bytes, Stack size 0 bytes, system_sky32b750.o(i.Set_Flash_WS))
<BR><BR>[Called By]<UL><LI><a href="#[ad]">&gt;&gt;</a>&nbsp;&nbsp;&nbsp;Sys_Init
<LI><a href="#[7a]">&gt;&gt;</a>&nbsp;&nbsp;&nbsp;SYS_CLK_PLL_Init
</UL>

<P><STRONG><a name="[a5]"></a>Set_PLL</STRONG> (Thumb, 72 bytes, Stack size 12 bytes, system_sky32b750.o(i.Set_PLL))
<BR><BR>[Stack]<UL><LI>Max Depth = 12<LI>Call Chain = Set_PLL
</UL>
<BR>[Called By]<UL><LI><a href="#[7a]">&gt;&gt;</a>&nbsp;&nbsp;&nbsp;SYS_CLK_PLL_Init
</UL>

<P><STRONG><a name="[a6]"></a>Set_SysClk_Div</STRONG> (Thumb, 24 bytes, Stack size 0 bytes, system_sky32b750.o(i.Set_SysClk_Div))
<BR><BR>[Called By]<UL><LI><a href="#[7a]">&gt;&gt;</a>&nbsp;&nbsp;&nbsp;SYS_CLK_PLL_Init
</UL>

<P><STRONG><a name="[9]"></a>SysTick_Handler</STRONG> (Thumb, 26 bytes, Stack size 8 bytes, irq_handler.o(i.SysTick_Handler))
<BR><BR>[Stack]<UL><LI>Max Depth = 40<LI>Call Chain = SysTick_Handler &rArr; xPortSysTickHandler &rArr; xTaskIncrementTick
</UL>
<BR>[Calls]<UL><LI><a href="#[a9]">&gt;&gt;</a>&nbsp;&nbsp;&nbsp;xPortSysTickHandler
<LI><a href="#[a8]">&gt;&gt;</a>&nbsp;&nbsp;&nbsp;xTaskGetSchedulerState
</UL>
<BR>[Address Reference Count : 1]<UL><LI> startup_sky32b750.o(RESET)
</UL>
<P><STRONG><a name="[aa]"></a>SysTick_Init</STRONG> (Thumb, 48 bytes, Stack size 8 bytes, hal_timer.o(i.SysTick_Init))
<BR><BR>[Stack]<UL><LI>Max Depth = 16<LI>Call Chain = SysTick_Init &rArr; __NVIC_SetPriority
</UL>
<BR>[Calls]<UL><LI><a href="#[ab]">&gt;&gt;</a>&nbsp;&nbsp;&nbsp;__NVIC_SetPriority
<LI><a href="#[ac]">&gt;&gt;</a>&nbsp;&nbsp;&nbsp;__NVIC_EnableIRQ
</UL>
<BR>[Called By]<UL><LI><a href="#[ad]">&gt;&gt;</a>&nbsp;&nbsp;&nbsp;Sys_Init
</UL>

<P><STRONG><a name="[ad]"></a>Sys_Init</STRONG> (Thumb, 214 bytes, Stack size 8 bytes, main.o(i.Sys_Init))
<BR><BR>[Stack]<UL><LI>Max Depth = 252<LI>Call Chain = Sys_Init &rArr; OSPI_MasterInit &rArr; DMA_Channel_Configure
</UL>
<BR>[Calls]<UL><LI><a href="#[af]">&gt;&gt;</a>&nbsp;&nbsp;&nbsp;WDT_Disable
<LI><a href="#[a4]">&gt;&gt;</a>&nbsp;&nbsp;&nbsp;Set_Flash_WS
<LI><a href="#[ae]">&gt;&gt;</a>&nbsp;&nbsp;&nbsp;Set_CoreLDO_Voltage
<LI><a href="#[b0]">&gt;&gt;</a>&nbsp;&nbsp;&nbsp;HAL_MPU_Init
<LI><a href="#[6c]">&gt;&gt;</a>&nbsp;&nbsp;&nbsp;DMA_Config_Init
<LI><a href="#[62]">&gt;&gt;</a>&nbsp;&nbsp;&nbsp;BSP_UART_Init
<LI><a href="#[5e]">&gt;&gt;</a>&nbsp;&nbsp;&nbsp;BSP_SPI_Init
<LI><a href="#[5c]">&gt;&gt;</a>&nbsp;&nbsp;&nbsp;BSP_GPIO_Init
<LI><a href="#[57]">&gt;&gt;</a>&nbsp;&nbsp;&nbsp;BSP_ADC_Init
<LI><a href="#[83]">&gt;&gt;</a>&nbsp;&nbsp;&nbsp;OSPI_MasterInit
<LI><a href="#[aa]">&gt;&gt;</a>&nbsp;&nbsp;&nbsp;SysTick_Init
<LI><a href="#[78]">&gt;&gt;</a>&nbsp;&nbsp;&nbsp;HAL_SYS_CLK_Init
</UL>
<BR>[Called By]<UL><LI><a href="#[32]">&gt;&gt;</a>&nbsp;&nbsp;&nbsp;main
</UL>

<P><STRONG><a name="[33]"></a>SystemInit</STRONG> (Thumb, 50 bytes, Stack size 4 bytes, system_sky32b750.o(i.SystemInit))
<BR><BR>[Stack]<UL><LI>Max Depth = 4<LI>Call Chain = SystemInit
</UL>
<BR>[Calls]<UL><LI><a href="#[b1]">&gt;&gt;</a>&nbsp;&nbsp;&nbsp;FPU_Enable
</UL>
<BR>[Address Reference Count : 1]<UL><LI> startup_sky32b750.o(.text)
</UL>
<P><STRONG><a name="[18]"></a>TMRB0_IRQHandler</STRONG> (Thumb, 22 bytes, Stack size 8 bytes, irq_handler.o(i.TMRB0_IRQHandler))
<BR><BR>[Stack]<UL><LI>Max Depth = 92<LI>Call Chain = TMRB0_IRQHandler &rArr; userTimerB0CallBackHand &rArr; RF_WriteRegSPI &rArr; RF_ReadRegSPI &rArr; USCI_SPI_TRx_Ext
</UL>
<BR>[Calls]<UL><LI><a href="#[b2]">&gt;&gt;</a>&nbsp;&nbsp;&nbsp;userTimerB0CallBackHand
</UL>
<BR>[Address Reference Count : 1]<UL><LI> startup_sky32b750.o(RESET)
</UL>
<P><STRONG><a name="[b3]"></a>TMRB0_Init</STRONG> (Thumb, 84 bytes, Stack size 8 bytes, hal_timer.o(i.TMRB0_Init))
<BR><BR>[Stack]<UL><LI>Max Depth = 60<LI>Call Chain = TMRB0_Init &rArr; TMRB_mTimeout &rArr; NVIC_EncodePriority
</UL>
<BR>[Calls]<UL><LI><a href="#[b4]">&gt;&gt;</a>&nbsp;&nbsp;&nbsp;TMRB_mTimeout
<LI><a href="#[ab]">&gt;&gt;</a>&nbsp;&nbsp;&nbsp;__NVIC_SetPriority
<LI><a href="#[ac]">&gt;&gt;</a>&nbsp;&nbsp;&nbsp;__NVIC_EnableIRQ
</UL>
<BR>[Called By]<UL><LI><a href="#[3a]">&gt;&gt;</a>&nbsp;&nbsp;&nbsp;start_task
</UL>

<P><STRONG><a name="[b5]"></a>TMRB_Reset</STRONG> (Thumb, 10 bytes, Stack size 8 bytes, timerb.o(i.TMRB_Reset))
<BR><BR>[Stack]<UL><LI>Max Depth = 8<LI>Call Chain = TMRB_Reset
</UL>
<BR>[Calls]<UL><LI><a href="#[b6]">&gt;&gt;</a>&nbsp;&nbsp;&nbsp;Peripheral_Reset
</UL>
<BR>[Called By]<UL><LI><a href="#[b4]">&gt;&gt;</a>&nbsp;&nbsp;&nbsp;TMRB_mTimeout
</UL>

<P><STRONG><a name="[b4]"></a>TMRB_mTimeout</STRONG> (Thumb, 450 bytes, Stack size 32 bytes, timerb.o(i.TMRB_mTimeout))
<BR><BR>[Stack]<UL><LI>Max Depth = 52<LI>Call Chain = TMRB_mTimeout &rArr; NVIC_EncodePriority
</UL>
<BR>[Calls]<UL><LI><a href="#[b5]">&gt;&gt;</a>&nbsp;&nbsp;&nbsp;TMRB_Reset
<LI><a href="#[b9]">&gt;&gt;</a>&nbsp;&nbsp;&nbsp;__NVIC_SetPriority
<LI><a href="#[b7]">&gt;&gt;</a>&nbsp;&nbsp;&nbsp;__NVIC_GetPriorityGrouping
<LI><a href="#[ba]">&gt;&gt;</a>&nbsp;&nbsp;&nbsp;__NVIC_EnableIRQ
<LI><a href="#[b8]">&gt;&gt;</a>&nbsp;&nbsp;&nbsp;NVIC_EncodePriority
</UL>
<BR>[Called By]<UL><LI><a href="#[b3]">&gt;&gt;</a>&nbsp;&nbsp;&nbsp;TMRB0_Init
</UL>

<P><STRONG><a name="[8f]"></a>UART_Transmit_Bytes</STRONG> (Thumb, 20 bytes, Stack size 16 bytes, bsp_uart.o(i.UART_Transmit_Bytes))
<BR><BR>[Stack]<UL><LI>Max Depth = 28<LI>Call Chain = UART_Transmit_Bytes &rArr; USCI_UART_Transmit
</UL>
<BR>[Calls]<UL><LI><a href="#[bb]">&gt;&gt;</a>&nbsp;&nbsp;&nbsp;USCI_UART_Transmit
</UL>
<BR>[Called By]<UL><LI><a href="#[8b]">&gt;&gt;</a>&nbsp;&nbsp;&nbsp;Protocol_Analysis_Handle
<LI><a href="#[8a]">&gt;&gt;</a>&nbsp;&nbsp;&nbsp;getPointCloud
</UL>

<P><STRONG><a name="[11]"></a>USCI4_IRQHandler</STRONG> (Thumb, 148 bytes, Stack size 8 bytes, bsp_uart.o(i.USCI4_IRQHandler))
<BR><BR>[Stack]<UL><LI>Max Depth = 32<LI>Call Chain = USCI4_IRQHandler &rArr; __2printf
</UL>
<BR>[Calls]<UL><LI><a href="#[4e]">&gt;&gt;</a>&nbsp;&nbsp;&nbsp;WDT_RstNow
<LI><a href="#[4d]">&gt;&gt;</a>&nbsp;&nbsp;&nbsp;__2printf
</UL>
<BR>[Address Reference Count : 1]<UL><LI> startup_sky32b750.o(RESET)
</UL>
<P><STRONG><a name="[bc]"></a>USCI_Clear_ESR</STRONG> (Thumb, 8 bytes, Stack size 0 bytes, usci.o(i.USCI_Clear_ESR))
<BR><BR>[Called By]<UL><LI><a href="#[bb]">&gt;&gt;</a>&nbsp;&nbsp;&nbsp;USCI_UART_Transmit
<LI><a href="#[63]">&gt;&gt;</a>&nbsp;&nbsp;&nbsp;USCI_UART_Init
<LI><a href="#[9d]">&gt;&gt;</a>&nbsp;&nbsp;&nbsp;USCI_SPI_Transmit_Ext
<LI><a href="#[96]">&gt;&gt;</a>&nbsp;&nbsp;&nbsp;USCI_SPI_TRx_Ext
<LI><a href="#[61]">&gt;&gt;</a>&nbsp;&nbsp;&nbsp;USCI_SPI_Init
</UL>

<P><STRONG><a name="[bd]"></a>USCI_Clear_ISR</STRONG> (Thumb, 8 bytes, Stack size 0 bytes, usci.o(i.USCI_Clear_ISR))
<BR><BR>[Called By]<UL><LI><a href="#[bb]">&gt;&gt;</a>&nbsp;&nbsp;&nbsp;USCI_UART_Transmit
<LI><a href="#[63]">&gt;&gt;</a>&nbsp;&nbsp;&nbsp;USCI_UART_Init
<LI><a href="#[9d]">&gt;&gt;</a>&nbsp;&nbsp;&nbsp;USCI_SPI_Transmit_Ext
<LI><a href="#[96]">&gt;&gt;</a>&nbsp;&nbsp;&nbsp;USCI_SPI_TRx_Ext
<LI><a href="#[61]">&gt;&gt;</a>&nbsp;&nbsp;&nbsp;USCI_SPI_Init
</UL>

<P><STRONG><a name="[61]"></a>USCI_SPI_Init</STRONG> (Thumb, 138 bytes, Stack size 4 bytes, usci.o(i.USCI_SPI_Init))
<BR><BR>[Stack]<UL><LI>Max Depth = 4<LI>Call Chain = USCI_SPI_Init
</UL>
<BR>[Calls]<UL><LI><a href="#[bd]">&gt;&gt;</a>&nbsp;&nbsp;&nbsp;USCI_Clear_ISR
<LI><a href="#[bc]">&gt;&gt;</a>&nbsp;&nbsp;&nbsp;USCI_Clear_ESR
</UL>
<BR>[Called By]<UL><LI><a href="#[5e]">&gt;&gt;</a>&nbsp;&nbsp;&nbsp;BSP_SPI_Init
</UL>

<P><STRONG><a name="[96]"></a>USCI_SPI_TRx_Ext</STRONG> (Thumb, 138 bytes, Stack size 28 bytes, usci.o(i.USCI_SPI_TRx_Ext))
<BR><BR>[Stack]<UL><LI>Max Depth = 28<LI>Call Chain = USCI_SPI_TRx_Ext
</UL>
<BR>[Calls]<UL><LI><a href="#[bd]">&gt;&gt;</a>&nbsp;&nbsp;&nbsp;USCI_Clear_ISR
<LI><a href="#[bc]">&gt;&gt;</a>&nbsp;&nbsp;&nbsp;USCI_Clear_ESR
</UL>
<BR>[Called By]<UL><LI><a href="#[97]">&gt;&gt;</a>&nbsp;&nbsp;&nbsp;RF_ReadWaveSPI_C
<LI><a href="#[94]">&gt;&gt;</a>&nbsp;&nbsp;&nbsp;RF_ReadRegSPI
</UL>

<P><STRONG><a name="[9d]"></a>USCI_SPI_Transmit_Ext</STRONG> (Thumb, 142 bytes, Stack size 24 bytes, usci.o(i.USCI_SPI_Transmit_Ext))
<BR><BR>[Stack]<UL><LI>Max Depth = 24<LI>Call Chain = USCI_SPI_Transmit_Ext
</UL>
<BR>[Calls]<UL><LI><a href="#[bd]">&gt;&gt;</a>&nbsp;&nbsp;&nbsp;USCI_Clear_ISR
<LI><a href="#[bc]">&gt;&gt;</a>&nbsp;&nbsp;&nbsp;USCI_Clear_ESR
</UL>
<BR>[Called By]<UL><LI><a href="#[9b]">&gt;&gt;</a>&nbsp;&nbsp;&nbsp;RF_WriteWaveSPI_C
<LI><a href="#[92]">&gt;&gt;</a>&nbsp;&nbsp;&nbsp;RF_WriteRegSPI
<LI><a href="#[9c]">&gt;&gt;</a>&nbsp;&nbsp;&nbsp;RF_WriteCmdSPI
</UL>

<P><STRONG><a name="[63]"></a>USCI_UART_Init</STRONG> (Thumb, 150 bytes, Stack size 20 bytes, usci.o(i.USCI_UART_Init))
<BR><BR>[Stack]<UL><LI>Max Depth = 20<LI>Call Chain = USCI_UART_Init
</UL>
<BR>[Calls]<UL><LI><a href="#[bd]">&gt;&gt;</a>&nbsp;&nbsp;&nbsp;USCI_Clear_ISR
<LI><a href="#[bc]">&gt;&gt;</a>&nbsp;&nbsp;&nbsp;USCI_Clear_ESR
</UL>
<BR>[Called By]<UL><LI><a href="#[62]">&gt;&gt;</a>&nbsp;&nbsp;&nbsp;BSP_UART_Init
<LI><a href="#[7a]">&gt;&gt;</a>&nbsp;&nbsp;&nbsp;SYS_CLK_PLL_Init
</UL>

<P><STRONG><a name="[bb]"></a>USCI_UART_Transmit</STRONG> (Thumb, 88 bytes, Stack size 12 bytes, usci.o(i.USCI_UART_Transmit))
<BR><BR>[Stack]<UL><LI>Max Depth = 12<LI>Call Chain = USCI_UART_Transmit
</UL>
<BR>[Calls]<UL><LI><a href="#[bd]">&gt;&gt;</a>&nbsp;&nbsp;&nbsp;USCI_Clear_ISR
<LI><a href="#[bc]">&gt;&gt;</a>&nbsp;&nbsp;&nbsp;USCI_Clear_ESR
</UL>
<BR>[Called By]<UL><LI><a href="#[8f]">&gt;&gt;</a>&nbsp;&nbsp;&nbsp;UART_Transmit_Bytes
</UL>

<P><STRONG><a name="[af]"></a>WDT_Disable</STRONG> (Thumb, 36 bytes, Stack size 0 bytes, wdt.o(i.WDT_Disable))
<BR><BR>[Called By]<UL><LI><a href="#[ad]">&gt;&gt;</a>&nbsp;&nbsp;&nbsp;Sys_Init
</UL>

<P><STRONG><a name="[be]"></a>WDT_Enable</STRONG> (Thumb, 36 bytes, Stack size 0 bytes, wdt.o(i.WDT_Enable))
<BR><BR>[Called By]<UL><LI><a href="#[4e]">&gt;&gt;</a>&nbsp;&nbsp;&nbsp;WDT_RstNow
</UL>

<P><STRONG><a name="[4e]"></a>WDT_RstNow</STRONG> (Thumb, 22 bytes, Stack size 8 bytes, hal_wdt.o(i.WDT_RstNow))
<BR><BR>[Stack]<UL><LI>Max Depth = 8<LI>Call Chain = WDT_RstNow
</UL>
<BR>[Calls]<UL><LI><a href="#[be]">&gt;&gt;</a>&nbsp;&nbsp;&nbsp;WDT_Enable
</UL>
<BR>[Called By]<UL><LI><a href="#[56]">&gt;&gt;</a>&nbsp;&nbsp;&nbsp;BB_waitISR
<LI><a href="#[11]">&gt;&gt;</a>&nbsp;&nbsp;&nbsp;USCI4_IRQHandler
<LI><a href="#[8b]">&gt;&gt;</a>&nbsp;&nbsp;&nbsp;Protocol_Analysis_Handle
<LI><a href="#[4b]">&gt;&gt;</a>&nbsp;&nbsp;&nbsp;BB_AlgProc_Loop
</UL>

<P><STRONG><a name="[8e]"></a>Word2Byte</STRONG> (Thumb, 16 bytes, Stack size 0 bytes, usart_protocol.o(i.Word2Byte))
<BR><BR>[Called By]<UL><LI><a href="#[8b]">&gt;&gt;</a>&nbsp;&nbsp;&nbsp;Protocol_Analysis_Handle
</UL>

<P><STRONG><a name="[bf]"></a>__0printf$8</STRONG> (Thumb, 22 bytes, Stack size 24 bytes, printf8.o(i.__0printf$8), UNUSED)
<BR><BR>[Calls]<UL><LI><a href="#[c0]">&gt;&gt;</a>&nbsp;&nbsp;&nbsp;_printf_core
</UL>

<P><STRONG><a name="[11d]"></a>__1printf$8</STRONG> (Thumb, 0 bytes, Stack size 24 bytes, printf8.o(i.__0printf$8), UNUSED)

<P><STRONG><a name="[4d]"></a>__2printf</STRONG> (Thumb, 0 bytes, Stack size 24 bytes, printf8.o(i.__0printf$8))
<BR><BR>[Stack]<UL><LI>Max Depth = 24<LI>Call Chain = __2printf
</UL>
<BR>[Called By]<UL><LI><a href="#[9b]">&gt;&gt;</a>&nbsp;&nbsp;&nbsp;RF_WriteWaveSPI_C
<LI><a href="#[92]">&gt;&gt;</a>&nbsp;&nbsp;&nbsp;RF_WriteRegSPI
<LI><a href="#[56]">&gt;&gt;</a>&nbsp;&nbsp;&nbsp;BB_waitISR
<LI><a href="#[11]">&gt;&gt;</a>&nbsp;&nbsp;&nbsp;USCI4_IRQHandler
<LI><a href="#[8b]">&gt;&gt;</a>&nbsp;&nbsp;&nbsp;Protocol_Analysis_Handle
<LI><a href="#[4b]">&gt;&gt;</a>&nbsp;&nbsp;&nbsp;BB_AlgProc_Loop
<LI><a href="#[74]">&gt;&gt;</a>&nbsp;&nbsp;&nbsp;sampDataHandle
<LI><a href="#[ca]">&gt;&gt;</a>&nbsp;&nbsp;&nbsp;fft1dCalc
<LI><a href="#[88]">&gt;&gt;</a>&nbsp;&nbsp;&nbsp;Printf_Param
</UL>

<P><STRONG><a name="[11e]"></a>__scatterload_copy</STRONG> (Thumb, 14 bytes, Stack size unknown bytes, handlers.o(i.__scatterload_copy), UNUSED)

<P><STRONG><a name="[11f]"></a>__scatterload_null</STRONG> (Thumb, 2 bytes, Stack size unknown bytes, handlers.o(i.__scatterload_null), UNUSED)

<P><STRONG><a name="[120]"></a>__scatterload_zeroinit</STRONG> (Thumb, 14 bytes, Stack size unknown bytes, handlers.o(i.__scatterload_zeroinit), UNUSED)

<P><STRONG><a name="[9f]"></a>algStruct_Init</STRONG> (Thumb, 1752 bytes, Stack size 8 bytes, radar_config.o(i.algStruct_Init))
<BR><BR>[Stack]<UL><LI>Max Depth = 8<LI>Call Chain = algStruct_Init
</UL>
<BR>[Calls]<UL><LI><a href="#[c6]">&gt;&gt;</a>&nbsp;&nbsp;&nbsp;log2Data
<LI><a href="#[c4]">&gt;&gt;</a>&nbsp;&nbsp;&nbsp;fftPTcalc
<LI><a href="#[c5]">&gt;&gt;</a>&nbsp;&nbsp;&nbsp;fft1dMeanDivCalc
<LI><a href="#[c3]">&gt;&gt;</a>&nbsp;&nbsp;&nbsp;BB_sampPT2reg
</UL>
<BR>[Called By]<UL><LI><a href="#[4a]">&gt;&gt;</a>&nbsp;&nbsp;&nbsp;Radar_Config_Init
</UL>

<P><STRONG><a name="[a0]"></a>dataprep_RegSet</STRONG> (Thumb, 182 bytes, Stack size 8 bytes, bb_config.o(i.dataprep_RegSet))
<BR><BR>[Stack]<UL><LI>Max Depth = 24<LI>Call Chain = dataprep_RegSet &rArr; BB_PrepConfig
</UL>
<BR>[Calls]<UL><LI><a href="#[c3]">&gt;&gt;</a>&nbsp;&nbsp;&nbsp;BB_sampPT2reg
<LI><a href="#[c7]">&gt;&gt;</a>&nbsp;&nbsp;&nbsp;BB_prepmode2reg
<LI><a href="#[c8]">&gt;&gt;</a>&nbsp;&nbsp;&nbsp;BB_prepBit2reg
<LI><a href="#[c9]">&gt;&gt;</a>&nbsp;&nbsp;&nbsp;BB_PrepConfig
</UL>
<BR>[Called By]<UL><LI><a href="#[4a]">&gt;&gt;</a>&nbsp;&nbsp;&nbsp;Radar_Config_Init
</UL>

<P><STRONG><a name="[ca]"></a>fft1dCalc</STRONG> (Thumb, 750 bytes, Stack size 32 bytes, bb_algproc.o(i.fft1dCalc))
<BR><BR>[Stack]<UL><LI>Max Depth = 116<LI>Call Chain = fft1dCalc &rArr; RF_Reg_Reset &rArr; RF_WriteRegSPI &rArr; RF_ReadRegSPI &rArr; USCI_SPI_TRx_Ext
</UL>
<BR>[Calls]<UL><LI><a href="#[cc]">&gt;&gt;</a>&nbsp;&nbsp;&nbsp;ulTaskNotifyTake
<LI><a href="#[56]">&gt;&gt;</a>&nbsp;&nbsp;&nbsp;BB_waitISR
<LI><a href="#[cb]">&gt;&gt;</a>&nbsp;&nbsp;&nbsp;BB_FFT_ZP_Clear
<LI><a href="#[98]">&gt;&gt;</a>&nbsp;&nbsp;&nbsp;RF_Reg_Reset
<LI><a href="#[4d]">&gt;&gt;</a>&nbsp;&nbsp;&nbsp;__2printf
</UL>
<BR>[Called By]<UL><LI><a href="#[74]">&gt;&gt;</a>&nbsp;&nbsp;&nbsp;sampDataHandle
</UL>

<P><STRONG><a name="[c5]"></a>fft1dMeanDivCalc</STRONG> (Thumb, 68 bytes, Stack size 0 bytes, hal_bb.o(i.fft1dMeanDivCalc))
<BR><BR>[Called By]<UL><LI><a href="#[9f]">&gt;&gt;</a>&nbsp;&nbsp;&nbsp;algStruct_Init
</UL>

<P><STRONG><a name="[c4]"></a>fftPTcalc</STRONG> (Thumb, 94 bytes, Stack size 0 bytes, hal_bb.o(i.fftPTcalc))
<BR><BR>[Called By]<UL><LI><a href="#[9f]">&gt;&gt;</a>&nbsp;&nbsp;&nbsp;algStruct_Init
</UL>

<P><STRONG><a name="[39]"></a>fputc</STRONG> (Thumb, 14 bytes, Stack size 4 bytes, bsp_uart.o(i.fputc))
<BR><BR>[Stack]<UL><LI>Max Depth = 4<LI>Call Chain = fputc
</UL>
<BR>[Calls]<UL><LI><a href="#[cd]">&gt;&gt;</a>&nbsp;&nbsp;&nbsp;sendchar
</UL>
<BR>[Address Reference Count : 1]<UL><LI> printf8.o(i.__0printf$8)
</UL>
<P><STRONG><a name="[8a]"></a>getPointCloud</STRONG> (Thumb, 42 bytes, Stack size 16 bytes, bb_algproc.o(i.getPointCloud))
<BR><BR>[Stack]<UL><LI>Max Depth = 44<LI>Call Chain = getPointCloud &rArr; UART_Transmit_Bytes &rArr; USCI_UART_Transmit
</UL>
<BR>[Calls]<UL><LI><a href="#[8f]">&gt;&gt;</a>&nbsp;&nbsp;&nbsp;UART_Transmit_Bytes
<LI><a href="#[ce]">&gt;&gt;</a>&nbsp;&nbsp;&nbsp;ProtocolSendPack
</UL>
<BR>[Called By]<UL><LI><a href="#[36]">&gt;&gt;</a>&nbsp;&nbsp;&nbsp;Printf_Task
</UL>

<P><STRONG><a name="[c6]"></a>log2Data</STRONG> (Thumb, 96 bytes, Stack size 0 bytes, hal_bb.o(i.log2Data))
<BR><BR>[Called By]<UL><LI><a href="#[9f]">&gt;&gt;</a>&nbsp;&nbsp;&nbsp;algStruct_Init
</UL>

<P><STRONG><a name="[32]"></a>main</STRONG> (Thumb, 38 bytes, Stack size 16 bytes, main.o(i.main))
<BR><BR>[Stack]<UL><LI>Max Depth = 512<LI>Call Chain = main &rArr; App_Init &rArr; Radar_Config_Init &rArr; RF_CfgInit &rArr; Hal_RF_WaveGen &rArr; RF_Sweep_step_Calculate
</UL>
<BR>[Calls]<UL><LI><a href="#[67]">&gt;&gt;</a>&nbsp;&nbsp;&nbsp;xTaskCreate
<LI><a href="#[cf]">&gt;&gt;</a>&nbsp;&nbsp;&nbsp;vTaskStartScheduler
<LI><a href="#[ad]">&gt;&gt;</a>&nbsp;&nbsp;&nbsp;Sys_Init
<LI><a href="#[48]">&gt;&gt;</a>&nbsp;&nbsp;&nbsp;App_Init
</UL>
<BR>[Address Reference Count : 1]<UL><LI> entry9a.o(.ARM.Collect$$$$0000000B)
</UL>
<P><STRONG><a name="[93]"></a>mod</STRONG> (Thumb, 12 bytes, Stack size 0 bytes, hal_rf.o(i.mod))
<BR><BR>[Called By]<UL><LI><a href="#[91]">&gt;&gt;</a>&nbsp;&nbsp;&nbsp;RF_Freq_Start_Calc
<LI><a href="#[7e]">&gt;&gt;</a>&nbsp;&nbsp;&nbsp;RF_Sweep_step_Calculate
</UL>

<P><STRONG><a name="[f8]"></a>pvPortMalloc</STRONG> (Thumb, 188 bytes, Stack size 24 bytes, heap_4.o(i.pvPortMalloc))
<BR><BR>[Stack]<UL><LI>Max Depth = 64<LI>Call Chain = pvPortMalloc &rArr; xTaskResumeAll &rArr; xTaskIncrementTick
</UL>
<BR>[Calls]<UL><LI><a href="#[dc]">&gt;&gt;</a>&nbsp;&nbsp;&nbsp;xTaskResumeAll
<LI><a href="#[db]">&gt;&gt;</a>&nbsp;&nbsp;&nbsp;vTaskSuspendAll
<LI><a href="#[fa]">&gt;&gt;</a>&nbsp;&nbsp;&nbsp;prvInsertBlockIntoFreeList
<LI><a href="#[f9]">&gt;&gt;</a>&nbsp;&nbsp;&nbsp;prvHeapInit
</UL>
<BR>[Called By]<UL><LI><a href="#[67]">&gt;&gt;</a>&nbsp;&nbsp;&nbsp;xTaskCreate
<LI><a href="#[d8]">&gt;&gt;</a>&nbsp;&nbsp;&nbsp;xQueueGenericCreate
</UL>

<P><STRONG><a name="[106]"></a>pvTaskIncrementMutexHeldCount</STRONG> (Thumb, 26 bytes, Stack size 0 bytes, tasks.o(i.pvTaskIncrementMutexHeldCount))
<BR><BR>[Called By]<UL><LI><a href="#[89]">&gt;&gt;</a>&nbsp;&nbsp;&nbsp;xQueueGenericReceive
</UL>

<P><STRONG><a name="[e7]"></a>pxPortInitialiseStack</STRONG> (Thumb, 38 bytes, Stack size 0 bytes, port.o(i.pxPortInitialiseStack))
<BR><BR>[Called By]<UL><LI><a href="#[e5]">&gt;&gt;</a>&nbsp;&nbsp;&nbsp;prvInitialiseNewTask
</UL>

<P><STRONG><a name="[74]"></a>sampDataHandle</STRONG> (Thumb, 326 bytes, Stack size 16 bytes, bb_algproc.o(i.sampDataHandle))
<BR><BR>[Stack]<UL><LI>Max Depth = 156<LI>Call Chain = sampDataHandle &rArr; RF_Reg_Set &rArr; RF_WaveSet &rArr; RF_WriteWaveSPI_C &rArr; RF_ReadWaveSPI_C &rArr; USCI_SPI_TRx_Ext
</UL>
<BR>[Calls]<UL><LI><a href="#[77]">&gt;&gt;</a>&nbsp;&nbsp;&nbsp;vPortExitCritical
<LI><a href="#[75]">&gt;&gt;</a>&nbsp;&nbsp;&nbsp;vPortEnterCritical
<LI><a href="#[cc]">&gt;&gt;</a>&nbsp;&nbsp;&nbsp;ulTaskNotifyTake
<LI><a href="#[ca]">&gt;&gt;</a>&nbsp;&nbsp;&nbsp;fft1dCalc
<LI><a href="#[99]">&gt;&gt;</a>&nbsp;&nbsp;&nbsp;RF_Reg_Set
<LI><a href="#[98]">&gt;&gt;</a>&nbsp;&nbsp;&nbsp;RF_Reg_Reset
<LI><a href="#[4d]">&gt;&gt;</a>&nbsp;&nbsp;&nbsp;__2printf
</UL>
<BR>[Called By]<UL><LI><a href="#[4c]">&gt;&gt;</a>&nbsp;&nbsp;&nbsp;Func01_Handle
</UL>

<P><STRONG><a name="[cd]"></a>sendchar</STRONG> (Thumb, 24 bytes, Stack size 0 bytes, bsp_uart.o(i.sendchar))
<BR><BR>[Called By]<UL><LI><a href="#[39]">&gt;&gt;</a>&nbsp;&nbsp;&nbsp;fputc
</UL>

<P><STRONG><a name="[3a]"></a>start_task</STRONG> (Thumb, 48 bytes, Stack size 8 bytes, main.o(i.start_task))
<BR><BR>[Stack]<UL><LI>Max Depth = 160<LI>Call Chain = start_task &rArr; CreatePrintfTask &rArr; xTaskCreate &rArr; pvPortMalloc &rArr; xTaskResumeAll &rArr; xTaskIncrementTick
</UL>
<BR>[Calls]<UL><LI><a href="#[77]">&gt;&gt;</a>&nbsp;&nbsp;&nbsp;vPortExitCritical
<LI><a href="#[75]">&gt;&gt;</a>&nbsp;&nbsp;&nbsp;vPortEnterCritical
<LI><a href="#[fb]">&gt;&gt;</a>&nbsp;&nbsp;&nbsp;vTaskDelete
<LI><a href="#[d8]">&gt;&gt;</a>&nbsp;&nbsp;&nbsp;xQueueGenericCreate
<LI><a href="#[68]">&gt;&gt;</a>&nbsp;&nbsp;&nbsp;CreatePrintfTask
<LI><a href="#[66]">&gt;&gt;</a>&nbsp;&nbsp;&nbsp;CreateBBTask
<LI><a href="#[b3]">&gt;&gt;</a>&nbsp;&nbsp;&nbsp;TMRB0_Init
</UL>
<BR>[Address Reference Count : 1]<UL><LI> main.o(i.main)
</UL>
<P><STRONG><a name="[37]"></a>test_dma_ch1_callback</STRONG> (Thumb, 140 bytes, Stack size 8 bytes, hal_ospi.o(i.test_dma_ch1_callback))
<BR><BR>[Stack]<UL><LI>Max Depth = 8<LI>Call Chain = test_dma_ch1_callback
</UL>
[...]
<LI><a href="#[ed]">&gt;&gt;</a>&nbsp;&nbsp;&nbsp;prvProcessExpiredTimer
</UL>
<P>
<H3>
Local Symbols
</H3>
<P><STRONG><a name="[b8]"></a>NVIC_EncodePriority</STRONG> (Thumb, 64 bytes, Stack size 20 bytes, timerb.o(i.NVIC_EncodePriority))
<BR><BR>[Stack]<UL><LI>Max Depth = 20<LI>Call Chain = NVIC_EncodePriority
</UL>
<BR>[Called By]<UL><LI><a href="#[b4]">&gt;&gt;</a>&nbsp;&nbsp;&nbsp;TMRB_mTimeout
</UL>

<P><STRONG><a name="[ba]"></a>__NVIC_EnableIRQ</STRONG> (Thumb, 34 bytes, Stack size 0 bytes, timerb.o(i.__NVIC_EnableIRQ))
<BR><BR>[Called By]<UL><LI><a href="#[b4]">&gt;&gt;</a>&nbsp;&nbsp;&nbsp;TMRB_mTimeout
</UL>

<P><STRONG><a name="[b7]"></a>__NVIC_GetPriorityGrouping</STRONG> (Thumb, 10 bytes, Stack size 0 bytes, timerb.o(i.__NVIC_GetPriorityGrouping))
<BR><BR>[Called By]<UL><LI><a href="#[b4]">&gt;&gt;</a>&nbsp;&nbsp;&nbsp;TMRB_mTimeout
</UL>

<P><STRONG><a name="[b9]"></a>__NVIC_SetPriority</STRONG> (Thumb, 32 bytes, Stack size 8 bytes, timerb.o(i.__NVIC_SetPriority))
<BR><BR>[Stack]<UL><LI>Max Depth = 8<LI>Call Chain = __NVIC_SetPriority
</UL>
<BR>[Called By]<UL><LI><a href="#[b4]">&gt;&gt;</a>&nbsp;&nbsp;&nbsp;TMRB_mTimeout
</UL>

<P><STRONG><a name="[de]"></a>prvCopyDataFromQueue</STRONG> (Thumb, 42 bytes, Stack size 16 bytes, queue.o(i.prvCopyDataFromQueue))
<BR><BR>[Stack]<UL><LI>Max Depth = 16<LI>Call Chain = prvCopyDataFromQueue
</UL>
<BR>[Calls]<UL><LI><a href="#[7c]">&gt;&gt;</a>&nbsp;&nbsp;&nbsp;__aeabi_memcpy
</UL>
<BR>[Called By]<UL><LI><a href="#[89]">&gt;&gt;</a>&nbsp;&nbsp;&nbsp;xQueueGenericReceive
</UL>

<P><STRONG><a name="[df]"></a>prvCopyDataToQueue</STRONG> (Thumb, 124 bytes, Stack size 24 bytes, queue.o(i.prvCopyDataToQueue))
<BR><BR>[Stack]<UL><LI>Max Depth = 40<LI>Call Chain = prvCopyDataToQueue &rArr; xTaskPriorityDisinherit
</UL>
<BR>[Calls]<UL><LI><a href="#[e0]">&gt;&gt;</a>&nbsp;&nbsp;&nbsp;xTaskPriorityDisinherit
<LI><a href="#[7c]">&gt;&gt;</a>&nbsp;&nbsp;&nbsp;__aeabi_memcpy
</UL>
<BR>[Called By]<UL><LI><a href="#[eb]">&gt;&gt;</a>&nbsp;&nbsp;&nbsp;prvNotifyQueueSetContainer
<LI><a href="#[10a]">&gt;&gt;</a>&nbsp;&nbsp;&nbsp;xQueueGenericSendFromISR
<LI><a href="#[109]">&gt;&gt;</a>&nbsp;&nbsp;&nbsp;xQueueGenericSend
</UL>

<P><STRONG><a name="[e3]"></a>prvInitialiseNewQueue</STRONG> (Thumb, 46 bytes, Stack size 24 bytes, queue.o(i.prvInitialiseNewQueue))
<BR><BR>[Stack]<UL><LI>Max Depth = 56<LI>Call Chain = prvInitialiseNewQueue &rArr; xQueueGenericReset &rArr; xTaskRemoveFromEventList
</UL>
<BR>[Calls]<UL><LI><a href="#[e4]">&gt;&gt;</a>&nbsp;&nbsp;&nbsp;xQueueGenericReset
</UL>
<BR>[Called By]<UL><LI><a href="#[d8]">&gt;&gt;</a>&nbsp;&nbsp;&nbsp;xQueueGenericCreate
</UL>

<P><STRONG><a name="[e9]"></a>prvIsQueueEmpty</STRONG> (Thumb, 26 bytes, Stack size 16 bytes, queue.o(i.prvIsQueueEmpty))
<BR><BR>[Stack]<UL><LI>Max Depth = 16<LI>Call Chain = prvIsQueueEmpty
</UL>
<BR>[Calls]<UL><LI><a href="#[77]">&gt;&gt;</a>&nbsp;&nbsp;&nbsp;vPortExitCritical
<LI><a href="#[75]">&gt;&gt;</a>&nbsp;&nbsp;&nbsp;vPortEnterCritical
</UL>
<BR>[Called By]<UL><LI><a href="#[89]">&gt;&gt;</a>&nbsp;&nbsp;&nbsp;xQueueGenericReceive
</UL>

<P><STRONG><a name="[ea]"></a>prvIsQueueFull</STRONG> (Thumb, 30 bytes, Stack size 16 bytes, queue.o(i.prvIsQueueFull))
<BR><BR>[Stack]<UL><LI>Max Depth = 16<LI>Call Chain = prvIsQueueFull
</UL>
<BR>[Calls]<UL><LI><a href="#[77]">&gt;&gt;</a>&nbsp;&nbsp;&nbsp;vPortExitCritical
<LI><a href="#[75]">&gt;&gt;</a>&nbsp;&nbsp;&nbsp;vPortEnterCritical
</UL>
<BR>[Called By]<UL><LI><a href="#[109]">&gt;&gt;</a>&nbsp;&nbsp;&nbsp;xQueueGenericSend
</UL>

<P><STRONG><a name="[eb]"></a>prvNotifyQueueSetContainer</STRONG> (Thumb, 82 bytes, Stack size 32 bytes, queue.o(i.prvNotifyQueueSetContainer))
<BR><BR>[Stack]<UL><LI>Max Depth = 72<LI>Call Chain = prvNotifyQueueSetContainer &rArr; prvCopyDataToQueue &rArr; xTaskPriorityDisinherit
</UL>
<BR>[Calls]<UL><LI><a href="#[df]">&gt;&gt;</a>&nbsp;&nbsp;&nbsp;prvCopyDataToQueue
<LI><a href="#[ec]">&gt;&gt;</a>&nbsp;&nbsp;&nbsp;xTaskRemoveFromEventList
</UL>
<BR>[Called By]<UL><LI><a href="#[f6]">&gt;&gt;</a>&nbsp;&nbsp;&nbsp;prvUnlockQueue
<LI><a href="#[10a]">&gt;&gt;</a>&nbsp;&nbsp;&nbsp;xQueueGenericSendFromISR
<LI><a href="#[109]">&gt;&gt;</a>&nbsp;&nbsp;&nbsp;xQueueGenericSend
</UL>

<P><STRONG><a name="[f6]"></a>prvUnlockQueue</STRONG> (Thumb, 146 bytes, Stack size 16 bytes, queue.o(i.prvUnlockQueue))
<BR><BR>[Stack]<UL><LI>Max Depth = 88<LI>Call Chain = prvUnlockQueue &rArr; prvNotifyQueueSetContainer &rArr; prvCopyDataToQueue &rArr; xTaskPriorityDisinherit
</UL>
<BR>[Calls]<UL><LI><a href="#[eb]">&gt;&gt;</a>&nbsp;&nbsp;&nbsp;prvNotifyQueueSetContainer
<LI><a href="#[77]">&gt;&gt;</a>&nbsp;&nbsp;&nbsp;vPortExitCritical
<LI><a href="#[75]">&gt;&gt;</a>&nbsp;&nbsp;&nbsp;vPortEnterCritical
<LI><a href="#[ec]">&gt;&gt;</a>&nbsp;&nbsp;&nbsp;xTaskRemoveFromEventList
<LI><a href="#[f7]">&gt;&gt;</a>&nbsp;&nbsp;&nbsp;vTaskMissedYield
</UL>
<BR>[Called By]<UL><LI><a href="#[109]">&gt;&gt;</a>&nbsp;&nbsp;&nbsp;xQueueGenericSend
<LI><a href="#[89]">&gt;&gt;</a>&nbsp;&nbsp;&nbsp;xQueueGenericReceive
<LI><a href="#[f2]">&gt;&gt;</a>&nbsp;&nbsp;&nbsp;vQueueWaitForMessageRestricted
</UL>

<P><STRONG><a name="[d0]"></a>prvAddCurrentTaskToDelayedList</STRONG> (Thumb, 124 bytes, Stack size 24 bytes, tasks.o(i.prvAddCurrentTaskToDelayedList))
<BR><BR>[Stack]<UL><LI>Max Depth = 32<LI>Call Chain = prvAddCurrentTaskToDelayedList &rArr; vListInsert
</UL>
<BR>[Calls]<UL><LI><a href="#[d2]">&gt;&gt;</a>&nbsp;&nbsp;&nbsp;vListInsertEnd
<LI><a href="#[d3]">&gt;&gt;</a>&nbsp;&nbsp;&nbsp;vListInsert
<LI><a href="#[d1]">&gt;&gt;</a>&nbsp;&nbsp;&nbsp;uxListRemove
</UL>
<BR>[Called By]<UL><LI><a href="#[a3]">&gt;&gt;</a>&nbsp;&nbsp;&nbsp;vTaskDelay
<LI><a href="#[cc]">&gt;&gt;</a>&nbsp;&nbsp;&nbsp;ulTaskNotifyTake
<LI><a href="#[fc]">&gt;&gt;</a>&nbsp;&nbsp;&nbsp;vTaskPlaceOnEventListRestricted
<LI><a href="#[fe]">&gt;&gt;</a>&nbsp;&nbsp;&nbsp;vTaskPlaceOnEventList
</UL>

<P><STRONG><a name="[d4]"></a>prvAddNewTaskToReadyList</STRONG> (Thumb, 156 bytes, Stack size 8 bytes, tasks.o(i.prvAddNewTaskToReadyList))
<BR><BR>[Stack]<UL><LI>Max Depth = 16<LI>Call Chain = prvAddNewTaskToReadyList &rArr; prvInitialiseTaskLists
</UL>
<BR>[Calls]<UL><LI><a href="#[d2]">&gt;&gt;</a>&nbsp;&nbsp;&nbsp;vListInsertEnd
<LI><a href="#[77]">&gt;&gt;</a>&nbsp;&nbsp;&nbsp;vPortExitCritical
<LI><a href="#[75]">&gt;&gt;</a>&nbsp;&nbsp;&nbsp;vPortEnterCritical
<LI><a href="#[d5]">&gt;&gt;</a>&nbsp;&nbsp;&nbsp;prvInitialiseTaskLists
</UL>
<BR>[Called By]<UL><LI><a href="#[67]">&gt;&gt;</a>&nbsp;&nbsp;&nbsp;xTaskCreate
</UL>

<P><STRONG><a name="[da]"></a>prvCheckTasksWaitingTermination</STRONG> (Thumb, 86 bytes, Stack size 16 bytes, tasks.o(i.prvCheckTasksWaitingTermination))
<BR><BR>[Stack]<UL><LI>Max Depth = 80<LI>Call Chain = prvCheckTasksWaitingTermination &rArr; prvDeleteTCB &rArr; vPortFree &rArr; xTaskResumeAll &rArr; xTaskIncrementTick
</UL>
<BR>[Calls]<UL><LI><a href="#[d1]">&gt;&gt;</a>&nbsp;&nbsp;&nbsp;uxListRemove
<LI><a href="#[dc]">&gt;&gt;</a>&nbsp;&nbsp;&nbsp;xTaskResumeAll
<LI><a href="#[db]">&gt;&gt;</a>&nbsp;&nbsp;&nbsp;vTaskSuspendAll
<LI><a href="#[77]">&gt;&gt;</a>&nbsp;&nbsp;&nbsp;vPortExitCritical
<LI><a href="#[75]">&gt;&gt;</a>&nbsp;&nbsp;&nbsp;vPortEnterCritical
<LI><a href="#[dd]">&gt;&gt;</a>&nbsp;&nbsp;&nbsp;prvDeleteTCB
</UL>
<BR>[Called By]<UL><LI><a href="#[3c]">&gt;&gt;</a>&nbsp;&nbsp;&nbsp;prvIdleTask
</UL>

<P><STRONG><a name="[dd]"></a>prvDeleteTCB</STRONG> (Thumb, 18 bytes, Stack size 8 bytes, tasks.o(i.prvDeleteTCB))
<BR><BR>[Stack]<UL><LI>Max Depth = 64<LI>Call Chain = prvDeleteTCB &rArr; vPortFree &rArr; xTaskResumeAll &rArr; xTaskIncrementTick
</UL>
<BR>[Calls]<UL><LI><a href="#[e1]">&gt;&gt;</a>&nbsp;&nbsp;&nbsp;vPortFree
</UL>
<BR>[Called By]<UL><LI><a href="#[fb]">&gt;&gt;</a>&nbsp;&nbsp;&nbsp;vTaskDelete
<LI><a href="#[da]">&gt;&gt;</a>&nbsp;&nbsp;&nbsp;prvCheckTasksWaitingTermination
</UL>

<P><STRONG><a name="[3c]"></a>prvIdleTask</STRONG> (Thumb, 36 bytes, Stack size 0 bytes, tasks.o(i.prvIdleTask))
<BR><BR>[Stack]<UL><LI>Max Depth = 80<LI>Call Chain = prvIdleTask &rArr; prvCheckTasksWaitingTermination &rArr; prvDeleteTCB &rArr; vPortFree &rArr; xTaskResumeAll &rArr; xTaskIncrementTick
</UL>
<BR>[Calls]<UL><LI><a href="#[e2]">&gt;&gt;</a>&nbsp;&nbsp;&nbsp;vApplicationIdleHook
<LI><a href="#[da]">&gt;&gt;</a>&nbsp;&nbsp;&nbsp;prvCheckTasksWaitingTermination
</UL>
<BR>[Address Reference Count : 1]<UL><LI> tasks.o(i.vTaskStartScheduler)
</UL>
<P><STRONG><a name="[e5]"></a>prvInitialiseNewTask</STRONG> (Thumb, 146 bytes, Stack size 40 bytes, tasks.o(i.prvInitialiseNewTask))
<BR><BR>[Stack]<UL><LI>Max Depth = 40<LI>Call Chain = prvInitialiseNewTask
</UL>
<BR>[Calls]<UL><LI><a href="#[e6]">&gt;&gt;</a>&nbsp;&nbsp;&nbsp;vListInitialiseItem
<LI><a href="#[e7]">&gt;&gt;</a>&nbsp;&nbsp;&nbsp;pxPortInitialiseStack
<LI><a href="#[45]">&gt;&gt;</a>&nbsp;&nbsp;&nbsp;__aeabi_memset
</UL>
<BR>[Called By]<UL><LI><a href="#[67]">&gt;&gt;</a>&nbsp;&nbsp;&nbsp;xTaskCreate
</UL>

<P><STRONG><a name="[d5]"></a>prvInitialiseTaskLists</STRONG> (Thumb, 70 bytes, Stack size 8 bytes, tasks.o(i.prvInitialiseTaskLists))
<BR><BR>[Stack]<UL><LI>Max Depth = 8<LI>Call Chain = prvInitialiseTaskLists
</UL>
<BR>[Calls]<UL><LI><a href="#[d7]">&gt;&gt;</a>&nbsp;&nbsp;&nbsp;vListInitialise
</UL>
<BR>[Called By]<UL><LI><a href="#[d4]">&gt;&gt;</a>&nbsp;&nbsp;&nbsp;prvAddNewTaskToReadyList
</UL>

<P><STRONG><a name="[fd]"></a>prvResetNextTaskUnblockTime</STRONG> (Thumb, 42 bytes, Stack size 0 bytes, tasks.o(i.prvResetNextTaskUnblockTime))
<BR><BR>[Called By]<UL><LI><a href="#[dc]">&gt;&gt;</a>&nbsp;&nbsp;&nbsp;xTaskResumeAll
<LI><a href="#[105]">&gt;&gt;</a>&nbsp;&nbsp;&nbsp;xTaskIncrementTick
<LI><a href="#[fb]">&gt;&gt;</a>&nbsp;&nbsp;&nbsp;vTaskDelete
</UL>

<P><STRONG><a name="[d6]"></a>prvCheckForValidListAndQueue</STRONG> (Thumb, 72 bytes, Stack size 8 bytes, timers.o(i.prvCheckForValidListAndQueue))
<BR><BR>[Stack]<UL><LI>Max Depth = 104<LI>Call Chain = prvCheckForValidListAndQueue &rArr; xQueueGenericCreate &rArr; pvPortMalloc &rArr; xTaskResumeAll &rArr; xTaskIncrementTick
</UL>
<BR>[Calls]<UL><LI><a href="#[77]">&gt;&gt;</a>&nbsp;&nbsp;&nbsp;vPortExitCritical
<LI><a href="#[75]">&gt;&gt;</a>&nbsp;&nbsp;&nbsp;vPortEnterCritical
<LI><a href="#[d7]">&gt;&gt;</a>&nbsp;&nbsp;&nbsp;vListInitialise
<LI><a href="#[d8]">&gt;&gt;</a>&nbsp;&nbsp;&nbsp;xQueueGenericCreate
<LI><a href="#[d9]">&gt;&gt;</a>&nbsp;&nbsp;&nbsp;vQueueAddToRegistry
</UL>
<BR>[Called By]<UL><LI><a href="#[100]">&gt;&gt;</a>&nbsp;&nbsp;&nbsp;xTimerCreateTimerTask
</UL>

<P><STRONG><a name="[f5]"></a>prvGetNextExpireTime</STRONG> (Thumb, 36 bytes, Stack size 0 bytes, timers.o(i.prvGetNextExpireTime))
<BR><BR>[Called By]<UL><LI><a href="#[3d]">&gt;&gt;</a>&nbsp;&nbsp;&nbsp;prvTimerTask
</UL>

<P><STRONG><a name="[e8]"></a>prvInsertTimerInActiveList</STRONG> (Thumb, 80 bytes, Stack size 24 bytes, timers.o(i.prvInsertTimerInActiveList))
<BR><BR>[Stack]<UL><LI>Max Depth = 32<LI>Call Chain = prvInsertTimerInActiveList &rArr; vListInsert
</UL>
<BR>[Calls]<UL><LI><a href="#[d3]">&gt;&gt;</a>&nbsp;&nbsp;&nbsp;vListInsert
</UL>
<BR>[Called By]<UL><LI><a href="#[ef]">&gt;&gt;</a>&nbsp;&nbsp;&nbsp;prvProcessReceivedCommands
<LI><a href="#[ed]">&gt;&gt;</a>&nbsp;&nbsp;&nbsp;prvProcessExpiredTimer
</UL>

<P><STRONG><a name="[ed]"></a>prvProcessExpiredTimer</STRONG> (Thumb, 70 bytes, Stack size 24 bytes, timers.o(i.prvProcessExpiredTimer))
<BR><BR>[Stack]<UL><LI>Max Depth = 216<LI>Call Chain = prvProcessExpiredTimer &rArr; xTimerGenericCommand &rArr; xQueueGenericSend &rArr; prvUnlockQueue &rArr; prvNotifyQueueSetContainer &rArr; prvCopyDataToQueue &rArr; xTaskPriorityDisinherit
</UL>
<BR>[Calls]<UL><LI><a href="#[d1]">&gt;&gt;</a>&nbsp;&nbsp;&nbsp;uxListRemove
<LI><a href="#[ee]">&gt;&gt;</a>&nbsp;&nbsp;&nbsp;xTimerGenericCommand
<LI><a href="#[e8]">&gt;&gt;</a>&nbsp;&nbsp;&nbsp;prvInsertTimerInActiveList
</UL>
<BR>[Called By]<UL><LI><a href="#[f1]">&gt;&gt;</a>&nbsp;&nbsp;&nbsp;prvProcessTimerOrBlockTask
</UL>

<P><STRONG><a name="[ef]"></a>prvProcessReceivedCommands</STRONG> (Thumb, 202 bytes, Stack size 48 bytes, timers.o(i.prvProcessReceivedCommands))
<BR><BR>[Stack]<UL><LI>Max Depth = 288<LI>Call Chain = prvProcessReceivedCommands &rArr; prvSampleTimeNow &rArr; prvSwitchTimerLists &rArr; xTimerGenericCommand &rArr; xQueueGenericSend &rArr; prvUnlockQueue &rArr; prvNotifyQueueSetContainer &rArr; prvCopyDataToQueue &rArr; xTaskPriorityDisinherit
</UL>
<BR>[Calls]<UL><LI><a href="#[d1]">&gt;&gt;</a>&nbsp;&nbsp;&nbsp;uxListRemove
<LI><a href="#[e1]">&gt;&gt;</a>&nbsp;&nbsp;&nbsp;vPortFree
<LI><a href="#[ee]">&gt;&gt;</a>&nbsp;&nbsp;&nbsp;xTimerGenericCommand
<LI><a href="#[f0]">&gt;&gt;</a>&nbsp;&nbsp;&nbsp;prvSampleTimeNow
<LI><a href="#[e8]">&gt;&gt;</a>&nbsp;&nbsp;&nbsp;prvInsertTimerInActiveList
<LI><a href="#[89]">&gt;&gt;</a>&nbsp;&nbsp;&nbsp;xQueueGenericReceive
</UL>
<BR>[Called By]<UL><LI><a href="#[3d]">&gt;&gt;</a>&nbsp;&nbsp;&nbsp;prvTimerTask
</UL>

<P><STRONG><a name="[f1]"></a>prvProcessTimerOrBlockTask</STRONG> (Thumb, 102 bytes, Stack size 24 bytes, timers.o(i.prvProcessTimerOrBlockTask))
<BR><BR>[Stack]<UL><LI>Max Depth = 264<LI>Call Chain = prvProcessTimerOrBlockTask &rArr; prvSampleTimeNow &rArr; prvSwitchTimerLists &rArr; xTimerGenericCommand &rArr; xQueueGenericSend &rArr; prvUnlockQueue &rArr; prvNotifyQueueSetContainer &rArr; prvCopyDataToQueue &rArr; xTaskPriorityDisinherit
</UL>
<BR>[Calls]<UL><LI><a href="#[dc]">&gt;&gt;</a>&nbsp;&nbsp;&nbsp;xTaskResumeAll
<LI><a href="#[db]">&gt;&gt;</a>&nbsp;&nbsp;&nbsp;vTaskSuspendAll
<LI><a href="#[f0]">&gt;&gt;</a>&nbsp;&nbsp;&nbsp;prvSampleTimeNow
<LI><a href="#[ed]">&gt;&gt;</a>&nbsp;&nbsp;&nbsp;prvProcessExpiredTimer
<LI><a href="#[f2]">&gt;&gt;</a>&nbsp;&nbsp;&nbsp;vQueueWaitForMessageRestricted
</UL>
<BR>[Called By]<UL><LI><a href="#[3d]">&gt;&gt;</a>&nbsp;&nbsp;&nbsp;prvTimerTask
</UL>

<P><STRONG><a name="[f0]"></a>prvSampleTimeNow</STRONG> (Thumb, 40 bytes, Stack size 16 bytes, timers.o(i.prvSampleTimeNow))
<BR><BR>[Stack]<UL><LI>Max Depth = 240<LI>Call Chain = prvSampleTimeNow &rArr; prvSwitchTimerLists &rArr; xTimerGenericCommand &rArr; xQueueGenericSend &rArr; prvUnlockQueue &rArr; prvNotifyQueueSetContainer &rArr; prvCopyDataToQueue &rArr; xTaskPriorityDisinherit
</UL>
<BR>[Calls]<UL><LI><a href="#[f4]">&gt;&gt;</a>&nbsp;&nbsp;&nbsp;prvSwitchTimerLists
<LI><a href="#[f3]">&gt;&gt;</a>&nbsp;&nbsp;&nbsp;xTaskGetTickCount
</UL>
<BR>[Called By]<UL><LI><a href="#[f1]">&gt;&gt;</a>&nbsp;&nbsp;&nbsp;prvProcessTimerOrBlockTask
<LI><a href="#[ef]">&gt;&gt;</a>&nbsp;&nbsp;&nbsp;prvProcessReceivedCommands
</UL>

<P><STRONG><a name="[f4]"></a>prvSwitchTimerLists</STRONG> (Thumb, 122 bytes, Stack size 32 bytes, timers.o(i.prvSwitchTimerLists))
<BR><BR>[Stack]<UL><LI>Max Depth = 224<LI>Call Chain = prvSwitchTimerLists &rArr; xTimerGenericCommand &rArr; xQueueGenericSend &rArr; prvUnlockQueue &rArr; prvNotifyQueueSetContainer &rArr; prvCopyDataToQueue &rArr; xTaskPriorityDisinherit
</UL>
<BR>[Calls]<UL><LI><a href="#[d3]">&gt;&gt;</a>&nbsp;&nbsp;&nbsp;vListInsert
<LI><a href="#[d1]">&gt;&gt;</a>&nbsp;&nbsp;&nbsp;uxListRemove
<LI><a href="#[ee]">&gt;&gt;</a>&nbsp;&nbsp;&nbsp;xTimerGenericCommand
</UL>
<BR>[Called By]<UL><LI><a href="#[f0]">&gt;&gt;</a>&nbsp;&nbsp;&nbsp;prvSampleTimeNow
</UL>

<P><STRONG><a name="[3d]"></a>prvTimerTask</STRONG> (Thumb, 26 bytes, Stack size 8 bytes, timers.o(i.prvTimerTask))
<BR><BR>[Stack]<UL><LI>Max Depth = 296<LI>Call Chain = prvTimerTask &rArr; prvProcessReceivedCommands &rArr; prvSampleTimeNow &rArr; prvSwitchTimerLists &rArr; xTimerGenericCommand &rArr; xQueueGenericSend &rArr; prvUnlockQueue &rArr; prvNotifyQueueSetContainer &rArr; prvCopyDataToQueue &rArr; xTaskPriorityDisinherit
</UL>
<BR>[Calls]<UL><LI><a href="#[f1]">&gt;&gt;</a>&nbsp;&nbsp;&nbsp;prvProcessTimerOrBlockTask
<LI><a href="#[ef]">&gt;&gt;</a>&nbsp;&nbsp;&nbsp;prvProcessReceivedCommands
<LI><a href="#[f5]">&gt;&gt;</a>&nbsp;&nbsp;&nbsp;prvGetNextExpireTime
</UL>
<BR>[Address Reference Count : 1]<UL><LI> timers.o(i.xTimerCreateTimerTask)
</UL>
<P><STRONG><a name="[f9]"></a>prvHeapInit</STRONG> (Thumb, 98 bytes, Stack size 12 bytes, heap_4.o(i.prvHeapInit))
<BR><BR>[Stack]<UL><LI>Max Depth = 12<LI>Call Chain = prvHeapInit
</UL>
<BR>[Called By]<UL><LI><a href="#[f8]">&gt;&gt;</a>&nbsp;&nbsp;&nbsp;pvPortMalloc
</UL>

<P><STRONG><a name="[fa]"></a>prvInsertBlockIntoFreeList</STRONG> (Thumb, 96 bytes, Stack size 8 bytes, heap_4.o(i.prvInsertBlockIntoFreeList))
<BR><BR>[Stack]<UL><LI>Max Depth = 8<LI>Call Chain = prvInsertBlockIntoFreeList
</UL>
<BR>[Called By]<UL><LI><a href="#[e1]">&gt;&gt;</a>&nbsp;&nbsp;&nbsp;vPortFree
<LI><a href="#[f8]">&gt;&gt;</a>&nbsp;&nbsp;&nbsp;pvPortMalloc
</UL>

<P><STRONG><a name="[3b]"></a>prvTaskExitError</STRONG> (Thumb, 26 bytes, Stack size 0 bytes, port.o(i.prvTaskExitError))
<BR>[Address Reference Count : 1]<UL><LI> port.o(i.pxPortInitialiseStack)
</UL>
<P><STRONG><a name="[7e]"></a>RF_Sweep_step_Calculate</STRONG> (Thumb, 484 bytes, Stack size 304 bytes, hal_rf.o(i.RF_Sweep_step_Calculate))
<BR><BR>[Stack]<UL><LI>Max Depth = 304<LI>Call Chain = RF_Sweep_step_Calculate
</UL>
<BR>[Calls]<UL><LI><a href="#[93]">&gt;&gt;</a>&nbsp;&nbsp;&nbsp;mod
<LI><a href="#[64]">&gt;&gt;</a>&nbsp;&nbsp;&nbsp;__aeabi_memclr4
</UL>
<BR>[Called By]<UL><LI><a href="#[7d]">&gt;&gt;</a>&nbsp;&nbsp;&nbsp;Hal_RF_WaveGen
</UL>

<P><STRONG><a name="[ac]"></a>__NVIC_EnableIRQ</STRONG> (Thumb, 34 bytes, Stack size 0 bytes, hal_timer.o(i.__NVIC_EnableIRQ))
<BR><BR>[Called By]<UL><LI><a href="#[b3]">&gt;&gt;</a>&nbsp;&nbsp;&nbsp;TMRB0_Init
<LI><a href="#[aa]">&gt;&gt;</a>&nbsp;&nbsp;&nbsp;SysTick_Init
</UL>

<P><STRONG><a name="[ab]"></a>__NVIC_SetPriority</STRONG> (Thumb, 32 bytes, Stack size 8 bytes, hal_timer.o(i.__NVIC_SetPriority))
<BR><BR>[Stack]<UL><LI>Max Depth = 8<LI>Call Chain = __NVIC_SetPriority
</UL>
<BR>[Called By]<UL><LI><a href="#[b3]">&gt;&gt;</a>&nbsp;&nbsp;&nbsp;TMRB0_Init
<LI><a href="#[aa]">&gt;&gt;</a>&nbsp;&nbsp;&nbsp;SysTick_Init
</UL>

<P><STRONG><a name="[8b]"></a>Protocol_Analysis_Handle</STRONG> (Thumb, 3004 bytes, Stack size 40 bytes, usart_protocol.o(i.Protocol_Analysis_Handle))
<BR><BR>[Stack]<UL><LI>Max Depth = 108<LI>Call Chain = Protocol_Analysis_Handle &rArr; EFC_ReWrite &rArr; EFC_WriteInside1Page
</UL>
<BR>[Calls]<UL><LI><a href="#[71]">&gt;&gt;</a>&nbsp;&nbsp;&nbsp;EFC_ReWrite
<LI><a href="#[4e]">&gt;&gt;</a>&nbsp;&nbsp;&nbsp;WDT_RstNow
<LI><a href="#[8f]">&gt;&gt;</a>&nbsp;&nbsp;&nbsp;UART_Transmit_Bytes
<LI><a href="#[8e]">&gt;&gt;</a>&nbsp;&nbsp;&nbsp;Word2Byte
<LI><a href="#[8d]">&gt;&gt;</a>&nbsp;&nbsp;&nbsp;AsciiToDec
<LI><a href="#[4d]">&gt;&gt;</a>&nbsp;&nbsp;&nbsp;__2printf
<LI><a href="#[8c]">&gt;&gt;</a>&nbsp;&nbsp;&nbsp;memcmp
<LI><a href="#[64]">&gt;&gt;</a>&nbsp;&nbsp;&nbsp;__aeabi_memclr4
</UL>
<BR>[Called By]<UL><LI><a href="#[54]">&gt;&gt;</a>&nbsp;&nbsp;&nbsp;RecProtocol_Loop
</UL>

<P><STRONG><a name="[c0]"></a>_printf_core</STRONG> (Thumb, 984 bytes, Stack size 104 bytes, printf8.o(i._printf_core), UNUSED)
<BR><BR>[Calls]<UL><LI><a href="#[c1]">&gt;&gt;</a>&nbsp;&nbsp;&nbsp;_printf_pre_padding
<LI><a href="#[c2]">&gt;&gt;</a>&nbsp;&nbsp;&nbsp;_printf_post_padding
<LI><a href="#[41]">&gt;&gt;</a>&nbsp;&nbsp;&nbsp;__aeabi_uldivmod
</UL>
<BR>[Called By]<UL><LI><a href="#[bf]">&gt;&gt;</a>&nbsp;&nbsp;&nbsp;__0printf$8
</UL>

<P><STRONG><a name="[c2]"></a>_printf_post_padding</STRONG> (Thumb, 36 bytes, Stack size 24 bytes, printf8.o(i._printf_post_padding), UNUSED)
<BR><BR>[Called By]<UL><LI><a href="#[c0]">&gt;&gt;</a>&nbsp;&nbsp;&nbsp;_printf_core
</UL>

<P><STRONG><a name="[c1]"></a>_printf_pre_padding</STRONG> (Thumb, 46 bytes, Stack size 24 bytes, printf8.o(i._printf_pre_padding), UNUSED)
<BR><BR>[Called By]<UL><LI><a href="#[c0]">&gt;&gt;</a>&nbsp;&nbsp;&nbsp;_printf_core
</UL>
<P>
<H3>
Undefined Global Symbols
</H3><HR></body></html>
