<html>
<body>
<pre>
<h1>µVision Build Log</h1>
<h2>Tool Versions:</h2>
IDE-Version: ¦ÌVision V5.36.0.0
Copyright (C) 2021 ARM Ltd and ARM Germany GmbH. All rights reserved.
License Information:  ww xx, a, LIC=8VRJ7-E0YVS-DYDV3-AG4Q9-Z0PQ7-9LNRE
 
Tool Versions:
Toolchain:       MDK-ARM Plus  Version: 5.36.0.0
Toolchain Path:  D:\Keil\ARM\ARMCC\Bin
C Compiler:      Armcc.exe V5.06 update 7 (build 960)
Assembler:       Armasm.exe V5.06 update 7 (build 960)
Linker/Locator:  ArmLink.exe V5.06 update 7 (build 960)
Library Manager: ArmAr.exe V5.06 update 7 (build 960)
Hex Converter:   FromElf.exe V5.06 update 7 (build 960)
CPU DLL:         SARMCM3.DLL V5.36.0.0
Dialog DLL:      DCM.DLL V1.17.3.0
Target DLL:      Segger\JL2CM3.dll V2.99.40.0
Dialog DLL:      TCM.DLL V1.53.0.0
 
<h2>Project:</h2>
D:\Codes\4.0.1\1-SV4.0.1\4_APP\SKY32B750_RC6011C_AIP_4T4R_DataSample_USB3.0(EVB1_V3.1)SV4.0.1\Jupiter\Jupiter.uvprojx
Project File Date:  02/05/2026

<h2>Output:</h2>
*** Using Compiler 'V5.06 update 7 (build 960)', folder: 'D:\Keil\ARM\ARMCC\Bin'
Rebuild target 'Jupiter'
assembling startup_SKY32B750.s...
compiling dma.c...
compiling delay.c...
compiling ospi.c...
compiling mpu.c...
compiling gpio.c...
compiling efc.c...
compiling fadc.c...
compiling rtc.c...
compiling usci.c...
compiling wdt.c...
compiling system_SKY32B750.c...
compiling pinmux.c...
compiling event_groups.c...
compiling croutine.c...
compiling timerB.c...
compiling list.c...
compiling queue.c...
compiling bsp_GPIO.c...
compiling tasks.c...
compiling bsp_ADC.c...
compiling port.c...
compiling heap_4.c...
compiling timers.c...
compiling hal_RF.c...
compiling hal_Delay.c...
compiling bsp_UART.c...
compiling hal_BB.c...
compiling bsp_SPI.c...
compiling hal_RTC.c...
compiling hal_MPU.c...
compiling hal_DMA.c...
compiling hal_SysClk.c...
compiling hal_WDT.c...
compiling hal_OSPI.c...
compiling RF_Config.c...
compiling hal_Timer.c...
compiling BB_Config.c...
compiling Radar_Config.c...
compiling BB_PointCloudPack.c...
compiling Printf_Task.c...
compiling BB_Task.c...
compiling Usart_Protocol.c...
compiling ParamConfig.c...
compiling main.c...
compiling IRQ_Handler.c...
compiling BB_AlgProc.c...
linking...
Program Size: Code=32796 RO-data=4560 RW-data=352 ZI-data=20360  
FromELF: creating hex file...
".\Objects\Jupiter.axf" - 0 Error(s), 0 Warning(s).

<h2>Software Packages used:</h2>

Package Vendor: ARM
                http://www.keil.com/pack/ARM.CMSIS.5.8.0.pack
                ARM.CMSIS.5.8.0
                CMSIS (Common Microcontroller Software Interface Standard)

<h2>Collection of Component include folders:</h2>
  D:\Keil\Packs\ARM\CMSIS\5.8.0\Device\ARM\ARMCM7\Include

<h2>Collection of Component Files used:</h2>
Build Time Elapsed:  00:00:07
</pre>
</body>
</html>
